2026/03/09 13:57:00 NAV_DATA JSON: map[connection:map[downlink:5.5 rtt:75] platform:Win32 userAgent:Mozilla/5.0 (Windows NT 10.0; Win64; x64) AppleWebKit/537.36 (KHTML, like Gecko) Chrome/134.0.0.0 Safari/537.36]
2026/03/09 13:57:00 NAV_DATA JSON: map[connection:map[downlink:5.5 rtt:100] platform:Win32 userAgent:Mozilla/5.0 (Windows NT 10.0; Win64; x64) AppleWebKit/537.36 (KHTML, like Gecko) Chrome/134.0.0.0 Safari/537.36]
2026/03/09 13:57:00 NAV_DATA JSON: map[connection:map[downlink:5.5 rtt:125] platform:Win32 userAgent:Mozilla/5.0 (Windows NT 10.0; Win64; x64) AppleWebKit/537.36 (KHTML, like Gecko) Chrome/134.0.0.0 Safari/537.36]
2026/03/09 13:57:00 NAV_DATA JSON: map[connection:map[downlink:5.5 rtt:150] platform:Win32 userAgent:Mozilla/5.0 (Windows NT 10.0; Win64; x64) AppleWebKit/537.36 (KHTML, like Gecko) Chrome/134.0.0.0 Safari/537.36]
2026/03/09 13:57:00 NAV_DATA JSON: map[connection:map[downlink:5.5 rtt:87] platform:Win32 userAgent:Mozilla/5.0 (Windows NT 10.0; Win64; x64) AppleWebKit/537.36 (KHTML, like Gecko) Chrome/134.0.0.0 Safari/537.36]
2026/03/09 13:57:00 NAV_DATA JSON: map[connection:map[downlink:5.5 rtt:110] platform:Win32 userAgent:Mozilla/5.0 (Windows NT 10.0; Win64; x64) AppleWebKit/537.36 (KHTML, like Gecko) Chrome/134.0.0.0 Safari/537.36]
2026/03/09 13:57:00 NAV_DATA JSON: map[connection:map[downlink:5.5 rtt:133] platform:Win32 userAgent:Mozilla/5.0 (Windows NT 10.0; Win64; x64) AppleWebKit/537.36 (KHTML, like Gecko) Chrome/134.0.0.0 Safari/537.36]
2026/03/09 13:57:00 NAV_DATA JSON: map[connection:map[downlink:5.5 rtt:76] platform:Win32 userAgent:Mozilla/5.0 (Windows NT 10.0; Win64; x64) AppleWebKit/537.36 (KHTML, like Gecko) Chrome/134.0.0.0 Safari/537.36]
2026/03/09 13:57:00 NAV_DATA JSON: map[platform:Win32 screen_inner_width:1903 screen_outer_width:1920 userAgent:Mozilla/5.0 (Windows NT 10.0; Win64; x64) AppleWebKit/537.36 (KHTML, like Gecko) Chrome/134.0.0.0 Safari/537.36]
2026/03/09 13:57:00 NAV_DATA JSON: map[platform:Win32 screen_inner_width:2543 screen_outer_width:2560 userAgent:Mozilla/5.0 (Windows NT 10.0; Win64; x64) AppleWebKit/537.36 (KHTML, like Gecko) Chrome/134.0.0.0 Safari/537.36]
2026/03/09 13:57:00 NAV_DATA JSON: map[platform:Win32 screen_inner_width:1400 screen_outer_width:1920 userAgent:Mozilla/5.0 (Windows NT 10.0; Win64; x64) AppleWebKit/537.36 (KHTML, like Gecko) Chrome/134.0.0.0 Safari/537.36]
2026/03/09 13:57:00 NAV_DATA JSON: map[platform:Win32 screen_inner_width:1905 screen_outer_width:1922 userAgent:Mozilla/5.0 (Windows NT 10.0; Win64; x64) AppleWebKit/537.36 (KHTML, like Gecko) Chrome/134.0.0.0 Safari/537.36]
2026/03/09 13:57:00 NAV_DATA JSON: map[platform:Win32 screen_color_depth:24 screen_inner_width:1903 screen_outer_width:1920 userAgent:Mozilla/5.0 (Windows NT 10.0; Win64; x64) AppleWebKit/537.36 (KHTML, like Gecko) Chrome/134.0.0.0 Safari/537.36]
2026/03/09 13:57:00 NAV_DATA JSON: map[platform:Win32 screen_color_depth:32 screen_inner_width:1903 screen_outer_width:1920 userAgent:Mozilla/5.0 (Windows NT 10.0; Win64; x64) AppleWebKit/537.36 (KHTML, like Gecko) Chrome/134.0.0.0 Safari/537.36]
2026/03/09 13:57:00 NAV_DATA JSON: map[platform:Win32 screen_color_depth:24 screen_inner_width:1903 screen_outer_width:1920 userAgent:Mozilla/5.0 (Windows NT 10.0; Win64; x64) AppleWebKit/537.36 (KHTML, like Gecko) Chrome/134.0.0.0 Safari/537.36]
2026/03/09 13:57:00 NAV_DATA JSON: map[platform:Win32 screen_color_depth:30 screen_inner_width:1903 screen_outer_width:1920 userAgent:Mozilla/5.0 (Windows NT 10.0; Win64; x64) AppleWebKit/537.36 (KHTML, like Gecko) Chrome/134.0.0.0 Safari/537.36]
--- FAIL: TestCanvasPayloadLength (0.00s)
    --- FAIL: TestCanvasPayloadLength/short_44_chars (0.00s)
        shield_checks_test.go:344: canvas="short_44_chars": got detected=false, want true
2026/03/09 13:57:00 NAV_DATA JSON: map[languages:[en-US en] platform:Win32 productSub:20030107 userAgent:Mozilla/5.0 (Windows NT 10.0; Win64; x64) AppleWebKit/537.36]
2026/03/09 13:57:00 NAV_DATA JSON: map[languages:[en-US en] platform:Win32 productSub:20100101 userAgent:Mozilla/5.0 (Windows NT 10.0; Win64; x64; rv:128.0) Gecko/20100101 Firefox/128.0]
2026/03/09 13:57:00 NAV_DATA JSON: map[languages:[en-US en] platform:Win32 userAgent:Mozilla/5.0 (Windows NT 10.0; Win64; x64) AppleWebKit/537.36]
2026/03/09 13:57:00 NAV_DATA JSON: map[languages:[en-US en] maxTouchPoints:0 platform:Win32 userAgent:Mozilla/5.0 (Windows NT 10.0; Win64; x64) AppleWebKit/537.36]
2026/03/09 13:57:00 NAV_DATA JSON: map[languages:[en-US en] platform:Win32 userAgent:Mozilla/5.0 (Windows NT 10.0; Win64; x64) AppleWebKit/537.36]
2026/03/09 13:57:00 NAV_DATA JSON: map[languages:[en-US en] platform:Win32 userAgent:Mozilla/5.0 (Windows NT 10.0; Win64; x64) AppleWebKit/537.36]
2026/03/09 13:57:00 NAV_DATA JSON: map[appVersion:5.0 (Windows NT 10.0; Win64; x64) AppleWebKit/537.36 languages:[en-US en] platform:Win32 userAgent:Mozilla/5.0 (Windows NT 10.0; Win64; x64) AppleWebKit/537.36]
2026/03/09 13:57:00 NAV_DATA JSON: map[appVersion:5.0 (Macintosh; Intel Mac OS X 10_15_7) languages:[en-US en] platform:Win32 userAgent:Mozilla/5.0 (Windows NT 10.0; Win64; x64) AppleWebKit/537.36]
2026/03/09 13:57:00 NAV_DATA JSON: map[connection:map[downlink:5.5 rtt:75] languages:[en-US en] platform:Win32 userAgent:Mozilla/5.0 (Windows NT 10.0; Win64; x64) AppleWebKit/537.36]
2026/03/09 13:57:00 NAV_DATA JSON: map[connection:map[downlink:5.5 effectiveType:4g rtt:75] languages:[en-US en] platform:Win32 userAgent:Mozilla/5.0 (Windows NT 10.0; Win64; x64) AppleWebKit/537.36]
2026/03/09 13:57:00 NAV_DATA JSON: map[platform:Win32 webdriver:false]
2026/03/09 13:57:00 NAV_DATA JSON: map[platform:Win32 webdriver:false]
--- FAIL: TestCanvasIDATChunk (0.00s)
    --- FAIL: TestCanvasIDATChunk/valid_idat (0.00s)
        shield_checks_test.go:961: valid_idat: got detected=true, want false
2026/03/09 13:57:00 NAV_DATA JSON: map[connection:map[downlink:8 effectiveType:4g rtt:25] languages:[en-US en] platform:Win32 userAgent:Mozilla/5.0 (Windows NT 10.0; Win64; x64) AppleWebKit/537.36 (KHTML, like Gecko) Chrome/134.0.0.0 Safari/537.36]
2026/03/09 13:57:00 NAV_DATA JSON: map[connection:map[downlink:5 effectiveType:4g rtt:100] languages:[en-US en] platform:Win32 userAgent:Mozilla/5.0 (Windows NT 10.0; Win64; x64) AppleWebKit/537.36 (KHTML, like Gecko) Chrome/134.0.0.0 Safari/537.36]
2026/03/09 13:57:00 NAV_DATA JSON: map[connection:map[downlink:3 effectiveType:4g rtt:175] languages:[en-US en] platform:Win32 userAgent:Mozilla/5.0 (Windows NT 10.0; Win64; x64) AppleWebKit/537.36 (KHTML, like Gecko) Chrome/134.0.0.0 Safari/537.36]
2026/03/09 13:57:00 NAV_DATA JSON: map[connection:map[downlink:1.5 effectiveType:4g rtt:25] languages:[en-US en] platform:Win32 userAgent:Mozilla/5.0 (Windows NT 10.0; Win64; x64) AppleWebKit/537.36 (KHTML, like Gecko) Chrome/134.0.0.0 Safari/537.36]
2026/03/09 13:57:00 NAV_DATA JSON: map[connection:map[downlink:9 effectiveType:4g rtt:175] languages:[en-US en] platform:Win32 userAgent:Mozilla/5.0 (Windows NT 10.0; Win64; x64) AppleWebKit/537.36 (KHTML, like Gecko) Chrome/134.0.0.0 Safari/537.36]
2026/03/09 13:57:00 NAV_DATA JSON: map[languages:[en-US en] platform:Win32 userAgent:Mozilla/5.0 (Windows NT 10.0; Win64; x64) AppleWebKit/537.36 (KHTML, like Gecko) Chrome/134.0.0.0 Safari/537.36]
2026/03/09 13:57:00 NAV_DATA JSON: map[languages:[en-US en] platform:Win32 userAgent:Mozilla/5.0 (Windows NT 10.0; Win64; x64) AppleWebKit/537.36 (KHTML, like Gecko) Chrome/134.0.0.0 Safari/537.36]
2026/03/09 13:57:00 NAV_DATA JSON: map[languages:[en-US en] platform:Win32 userAgent:Mozilla/5.0 (Windows NT 10.0; Win64; x64; rv:128.0) Gecko/20100101 Firefox/128.0]
2026/03/09 13:57:00 NAV_DATA JSON: map[appVersion:5.0 Chrome/134.0.0.0 chrome:map[] connection:map[downlink:8.5 effectiveType:4g rtt:50] cookieEnabled:true deviceMemory:16 hardwareConcurrency:8 languages:[en-US en] maxTouchPoints:0 pdfViewerEnabled:true platform:Win32 productSub:20030107 screen_color_depth:24 screen_inner_width:1903 screen_outer_width:1920 timezone:America/New_York userAgent:Mozilla/5.0 Chrome/134.0.0.0 vendor:Google Inc. webdriver:false webdriverString:function () { [native code] }]
2026/03/09 13:57:00 NAV_DATA JSON: map[appVersion:5.0 Chrome/134.0.0.0 chrome:map[] chrome_app:map[] connection:map[downlink:8.5 effectiveType:4g rtt:50] cookieEnabled:true deviceMemory:16 hardwareConcurrency:8 languages:[en-US en] maxTouchPoints:0 pdfViewerEnabled:true platform:Win32 productSub:20030107 screen_color_depth:24 screen_inner_width:1903 screen_outer_width:1920 timezone:America/New_York userAgent:Mozilla/5.0 Chrome/134.0.0.0 vendor:Google Inc. webdriver:false webdriverString:function () { [native code] }]
2026/03/09 13:57:00 NAV_DATA JSON: map[appVersion:5.0 Chrome/134.0.0.0 chrome:map[] chrome_app:map[InstallState:map[] RunningState:map[] isInstalled:false] connection:map[downlink:8.5 effectiveType:4g rtt:50] cookieEnabled:true deviceMemory:16 hardwareConcurrency:8 languages:[en-US en] maxTouchPoints:0 pdfViewerEnabled:true platform:Win32 productSub:20030107 screen_color_depth:24 screen_inner_width:1903 screen_outer_width:1920 timezone:America/New_York userAgent:Mozilla/5.0 Chrome/134.0.0.0 vendor:Google Inc. webdriver:false webdriverString:function () { [native code] }]
2026/03/09 13:57:00 NAV_DATA JSON: map[appVersion:5.0 Chrome/134.0.0.0 chrome:map[] chrome_app:map[InstallState:map[] RunningState:map[] isInstalled:false] chrome_csi:map[pageT:2000] connection:map[downlink:8.5 effectiveType:4g rtt:50] cookieEnabled:true deviceMemory:16 hardwareConcurrency:8 languages:[en-US en] maxTouchPoints:0 pdfViewerEnabled:true platform:Win32 productSub:20030107 screen_color_depth:24 screen_inner_width:1903 screen_outer_width:1920 timezone:America/New_York userAgent:Mozilla/5.0 Chrome/134.0.0.0 vendor:Google Inc. webdriver:false webdriverString:function () { [native code] }]
2026/03/09 13:57:00 NAV_DATA JSON: map[appVersion:5.0 Chrome/134.0.0.0 chrome:map[] chrome_app:map[InstallState:map[] RunningState:map[] isInstalled:false] chrome_csi:map[pageT:2000] connection:map[downlink:8.5 effectiveType:4g rtt:50] cookieEnabled:true deviceMemory:16 hardwareConcurrency:8 languages:[en-US en] maxTouchPoints:0 pdfViewerEnabled:true performance_memory:map[jsHeapSizeLimit:4.294705152e+09 totalJSHeapSize:3.5e+07 usedJSHeapSize:9.9e+07] platform:Win32 productSub:20030107 screen_color_depth:24 screen_inner_width:1903 screen_outer_width:1920 timezone:America/New_York userAgent:Mozilla/5.0 Chrome/134.0.0.0 vendor:Google Inc. webdriver:false webdriverString:function () { [native code] }]
2026/03/09 13:57:00 NAV_DATA JSON: map[appVersion:5.0 Chrome/134.0.0.0 chrome:map[] chrome_app:map[InstallState:map[DISABLED:disabled] RunningState:map[RUNNING:running] isInstalled:false] chrome_csi:map[pageT:2000 startE:1.7095e+12] connection:map[downlink:8.5 effectiveType:4g rtt:50] cookieEnabled:true deviceMemory:16 hardwareConcurrency:8 languages:[en-US en] maxTouchPoints:0 pdfViewerEnabled:true performance_memory:map[jsHeapSizeLimit:4.294705152e+09 totalJSHeapSize:3.5e+07 usedJSHeapSize:2e+07] platform:Win32 productSub:20030107 screen_color_depth:24 screen_inner_width:1903 screen_outer_width:1920 timezone:America/New_York userAgent:Mozilla/5.0 Chrome/134.0.0.0 vendor:Google Inc. webdriver:false webdriverString:function () { [native code] }]
2026/03/09 13:57:00 NAV_DATA JSON: map[appVersion:5.0 Firefox/128.0 connection:map[downlink:8.5 effectiveType:4g rtt:50] cookieEnabled:true deviceMemory:16 hardwareConcurrency:8 languages:[en-US en] maxTouchPoints:0 pdfViewerEnabled:false platform:Win32 productSub:20100101 screen_color_depth:24 screen_inner_width:1903 screen_outer_width:1920 timezone:America/New_York userAgent:Mozilla/5.0 Firefox/128.0 vendor: webdriver:false webdriverString:function () { [native code] }]
2026/03/09 13:57:00 NAV_DATA JSON: map[media_query_hover:hover]
2026/03/09 13:57:00 NAV_DATA JSON: map[media_query_hover:none]
2026/03/09 13:57:00 NAV_DATA JSON: map[]
2026/03/09 13:57:00 NAV_DATA JSON: map[media_query_hover:none]
2026/03/09 13:57:00 NAV_DATA JSON: map[hardwareConcurrency:8]
2026/03/09 13:57:00 NAV_DATA JSON: map[hardwareConcurrency:4]
2026/03/09 13:57:00 NAV_DATA JSON: map[hardwareConcurrency:12]
2026/03/09 13:57:00 NAV_DATA JSON: map[hardwareConcurrency:4]
2026/03/09 13:57:00 NAV_DATA JSON: map[hardwareConcurrency:4]
2026/03/09 13:57:00 NAV_DATA JSON: map[media_query_pointer:none]
2026/03/09 13:57:00 NAV_DATA JSON: map[media_query_any_pointer:coarse]
2026/03/09 13:57:00 NAV_DATA JSON: map[plugins:[map[filename:pdf-viewer.dll name:PDF Viewer]]]
2026/03/09 13:57:00 NAV_DATA JSON: map[media_query_any_pointer:fine media_query_pointer:fine plugins:[map[filename:internal-pdf-viewer name:PDF Viewer]]]
--- FAIL: TestPhase51Gaps (0.00s)
    --- FAIL: TestPhase51Gaps/Suspicious_Plugin_Filename_on_Chrome (0.00s)
        shield_checks_test.go:1594: did not find indicator suspicious_plugin_filename in [{HTTP Headers Accept 0.85 HTTP Headers indicator: Accept } {HTTP Headers Accept-Language 0.85 HTTP Headers indicator: Accept-Language } {HTTP Headers Sec-Fetch-* 0.85 HTTP Headers indicator: Sec-Fetch-* } {HTTP Headers Sec-Ch-Ua* 0.85 HTTP Headers indicator: Sec-Ch-Ua* } {HTTP Headers too_few_headers 0.85 HTTP Headers indicator: too_few_headers } {Navigator Properties missing_webdriver_toString 5.2 Navigator Properties indicator: missing_webdriver_toString } {Navigator Properties missing_chrome_runtime 5.2 Navigator Properties indicator: missing_chrome_runtime } {Navigator Properties missing_chrome_app 5.2 Navigator Properties indicator: missing_chrome_app } {Navigator Properties missing_chrome_csi 5.2 Navigator Properties indicator: missing_chrome_csi } {Navigator Properties missing_performance_memory 5.2 Navigator Properties indicator: missing_performance_memory } {Navigator Properties missing_chrome_loadTimes 5.2 Navigator Properties indicator: missing_chrome_loadTimes } {Navigator Properties missing_navigator_languages 5.2 Navigator Properties indicator: missing_navigator_languages } {Navigator Properties missing_navigator_productSub 5.2 Navigator Properties indicator: missing_navigator_productSub } {Navigator Properties missing_navigator_maxTouchPoints 5.2 Navigator Properties indicator: missing_navigator_maxTouchPoints } {Navigator Properties missing_navigator_appVersion 5.2 Navigator Properties indicator: missing_navigator_appVersion } {Navigator Properties missing_timezone 5.2 Navigator Properties indicator: missing_timezone } {Navigator Properties missing_navigator_keyboard 5.2 Navigator Properties indicator: missing_navigator_keyboard } {Navigator Properties missing_notification_permission 5.2 Navigator Properties indicator: missing_notification_permission } {Navigator Properties missing_media_query_hover 5.2 Navigator Properties indicator: missing_media_query_hover } {Navigator Properties missing_storage_quota 5.2 Navigator Properties indicator: missing_storage_quota } {Navigator Properties missing_storage_persistence 5.2 Navigator Properties indicator: missing_storage_persistence } {Navigator Properties empty_media_devices 5.2 Navigator Properties indicator: empty_media_devices } {Navigator Properties missing_webrtc 5.2 Navigator Properties indicator: missing_webrtc } {Navigator Properties missing_navigator_userAgentData 5.2 Navigator Properties indicator: missing_navigator_userAgentData } {Navigator Properties missing_navigator_userActivation 5.2 Navigator Properties indicator: missing_navigator_userActivation } {Navigator Properties missing_navigator_scheduling 5.2 Navigator Properties indicator: missing_navigator_scheduling } {Navigator Properties missing_navigator_locks 5.2 Navigator Properties indicator: missing_navigator_locks } {Canvas/WebGL Fingerprint missing_canvas_data 0.35 Canvas/WebGL Fingerprint indicator: missing_canvas_data } {Timing Anomalies missing_timing_data 0.4 Timing Anomalies indicator: missing_timing_data } {Behavioral Patterns missing_behavioral_data 0.5 Behavioral Patterns indicator: missing_behavioral_data } {Automation Detection Automation-Chrome-Runtime: chrome.runtime missing 0.25 Automation Detection indicator: Automation-Chrome-Runtime: chrome.runtime missing } {Automation Detection Automation-Accept-Header: Generic Accept header (*/*) is suspicious 0.25 Automation Detection indicator: Automation-Accept-Header: Generic Accept header (*/*) is suspicious } {Headless Detection Headless-No-LoadTimes: chrome.loadTimes() not detected — indicates non-standard Chrome environment 0.3 Headless Detection indicator: Headless-No-LoadTimes: chrome.loadTimes() not detected — indicates non-standard Chrome environment } {Audio Analysis missing_audio_data 0.45 Audio Analysis indicator: missing_audio_data }]
2026/03/09 13:57:00 NAV_DATA JSON: map[gpu_present:false]
2026/03/09 13:57:00 NAV_DATA JSON: map[Notification_permission:default permissions_notifications_state:denied]
2026/03/09 13:57:00 NAV_DATA JSON: map[Notification_permission:default gpu_present:true permissions_notifications_state:default]
2026/03/09 13:57:00 NAV_DATA JSON: map[]
2026/03/09 13:57:00 NAV_DATA JSON: map[]
2026/03/09 13:57:00 NAV_DATA JSON: map[screen_inner_height:1080 screen_inner_width:1920 screen_orientation:portrait-primary]
2026/03/09 13:57:00 NAV_DATA JSON: map[screen_inner_height:1920 screen_inner_width:1080 screen_orientation:landscape-primary]
2026/03/09 13:57:00 NAV_DATA JSON: map[screen_inner_height:1080 screen_inner_width:1920 screen_orientation:landscape-primary]
2026/03/09 13:57:00 NAV_DATA JSON: map[battery_status:map[charging:true chargingTime:0 dischargingTime:1e+308 level:1]]
2026/03/09 13:57:00 NAV_DATA JSON: map[storage_quota:524288]
2026/03/09 13:57:00 NAV_DATA JSON: map[]
2026/03/09 13:57:00 NAV_DATA JSON: map[battery_status:map[charging:false chargingTime:0 dischargingTime:12000 level:0.75] storage_quota:5.36870912e+11]
2026/03/09 13:57:00 NAV_DATA JSON: map[media_devices:[]]
2026/03/09 13:57:00 NAV_DATA JSON: map[media_devices:[map[deviceId: groupId:some-group kind:audioinput label:Internal Microphone]]]
2026/03/09 13:57:00 NAV_DATA JSON: map[media_devices:[map[deviceId:short-id groupId:some-group-id-which-is-also-short kind:audioinput label:Internal Microphone]]]
2026/03/09 13:57:00 NAV_DATA JSON: map[media_devices:[map[deviceId:0123456789abcdef0123456789abcdef0123456789abcdef0123456789abcdef groupId:abcdef0123456789abcdef0123456789abcdef0123456789abcdef0123456789 kind:audioinput label:Internal Microphone]]]
2026/03/09 13:57:00 NAV_DATA JSON: map[webrtc_data:<nil>]
2026/03/09 13:57:00 NAV_DATA JSON: map[webrtc_data:map[ice_candidates:[]]]
2026/03/09 13:57:00 NAV_DATA JSON: map[webrtc_data:map[ice_candidates:[192.168.1.1]]]
2026/03/09 13:57:00 NAV_DATA JSON: map[webrtc_data:map[ice_candidates:[candidate:0 1 UDP 2122252543 12345678-1234-4321-abcd-1234567890ab.local 58349 typ host]]]

╔═══════════════════════════════════════════════════════════════════════════╗
║                    SHIELD EFFECTIVENESS EVALUATION                        ║
╚═══════════════════════════════════════════════════════════════════════════╝

━━━ Detection Coverage Matrix ━━━

Profile                      │ Score │ Bot │     http │ automati │ fingerpr │
──────────────────────────────────────────────────────────────────────
bare_curl                    │ 0.852 │ !!  │    0.900 │    0.450 │     -    │
python_requests              │ 0.852 │ !!  │    0.900 │    0.450 │     -    │
headless_chrome_raw          │ 0.971 │ !!  │    1.000 │    0.700 │     -    │
selenium_basic               │ 0.720 │ !!  │    0.650 │     -    │     -    │
stealth_no_client_hints      │ 0.120 │     │   0.150  │     -    │     -    │
stealth_with_hints           │ 0.500 │ !!  │     -    │     -    │    0.500 │
stealth_full_chrome          │ 0.500 │ !!  │     -    │     -    │    0.500 │
stealth_firefox_impersonate  │ 0.000 │     │     -    │     -    │     -    │
go_http_default              │ 0.687 │ !!  │    0.900 │   0.200  │     -    │
playwright_stealth           │ 0.500 │ !!  │     -    │     -    │    0.500 │

━━━ Detailed Indicators ━━━

[DETECTED] bare_curl (score=0.852)
    - Accept
    - Accept-Language
    - suspicious_ua_curl
    - too_few_headers
    - Automation-UA-Keyword: User-Agent contains automation keyword: curl
    - Automation-Accept-Header: Generic Accept header (*/*) is suspicious

[DETECTED] python_requests (score=0.852)
    - Accept-Language
    - suspicious_ua_python
    - generic_accept_header
    - too_few_headers
    - Automation-UA-Keyword: User-Agent contains automation keyword: python
    - Automation-Accept-Header: Generic Accept header (*/*) is suspicious

[DETECTED] headless_chrome_raw (score=0.971)
    - Sec-Fetch-*
    - Sec-Ch-Ua*
    - suspicious_ua_headless
    - webdriver_exposed
    - Automation-UA-Keyword: User-Agent contains automation keyword: headlesschrome

[DETECTED] selenium_basic (score=0.720)
    - Sec-Fetch-*
    - Sec-Ch-Ua*
    - webdriver_exposed

[PASS] stealth_no_client_hints (score=0.120)
    (no indicators triggered)

[DETECTED] stealth_with_hints (score=0.500)
    - http_impersonation_no_js_context

[DETECTED] stealth_full_chrome (score=0.500)
    - http_impersonation_no_js_context

[PASS] stealth_firefox_impersonate (score=0.000)
    (no indicators triggered)

[DETECTED] go_http_default (score=0.687)
    - Accept
    - Accept-Language
    - suspicious_ua_go-http-client
    - too_few_headers

[DETECTED] playwright_stealth (score=0.500)
    - http_impersonation_no_js_context

━━━ Blind Spot Analysis ━━━

Profiles that SHOULD be detected: 8
  http        : 5/8 caught ( 62.5%) ████████████
  automation  : 3/8 caught ( 37.5%) ███████
  fingerprint_coverage: 3/8 caught ( 37.5%) ███████

━━━ False Negative Analysis (evasions that pass as human) ━━━

  FALSE NEGATIVE: stealth_no_client_hints (score=0.120)
    Description: Spoofed UA, removed webdriver, but missing client hints

━━━ Evasion Success Analysis (stealth profiles that evade) ━━━

  [EVADED] stealth_no_client_hints      score=0.120
  [CAUGHT] stealth_with_hints           score=0.500
  [CAUGHT] stealth_full_chrome          score=0.500
  [EVADED] stealth_firefox_impersonate  score=0.000
  [CAUGHT] playwright_stealth           score=0.500

━━━ Summary ━━━
  Total profiles:  10
  Detected as bot: 8
  Passed as human: 2
  Detection rate:  80.0%

━━━ New Shield Analyzer Effectiveness ━━━

  Scenario                 │ Score │ Bot │ Indicators
  ──────────────────────────────────────────────────────────────────────
  selenium_bot             │ 1.000 │ !!  │ interval_entropy_low, zero_curvature_variance, no_micro_tremors, mouse_velocity_lag2_anomaly, uniform_keystroke_intervals, digraph_timing_anomaly
  puppeteer_humanized      │ 0.450 │ !!  │ zero_curvature_variance, no_micro_tremors
  real_human               │ 0.000 │     │ (none)

  WebGL Scenario           │ Score │ Bot │ Indicators
  ──────────────────────────────────────────────────────────────────────
  headless_swiftshader     │ 1.000 │ !!  │ renderer_platform_mismatch, software_renderer, missing_max_texture_size, missing_shading_version, missing_webgl_viewport_dims, missing_webgl_extensions
  spoofed_gpu              │ 1.000 │ !!  │ spoofed_renderer, missing_max_texture_size, missing_shading_version, missing_webgl_viewport_dims, missing_webgl_extensions
  real_nvidia_win          │ 1.000 │ !!  │ missing_max_texture_size, missing_shading_version, missing_webgl_viewport_dims, missing_webgl_extensions
  real_apple_mac           │ 1.000 │ !!  │ missing_max_texture_size, missing_shading_version, missing_webgl_viewport_dims, missing_webgl_extensions
  cross_platform_spoof     │ 1.000 │ !!  │ renderer_platform_mismatch, missing_max_texture_size, missing_shading_version, missing_webgl_viewport_dims, missing_webgl_extensions

  Timing Scenario          │ Score │ Bot │ Indicators
  ──────────────────────────────────────────────────────────────────────
  scraper_fixed_100ms      │ 1.000 │ !!  │ zero_ttfb, fixed_intervals, broken_referrer_chain, too_few_timing_entries
  scraper_burst            │ 1.000 │ !!  │ zero_ttfb, fixed_intervals, broken_referrer_chain, too_few_timing_entries, too_fast_gaps
  real_browser_load        │ 0.567 │ !!  │ zero_ttfb, too_few_timing_entries

  Adaptive Scorer: Weight evolution after bypass learning
  ──────────────────────────────────────────────────
  Vector       │  Initial │ Adjusted │    Delta │ Bypass%
  ────────────────────────────────────────────────────────────
  tls          │   1.0000 │   0.1000 │ -0.9000 │   0.0%
  http         │   1.0000 │   2.0000 │ +1.0000 │ 100.0%
  behavioral   │   1.2000 │   0.1839 │ -1.0161 │  34.0%
  navigator    │   1.0000 │   1.0000 │ +0.0000 │   0.0%
  canvas       │   1.0000 │   1.0000 │ +0.0000 │   0.0%


━━━ Full-Stack Shield Evaluation (with behavioral + timing data) ━━━

  Profile                                  │ Score │ Bot │  Expect │ Vectors
  ──────────────────────────────────────────────────────────────────────────────────────────
  selenium_bot_with_behavioral             │ 0.817 │ !!  │     BOT │ behavioral(1.00), fingerprint_coverage(0.27)
  stealth_chrome_with_humanlike_behavior   │ 0.327 │     │   human │ fingerprint_coverage(0.27)
  stealth_chrome_with_bot_behavior         │ 0.817 │ !!  │     BOT │ behavioral(1.00), fingerprint_coverage(0.27)


Entropy values (threshold: low<1.5, high>4.5):
  All identical:       0.0000
  Slightly varied:     1.9219
  Moderately varied:   2.7255
  Highly varied:       1.8800

━━━ Full Pipeline Detection Test ━━━

  Profile                             │ Score │ Bot │  Expect │ Vectors
  ──────────────────────────────────────────────────────────────────────────────────────────
  webgl_swiftshader_spoofed           │ 0.971 │ !!  │     BOT │ canvas(0.35), webgl(1.00), timing(0.40), behavioral(0.50), audio(0.45), fingerprint_coverage(0.27)
  timing_fixed_100ms                  │ 0.786 │ !!  │     BOT │ timing(1.00), isomorphic(0.25), fingerprint_coverage(0.27)
  headless_no_window_chrome           │ 0.910 │ !!  │     BOT │ canvas(0.35), timing(0.40), behavioral(0.50), screen(0.85), audio(0.45), fingerprint_coverage(0.27)
  datacenter_ip_aws                   │ 0.000 │     │   human │ (none)
  empty_plugins_headless_chrome       │ 0.960 │ !!  │     BOT │ canvas(0.35), timing(0.40), behavioral(0.50), screen(1.00), plugin(0.35), audio(0.45), fingerprint_coverage(0.24)
  minimal_fonts_headless              │ 0.925 │ !!  │     BOT │ canvas(0.35), timing(0.40), behavioral(0.50), font(0.90), audio(0.45), fingerprint_coverage(0.27)
2026/03/09 13:57:00 NAV_DATA JSON: map[appVersion:5.0 (Windows NT 10.0; Win64; x64) AppleWebKit/537.36 (KHTML, like Gecko) Chrome/134.0.0.0 Safari/537.36 chrome:map[] chrome_app:map[InstallState:map[DISABLED:disabled INSTALLED:installed NOT_INSTALLED:not_installed] RunningState:map[CANNOT_RUN:cannot_run READY_TO_RUN:ready_to_run RUNNING:running] isInstalled:false] chrome_csi:map[onloadT:2500 pageT:2000 startE:1.7095e+12 tran:15] connection:map[downlink:8.5 effectiveType:4g rtt:50] cookieEnabled:true deviceMemory:16 hardwareConcurrency:8 languages:[en-US en] maxTouchPoints:0 pdfViewerEnabled:true performance_memory:map[jsHeapSizeLimit:4.294705152e+09 totalJSHeapSize:3.5e+07 usedJSHeapSize:2e+07] platform:Win32 productSub:20030107 screen_color_depth:24 screen_inner_width:1900 screen_outer_width:1920 timezone:America/New_York userAgent:Mozilla/5.0 (Windows NT 10.0; Win64; x64) AppleWebKit/537.36 (KHTML, like Gecko) Chrome/134.0.0.0 Safari/537.36 vendor:Google Inc. webdriver:false webdriverString:function () { [native code] }]
  stealth_perfect_all_vectors         │ 1.000 │ !!  │     BOT │ navigator(3.40), webgl(0.70), timing(0.40), isomorphic(0.25), audio(0.40)

2026/03/09 13:57:00 NAV_DATA JSON: map[Notification_permission:default appVersion:5.0 (Windows NT 10.0; Win64; x64) AppleWebKit/537.36 (KHTML, like Gecko) Chrome/134.0.0.0 Safari/537.36 chrome:map[] chrome_app:map[InstallState:map[DISABLED:disabled INSTALLED:installed NOT_INSTALLED:not_installed] RunningState:map[CANNOT_RUN:cannot_run READY_TO_RUN:ready_to_run RUNNING:running] isInstalled:false] chrome_csi:map[onloadT:2500 pageT:2000 startE:1.7095e+12 tran:15] chrome_loadTimes:map[commitLoadTime:1.7095000003e+09 connectionInfo:h2 finishDocumentLoadTime:1.7095000009e+09 finishLoadTime:1.7095000012e+09 firstPaintAfterLoadTime:0 firstPaintTime:1.7095000006e+09 navigationType:Other npnNegotiatedProtocol:h2 requestTime:1.7095e+09 startLoadTime:1.70950000015e+09 wasAlternateProtocolAvailable:false wasFetchedViaSpdy:true wasNpnNegotiated:true] connection:map[downlink:8.5 effectiveType:4g rtt:50 saveData:false] cookieEnabled:true deviceMemory:8 hardwareConcurrency:8 keyboard:map[] languages:[en-US en] maxTouchPoints:0 pdfViewerEnabled:true performance_memory:map[jsHeapSizeLimit:4.294705152e+09 totalJSHeapSize:3.5e+07 usedJSHeapSize:2e+07] platform:Win32 productSub:20030107 screen_color_depth:24 screen_inner_width:1903 screen_outer_width:1920 timezone:America/New_York userAgent:Mozilla/5.0 (Windows NT 10.0; Win64; x64) AppleWebKit/537.36 (KHTML, like Gecko) Chrome/134.0.0.0 Safari/537.36 vendor:Google Inc. webdriver:false webdriverString:function () { [native code] }]
  Triggered vectors:
    navigator: 2.000 [missing_media_query_hover missing_storage_quota missing_storage_persistence empty_media_devices missing_webrtc missing_navigator_userAgentData missing_navigator_userActivation missing_navigator_scheduling missing_navigator_locks]
    audio: 0.400 [missing_audio_worklet]
--- FAIL: TestSwordDoesNotTrigger (0.00s)
    shield_eval_test.go:1088: perfect stealth request should pass (score < 0.35), got 1.000
    shield_eval_test.go:1098: perfect stealth request should not be classified as bot
2026/03/09 13:57:00 NAV_DATA JSON: map[hardwareConcurrency:8 languages:[en-US en] platform:MacIntel vendor:Google Inc. webdriver:false]
2026/03/09 13:57:00 NAV_DATA JSON: map[puppeteer:true webdriver:true]
2026/03/09 13:57:00 NAV_DATA JSON: map[platform:MacIntel webdriver:false]
2026/03/09 13:57:00 NAV_DATA JSON: map[webdriver:true]
2026/03/09 13:57:00 NAV_DATA JSON: map[webdriver:false]
2026/03/09 13:57:00 NAV_DATA JSON: map[languages:[en-US en] platform:MacIntel vendor:Google Inc. webdriver:false]
2026/03/09 13:57:00 NAV_DATA JSON: map[webdriver:true]
2026/03/09 13:57:00 NAV_DATA JSON: map[platform:MacIntel webdriver:false]
2026/03/09 13:57:00 NAV_DATA JSON: map[webdriver:true]
2026/03/09 13:57:00 NAV_DATA JSON: map[webdriver:false]
2026/03/09 13:57:00 NAV_DATA JSON: map[webdriver:false]

============================================================
DETAILED DETECTION TRACE
============================================================
Request ID: Sec-Ch-Ua-Platform: "macOS"
Timestamp: 2026-03-09T13:57:00+10:30

Final Score: 0.19
Decision: ✅ ALLOWED

------------------------------------------------------------
ALL CHECKS:
------------------------------------------------------------
✅ [http] User-Agent-Exists
    Details: User-Agent header must be present
    Raw: Mozilla/5.0 (Macintosh; Intel Mac OS X 10_15_7) AppleWebKit/537.36 Chrome/120.0.0.0 Safari/537.36
    Score: +0.00
✅ [http] User-Agent-Clean
    Details: User-Agent must not contain automation keywords
    Raw: Mozilla/5.0 (Macintosh; Intel Mac OS X 10_15_7) AppleWebKit/537.36 Chrome/120.0.0.0 Safari/537.36
    Score: +0.00
✅ [http] Accept-Header
    Details: Accept header must be present
    Raw: text/html,application/xhtml+xml,application/xml;q=0.9,*/*;q=0.8
    Score: +0.00
✅ [http] Accept-Language-Header
    Details: Accept-Language header must be present
    Raw: en-US,en;q=0.5
    Score: +0.00
✅ [http] Client-Hints-Present
    Details: Sec-CH-UA headers must be present
    Raw: Sec-Ch-Ua: "Not_A Brand";v="8", "Chromium";v="120", Sec-Ch-Ua-Platform: "macOS"
    Score: +0.00
✅ [http] Client-Hints-Consistency
    Details: Sec-Ch-Ua must match User-Agent platform
    Raw: UA: Mozilla/5.0 (Macintosh; Intel Mac OS X 10_15_7) AppleWebKit/537.36 Chrome/120.0.0.0 Safari/537.36, Platform: "macOS"
    Score: +0.00
✅ [http] Header-Count
    Details: At least 8 headers required
    Raw: 8
    Score: +0.00
❌ [navigator] Navigator-Chrome-Runtime
    Details: chrome.runtime is missing (suspicious)
    Raw: missing
    Score: +0.40
❌ [navigator] Navigator-Property-Count
    Details: Too few navigator properties: 5 (real browser has 15+)
    Raw: 5
    Score: +0.30
❌ [canvas] Canvas-Randomization
    Details: Canvas fingerprint has randomization/noise (stealth mode detected)
    Raw: randomized=true,hash=c2hha3Mte3M3MTE=
    Score: +0.60
❌ [behavioral] Behavioral-Mouse-Variance
    Details: Zero mouse movement variance (mechanical/automation)
    Raw: 0.0
    Score: +0.60
❌ [behavioral] Behavioral-Typing-Variance
    Details: Zero typing variance (mechanical typing)
    Raw: 0.0
    Score: +0.50
❌ [behavioral] Behavioral-Mouse-Linearity
    Details: Perfectly linear mouse movement (1.00)
    Raw: 1.000000
    Score: +0.50
✅ [consistency] Fingerprint-Platform-Consistency
    Details: Platform in User-Agent should match Sec-CH-UA-Platform
    Raw: UA: macOS, CH: macOS
    Score: +0.00
❌ [consistency] Fingerprint-ClientHints-Complete
    Details: All Client Hints should be present for fingerprinting
    Raw: CH: true, Platform: true, Mobile: false
    Score: +0.20
❌ [consistency] Fingerprint-Header-Diversity
    Details: Real browsers send many headers
    Raw: 8 headers
    Score: +0.10
✅ [consistency] Fingerprint-Accept-Quality
    Details: Accept header should either have quality values or be absent
    Raw: text/html,application/xhtml+xml,application/xml;q=0.9,*/*;q=0.8
    Score: +0.00

!!!!!!!!!!!!!!!!!!!!!!!!!!!!!!!!!!!!!!!!!!!!!!!!!!!!!!!!!!!!
FAILED CHECKS (Detection Reasons):
!!!!!!!!!!!!!!!!!!!!!!!!!!!!!!!!!!!!!!!!!!!!!!!!!!!!!!!!!!!!

1. [high] Navigator-Chrome-Runtime
   Reason: chrome.runtime is missing (suspicious)
   This added 0.40 to the detection score

2. [medium] Navigator-Property-Count
   Reason: Too few navigator properties: 5 (real browser has 15+)
   This added 0.30 to the detection score

3. [critical] Canvas-Randomization
   Reason: Canvas fingerprint has randomization/noise (stealth mode detected)
   This added 0.60 to the detection score

4. [critical] Behavioral-Mouse-Variance
   Reason: Zero mouse movement variance (mechanical/automation)
   This added 0.60 to the detection score

5. [critical] Behavioral-Typing-Variance
   Reason: Zero typing variance (mechanical typing)
   This added 0.50 to the detection score

6. [critical] Behavioral-Mouse-Linearity
   Reason: Perfectly linear mouse movement (1.00)
   This added 0.50 to the detection score

7. [medium] Fingerprint-ClientHints-Complete
   Reason: All Client Hints should be present for fingerprinting
   This added 0.20 to the detection score

8. [low] Fingerprint-Header-Diversity
   Reason: Real browsers send many headers
   This added 0.10 to the detection score

============================================================
RAW HEADERS:
============================================================
  Accept-Language: en-US,en;q=0.5
  Sec-Ch-Ua: "Not_A Brand";v="8", "Chromium";v="120"
  Sec-Ch-Ua-Platform: "macOS"
  X-Navigator-Data: {"hardwareConcurrency":8,"languages":["en-US","en"],"platform":"MacIntel","vendor":"Google Inc.","webdriver":false}
  X-Canvas-Fingerprint: randomized=true,hash=c2hha3Mte3M3MTE=
  X-Behavioral-Data: {"mouseEvents":5,"mouseStdDev":0,"mouseStraightness":1,"typingEvents":10,"typingStdDev":0}
  User-Agent: Mozilla/5.0 (Macintosh; Intel Mac OS X 10_15_7) AppleWebKit/537.36 Chrome/120.0.0.0 Safari/537.36
  Accept: text/html,application/xhtml+xml,application/xml;q=0.9,*/*;q=0.8


=== Fingerprint Test Results ===
[PASS] Valid Chrome browser
      Score: 0.00 | Detected: false
      Vectors:

[FAIL] Missing Accept header
      Score: 0.40 | Detected: true
      Vectors:
        - HTTP Fingerprint: 0.60
            * Missing Accept header
            * Missing Client Hints

[FAIL] Suspicious User-Agent
      Score: 0.60 | Detected: true
      Vectors:
        - HTTP Fingerprint: 0.80
            * Suspicious User-Agent: contains 'curl'
            * Missing Client Hints

[PASS] Inconsistent Client Hints
      Score: 0.30 | Detected: false
      Vectors:

Summary: 2 passed, 2 failed
2026/03/09 13:57:00 NAV_DATA JSON: map[Notification_permission:default appVersion:5.0 (Windows NT 10.0; Win64; x64) AppleWebKit/537.36 (KHTML, like Gecko) Chrome/134.0.0.0 Safari/537.36 audio_worklet_available:true battery_status:map[charging:true chargingTime:0 dischargingTime:1e+308 level:1] chrome:map[] chrome_app:map[InstallState:map[DISABLED:disabled INSTALLED:installed NOT_INSTALLED:not_installed] RunningState:map[CANNOT_RUN:cannot_run READY_TO_RUN:ready_to_run RUNNING:running] isInstalled:false] chrome_csi:map[onloadT:3136 pageT:2438 startE:1.773026818047e+12 tran:15] chrome_loadTimes:map[commitLoadTime:1.7730268184979527e+09 connectionInfo:h2 finishDocumentLoadTime:1.7730268191998758e+09 finishLoadTime:1.7730268193918197e+09 firstPaintAfterLoadTime:0 firstPaintTime:1.773026818770352e+09 navigationType:Other npnNegotiatedProtocol:h2 requestTime:1.7730268180470614e+09 startLoadTime:1.77302681815298e+09 wasAlternateProtocolAvailable:false wasFetchedViaSpdy:true wasNpnNegotiated:true] connection:map[downlink:4.66584869260365 effectiveType:4g rtt:48.43768567086573] cookieEnabled:true deviceMemory:16 gpu_present:true hardwareConcurrency:8 intl_locale:en-US intl_timezone:America/New_York keyboard:map[] language:en-US languages:[en-US en] locks:map[] maxTouchPoints:0 media_devices:[map[deviceId:1e68c07b30ccbf4907f7d462e99342528e33b1fff2c9802d9642f1b8709c9a6d groupId:578c1a92dd28a3a1de4afe21a2df22a102557ce4122449b4cc35e359bd270c3e kind:audioinput label:Internal Microphone] map[deviceId:default groupId:578c1a92dd28a3a1de4afe21a2df22a102557ce4122449b4cc35e359bd270c3e kind:audiooutput label:Default - Speakers] map[deviceId:f9f2684b240224c60494435b1bcfc0d496971153223c8e3a6c67a6eb1267c79f groupId:578c1a92dd28a3a1de4afe21a2df22a102557ce4122449b4cc35e359bd270c3e kind:audiooutput label:Built-in Output] map[deviceId:70da1fdcfd472e61aedbf0a9df0f3ae6d1208903fca97dbe5c4c73efa6cb2fd8 groupId:2637081e3d90b01f806fbc7ff04f9942f1612f561e51d995d7efd9849f6c7e8a kind:videoinput label:FaceTime HD Camera]] media_query_any_hover:hover media_query_any_pointer:none media_query_hover:hover media_query_pointer:none offscreen_canvas_available:true pdfViewerEnabled:true performance_memory:map[jsHeapSizeLimit:4.294704698e+09 totalJSHeapSize:8.1364168e+07 usedJSHeapSize:5.3350218e+07] permissions_notifications_state:denied platform:Win32 productSub:20030107 scheduling:map[isInputPending:false] screen_color_depth:24 screen_inner_height:497 screen_inner_width:1355 screen_orientation:landscape-primary screen_outer_height:559 screen_outer_width:1370 storage_persisted:false storage_quota:2.6490534143e+11 storage_usage:2.05520896e+08 timezone:America/New_York userActivation:map[hasBeenActive:false isActive:false] userAgent:Mozilla/5.0 (Windows NT 10.0; Win64; x64) AppleWebKit/537.36 (KHTML, like Gecko) Chrome/134.0.0.0 Safari/537.36 userAgentData:map[brands:[map[brand:Chromium version:116] map[brand:Not)A;Brand version:24] map[brand:Google Chrome version:116]] mobile:false platform:windows uaFullVersion:116.0.0.0] vendor:Google Inc. webdriver:false webdriverString:function () { [native code] }]
Naked Chrome 134 Windows -> Score: 1.000
  Caught: improbable_device_memory: 16.0 (expected <= 8)
  Caught: non_quantized_network_rtt: 48ms
  Caught: non_quantized_network_downlink: 4.6658Mbps
  Caught: missing_webgl_viewport_dims
  Caught: insufficient_webgl_extensions
  Caught: suspicious_taskbar_gap
2026/03/09 13:57:00 NAV_DATA JSON: map[Notification_permission:default appVersion:5.0 (Windows NT 10.0; Win64; x64) AppleWebKit/537.36 (KHTML, like Gecko) Chrome/134.0.0.0 Safari/537.36 audio_worklet_available:true battery_status:map[charging:true chargingTime:0 dischargingTime:1e+308 level:1] chrome:map[] chrome_app:map[InstallState:map[DISABLED:disabled INSTALLED:installed NOT_INSTALLED:not_installed] RunningState:map[CANNOT_RUN:cannot_run READY_TO_RUN:ready_to_run RUNNING:running] isInstalled:false] chrome_csi:map[onloadT:2314 pageT:2024 startE:1.773026818463e+12 tran:15] chrome_loadTimes:map[commitLoadTime:1.7730268189947267e+09 connectionInfo:h2 finishDocumentLoadTime:1.7730268196375215e+09 finishLoadTime:1.7730268198662863e+09 firstPaintAfterLoadTime:0 firstPaintTime:1.7730268191723328e+09 navigationType:Other npnNegotiatedProtocol:h2 requestTime:1.7730268184637973e+09 startLoadTime:1.773026818683014e+09 wasAlternateProtocolAvailable:false wasFetchedViaSpdy:true wasNpnNegotiated:true] connection:map[downlink:3.8 effectiveType:4g rtt:125 saveData:false] cookieEnabled:true deviceMemory:8 gpu_present:false hardwareConcurrency:12 intl_locale:en-US intl_timezone:America/New_York keyboard:map[] language:en-US languages:[en-US en] locks:map[] maxTouchPoints:0 media_devices:[map[deviceId:3b227253c11caa655e7f46e78ed97d3e7d5e2afb1acdcd14fe4f832ad00892a1 groupId:6660914da6129a693c754d2439f1d6142ac8fcc67561232ee63eae49732973be kind:audioinput label:Internal Microphone] map[deviceId:default groupId:6660914da6129a693c754d2439f1d6142ac8fcc67561232ee63eae49732973be kind:audiooutput label:Default - Speakers] map[deviceId:3339f935e80bdb919de2e6784f474f902d9a1c5b31467f85caef0c4e34b94350 groupId:6660914da6129a693c754d2439f1d6142ac8fcc67561232ee63eae49732973be kind:audiooutput label:Built-in Output] map[deviceId:8615d3f23d220ff5860018a900785e7157a2875643f801d9cf16937793c5b7f9 groupId:f58407f1d9405f6c66aeed7befa13107d74afde8963291891a896409cb128da0 kind:videoinput label:FaceTime HD Camera]] media_query_any_hover:none media_query_any_pointer:fine media_query_hover:none media_query_pointer:fine offscreen_canvas_available:true pdfViewerEnabled:true performance_memory:map[jsHeapSizeLimit:4.294705168e+09 totalJSHeapSize:7.2314115e+07 usedJSHeapSize:5.7615266e+07] permissions_notifications_state:default platform:Win32 productSub:20030107 scheduling:map[isInputPending:false] screen_color_depth:32 screen_inner_height:1495 screen_inner_width:2863 screen_orientation:landscape-primary screen_outer_height:1574 screen_outer_width:2880 storage_persisted:false storage_quota:3.8744674513e+11 storage_usage:2.17055232e+08 timezone:America/New_York userActivation:map[hasBeenActive:false isActive:false] userAgent:Mozilla/5.0 (Windows NT 10.0; Win64; x64) AppleWebKit/537.36 (KHTML, like Gecko) Chrome/134.0.0.0 Safari/537.36 userAgentData:map[brands:[map[brand:Chromium version:116] map[brand:Not)A;Brand version:24] map[brand:Google Chrome version:116]] mobile:false platform:windows uaFullVersion:116.0.0.0] vendor:Google Inc. webdriver:false webdriverString:function () { [native code] } webrtc_data:map[ice_candidates:[candidate:0 1 UDP 2122252543 bb1fba4f-ff58-92ac-4662-2f1cd0623c3a.local 58349 typ host candidate:1 1 UDP 2122252542 192.168.1.113 58350 typ host]]]
Mutated Chrome 134 Windows -> Score: 0.727
  Still Caught: none_media_query_hover
  Still Caught: missing_webgpu
  Still Caught: suspicious_battery_status
  Still Caught: non_standard_media_device_id_format
  Still Caught: canvas_spatial_inconsistency
  Still Caught: mouse_velocity_lag3_anomaly
  Still Caught: suspicious_taskbar_gap
2026/03/09 13:57:00 NAV_DATA JSON: map[Notification_permission:default appVersion:5.0 (Macintosh; Intel Mac OS X 10_15_7) AppleWebKit/537.36 (KHTML, like Gecko) Chrome/134.0.0.0 Safari/537.36 audio_worklet_available:true battery_status:map[charging:false chargingTime:0 dischargingTime:2994 level:0.5249078072072225] chrome:map[] chrome_app:map[InstallState:map[DISABLED:disabled INSTALLED:installed NOT_INSTALLED:not_installed] RunningState:map[CANNOT_RUN:cannot_run READY_TO_RUN:ready_to_run RUNNING:running] isInstalled:false] chrome_csi:map[onloadT:3209 pageT:2802 startE:1.773026817687e+12 tran:15] chrome_loadTimes:map[commitLoadTime:1.7730268187902253e+09 connectionInfo:h2 finishDocumentLoadTime:1.7730268195911815e+09 finishLoadTime:1.7730268198566935e+09 firstPaintAfterLoadTime:0 firstPaintTime:1.7730268191508014e+09 navigationType:Other npnNegotiatedProtocol:h2 requestTime:1.7730268176874597e+09 startLoadTime:1.7730268180181823e+09 wasAlternateProtocolAvailable:false wasFetchedViaSpdy:true wasNpnNegotiated:true] connection:map[downlink:6.686001536902802 effectiveType:4g rtt:86.97079317595356] cookieEnabled:true deviceMemory:8 gpu_present:true hardwareConcurrency:15 intl_locale:en-US intl_timezone:America/Los_Angeles keyboard:map[] language:en-US languages:[en-US en] locks:map[] maxTouchPoints:0 media_devices:[map[deviceId:9a41a10903c741e0933695aa8724fa52c8038f03a38c2c6da8aaa5ec5cf6b3e7 groupId:3d3ba3622b17abeccbdb91d66d6e154c3777d9d33f64c6fcbf4ad32411e128e1 kind:audioinput label:Internal Microphone] map[deviceId:default groupId:3d3ba3622b17abeccbdb91d66d6e154c3777d9d33f64c6fcbf4ad32411e128e1 kind:audiooutput label:Default - Speakers] map[deviceId:540d7c575136cbd2f23e7f05348ee689c112947892d3fd2bf8ddc11d2e597316 groupId:3d3ba3622b17abeccbdb91d66d6e154c3777d9d33f64c6fcbf4ad32411e128e1 kind:audiooutput label:Built-in Output] map[deviceId:25e816cac1cfb967cb49db0fa289283874095c493e15f71d4b2cd067a66526dc groupId:098e33443a5ed02792110688262c63bae0e4326eee562d95f093a1a64de3109f kind:videoinput label:FaceTime HD Camera]] media_query_any_hover:hover media_query_any_pointer:fine media_query_hover:hover media_query_pointer:fine offscreen_canvas_available:true pdfViewerEnabled:true performance_memory:map[jsHeapSizeLimit:4.294705434e+09 totalJSHeapSize:6.2462957e+07 usedJSHeapSize:3.916649e+07] permissions_notifications_state:default platform:MacIntel productSub:20030107 scheduling:map[isInputPending:false] screen_color_depth:24 screen_inner_height:942 screen_inner_width:1604 screen_orientation:landscape-primary screen_outer_height:1013 screen_outer_width:1621 storage_persisted:false storage_quota:3.30978200926e+11 storage_usage:8.7031808e+07 timezone:America/Los_Angeles userActivation:map[hasBeenActive:false isActive:false] userAgent:Mozilla/5.0 (Macintosh; Intel Mac OS X 10_15_7) AppleWebKit/537.36 (KHTML, like Gecko) Chrome/134.0.0.0 Safari/537.36 userAgentData:map[brands:[map[brand:Chromium version:116] map[brand:Not)A;Brand version:24] map[brand:Google Chrome version:116]] mobile:false platform:macos uaFullVersion:116.0.0.0] vendor:Google Inc. webdriver:false webdriverString:function () { [native code] } webrtc_data:map[ice_candidates:[candidate:0 1 UDP 2122252543 e6b75d4a-530c-5fa1-9333-147fa9987974.local 58349 typ host]]]
Naked Chrome 134 macOS -> Score: 1.000
  Caught: improbable_hardware_concurrency: 15 cores
  Caught: non_quantized_network_rtt: 87ms
  Caught: non_quantized_network_downlink: 6.6860Mbps
  Caught: missing_webgl_viewport_dims
  Caught: insufficient_webgl_extensions
  Caught: suspicious_taskbar_gap
2026/03/09 13:57:00 NAV_DATA JSON: map[Notification_permission:default appVersion:5.0 (Macintosh; Intel Mac OS X 10_15_7) AppleWebKit/537.36 (KHTML, like Gecko) Chrome/134.0.0.0 Safari/537.36 audio_worklet_available:true battery_status:map[charging:false chargingTime:0 dischargingTime:9900 level:0.7458281447769084] chrome:map[] chrome_app:map[InstallState:map[DISABLED:disabled INSTALLED:installed NOT_INSTALLED:not_installed] RunningState:map[CANNOT_RUN:cannot_run READY_TO_RUN:ready_to_run RUNNING:running] isInstalled:false] chrome_csi:map[onloadT:2914 pageT:2470 startE:1.773026818021e+12 tran:15] chrome_loadTimes:map[commitLoadTime:1.7730268187758148e+09 connectionInfo:h2 finishDocumentLoadTime:1.773026819586185e+09 finishLoadTime:1.7730268197112246e+09 firstPaintAfterLoadTime:0 firstPaintTime:1.7730268190995383e+09 navigationType:Other npnNegotiatedProtocol:h2 requestTime:1.7730268180213509e+09 startLoadTime:1.7730268183185506e+09 wasAlternateProtocolAvailable:false wasFetchedViaSpdy:true wasNpnNegotiated:true] connection:map[downlink:4.4 effectiveType:4g rtt:200 saveData:false] cookieEnabled:true deviceMemory:4 gpu_present:true hardwareConcurrency:8 intl_locale:en-US intl_timezone:America/Los_Angeles keyboard:map[] language:en-US languages:[en-US en] locks:map[] maxTouchPoints:0 media_devices:[] media_query_any_hover:none media_query_any_pointer:fine media_query_hover:none media_query_pointer:fine offscreen_canvas_available:true pdfViewerEnabled:true performance_memory:map[jsHeapSizeLimit:2.17264173e+09 totalJSHeapSize:4.5597437e+07 usedJSHeapSize:3.3224335e+07] permissions_notifications_state:default platform:MacIntel productSub:20030107 scheduling:map[isInputPending:false] screen_color_depth:24 screen_inner_height:1692 screen_inner_width:2863 screen_orientation:landscape-primary screen_outer_height:1758 screen_outer_width:2880 storage_persisted:false storage_quota:2.76967789695e+11 storage_usage:1.048576e+07 timezone:America/Los_Angeles userActivation:map[hasBeenActive:false isActive:false] userAgent:Mozilla/5.0 (Macintosh; Intel Mac OS X 10_15_7) AppleWebKit/537.36 (KHTML, like Gecko) Chrome/134.0.0.0 Safari/537.36 userAgentData:map[brands:[map[brand:Chromium version:116] map[brand:Not)A;Brand version:24] map[brand:Google Chrome version:116]] mobile:false platform:macos uaFullVersion:116.0.0.0] vendor:Google Inc. webdriver:false webdriverString:function () { [native code] } webrtc_data:map[ice_candidates:[candidate:0 1 UDP 2122252543 4840bae6-e4c0-e879-d1e1-a8584a35a0ee.local 58349 typ host]]]
Mutated Chrome 134 macOS -> Score: 0.565
  Still Caught: none_media_query_hover
  Still Caught: empty_media_devices
  Still Caught: canvas_spatial_inconsistency
  Still Caught: scroll_interval_entropy_low
2026/03/09 13:57:00 NAV_DATA JSON: map[Notification_permission:default appVersion:5.0 (X11; Linux x86_64) AppleWebKit/537.36 (KHTML, like Gecko) Chrome/134.0.0.0 Safari/537.36 audio_worklet_available:true battery_status:map[charging:true chargingTime:0 dischargingTime:1e+308 level:1] chrome:map[] chrome_app:map[InstallState:map[DISABLED:disabled INSTALLED:installed NOT_INSTALLED:not_installed] RunningState:map[CANNOT_RUN:cannot_run READY_TO_RUN:ready_to_run RUNNING:running] isInstalled:false] chrome_csi:map[onloadT:3027 pageT:2426 startE:1.773026818067e+12 tran:15] chrome_loadTimes:map[commitLoadTime:1.7730268189062464e+09 connectionInfo:h2 finishDocumentLoadTime:1.7730268194502208e+09 finishLoadTime:1.7730268196310105e+09 firstPaintAfterLoadTime:0 firstPaintTime:1.7730268190692065e+09 navigationType:Other npnNegotiatedProtocol:h2 requestTime:1.7730268180676532e+09 startLoadTime:1.7730268183578408e+09 wasAlternateProtocolAvailable:false wasFetchedViaSpdy:true wasNpnNegotiated:true] connection:map[downlink:9.182168647754409 effectiveType:4g rtt:151.0982020740803] cookieEnabled:true deviceMemory:8 gpu_present:true hardwareConcurrency:4 intl_locale:en-US intl_timezone:America/Chicago keyboard:map[] language:en-US languages:[en-US en] locks:map[] maxTouchPoints:0 media_devices:[map[deviceId:5b45b227979998404fc44fb105a26ae2e571e646ffb9f4d771767b4c2a8b905d groupId:178dcf149272678ae0737ea326255cc7460233ee36f9b9244bc649b747184690 kind:audioinput label:Internal Microphone] map[deviceId:default groupId:178dcf149272678ae0737ea326255cc7460233ee36f9b9244bc649b747184690 kind:audiooutput label:Default - Speakers] map[deviceId:d452fd0a765686e4a284fb9f0f2274e9734d835e907d5ed403051bc6dcf8d430 groupId:178dcf149272678ae0737ea326255cc7460233ee36f9b9244bc649b747184690 kind:audiooutput label:Built-in Output]] media_query_any_hover:hover media_query_any_pointer:fine media_query_hover:hover media_query_pointer:fine offscreen_canvas_available:true pdfViewerEnabled:true performance_memory:map[jsHeapSizeLimit:4.294705186e+09 totalJSHeapSize:7.2555121e+07 usedJSHeapSize:4.032166e+07] permissions_notifications_state:default platform:Linux x86_64 productSub:20030107 scheduling:map[isInputPending:false] screen_color_depth:24 screen_inner_height:1897 screen_inner_width:3506 screen_orientation:landscape-primary screen_outer_height:1982 screen_outer_width:3523 storage_persisted:false storage_quota:2.83925664796e+11 storage_usage:2.28589568e+08 timezone:America/Chicago userActivation:map[hasBeenActive:false isActive:false] userAgent:Mozilla/5.0 (X11; Linux x86_64) AppleWebKit/537.36 (KHTML, like Gecko) Chrome/134.0.0.0 Safari/537.36 userAgentData:map[brands:[map[brand:Chromium version:116] map[brand:Not)A;Brand version:24] map[brand:Google Chrome version:116]] mobile:false platform:linux uaFullVersion:116.0.0.0] vendor:Google Inc. webdriver:false webdriverString:function () { [native code] } webrtc_data:map[ice_candidates:[candidate:0 1 UDP 2122252543 5c72622f-8336-f36a-5321-127cd7625118.local 58349 typ host]]]
Naked Chrome 134 Linux -> Score: 1.000
  Caught: non_quantized_network_rtt: 151ms
  Caught: non_quantized_network_downlink: 9.1822Mbps
  Caught: missing_webgl_viewport_dims
  Caught: insufficient_webgl_extensions
  Caught: suspicious_taskbar_gap
2026/03/09 13:57:00 NAV_DATA JSON: map[Notification_permission:default appVersion:5.0 (X11; Linux x86_64) AppleWebKit/537.36 (KHTML, like Gecko) Chrome/134.0.0.0 Safari/537.36 audio_worklet_available:true battery_status:map[charging:false chargingTime:0 dischargingTime:3205 level:0.9259419120521768] chrome:map[] chrome_app:map[InstallState:map[DISABLED:disabled INSTALLED:installed NOT_INSTALLED:not_installed] RunningState:map[CANNOT_RUN:cannot_run READY_TO_RUN:ready_to_run RUNNING:running] isInstalled:false] chrome_csi:map[onloadT:3065 pageT:2505 startE:1.77302681799e+12 tran:15] chrome_loadTimes:map[commitLoadTime:1.77302681866941e+09 connectionInfo:h2 finishDocumentLoadTime:1.773026819506808e+09 finishLoadTime:1.7730268196841652e+09 firstPaintAfterLoadTime:0 firstPaintTime:1.7730268190531573e+09 navigationType:Other npnNegotiatedProtocol:h2 requestTime:1.7730268179908695e+09 startLoadTime:1.7730268183120625e+09 wasAlternateProtocolAvailable:false wasFetchedViaSpdy:true wasNpnNegotiated:true] connection:map[downlink:3.9 effectiveType:4g rtt:75 saveData:false] cookieEnabled:true deviceMemory:8 gpu_present:true hardwareConcurrency:12 intl_locale:en-US intl_timezone:America/Chicago keyboard:map[] language:en-US languages:[en-US en] locks:map[] maxTouchPoints:0 media_devices:[map[deviceId:312c74a7edab8ea9fbac5580d5c35aca8f85e0a596b8c3e89144919e16b0d01a groupId:2c2492bee65d03b5bc76d3602d38402f9dc8eea84549db05ed8c6c565fac8f8d kind:audioinput label:Internal Microphone] map[deviceId:default groupId:2c2492bee65d03b5bc76d3602d38402f9dc8eea84549db05ed8c6c565fac8f8d kind:audiooutput label:Default - Speakers] map[deviceId:3be1188ec6e2d6fa3520318ef8fb45cb63bc10e9dc2d32cd4171399bed47c13e groupId:2c2492bee65d03b5bc76d3602d38402f9dc8eea84549db05ed8c6c565fac8f8d kind:audiooutput label:Built-in Output]] media_query_any_hover:hover media_query_any_pointer:fine media_query_hover:hover media_query_pointer:fine offscreen_canvas_available:true pdfViewerEnabled:true performance_memory:map[jsHeapSizeLimit:4.294705309e+09 totalJSHeapSize:7.352282e+07 usedJSHeapSize:5.4849578e+07] permissions_notifications_state:default platform:Linux x86_64 productSub:20030107 scheduling:map[isInputPending:false] screen_color_depth:32 screen_inner_height:960 screen_inner_width:1903 screen_orientation:landscape-primary screen_outer_height:1039 screen_outer_width:1920 storage_persisted:false storage_quota:1.9961269108e+10 storage_usage:2.4117248e+07 timezone:America/Chicago userActivation:map[hasBeenActive:false isActive:false] userAgent:Mozilla/5.0 (X11; Linux x86_64) AppleWebKit/537.36 (KHTML, like Gecko) Chrome/134.0.0.0 Safari/537.36 userAgentData:map[brands:[map[brand:Chromium version:116] map[brand:Not)A;Brand version:24] map[brand:Google Chrome version:116]] mobile:false platform:linux uaFullVersion:116.0.0.0] vendor:Google Inc. webdriver:false webdriverString:function () { [native code] } webrtc_data:map[ice_candidates:[candidate:0 1 UDP 2122252543 e802fbff-4e14-889c-f9f3-080f75f0c33c.local 58349 typ host]]]
Mutated Chrome 134 Linux -> Score: 0.284
  Still Caught: non_standard_media_device_id_format
  Still Caught: canvas_spatial_inconsistency
2026/03/09 13:57:00 NAV_DATA JSON: map[Notification_permission:default appVersion:5.0 (Windows NT 10.0; Win64; x64; rv:128.0) Gecko/20100101 Firefox/128.0 audio_worklet_available:true battery_status:map[charging:true chargingTime:3517 dischargingTime:1e+308 level:0.8294218143787263] connection:map[downlink:9.878439423410228 effectiveType:4g rtt:71.59953719390805] cookieEnabled:true deviceMemory:32 gpu_present:false hardwareConcurrency:16 intl_locale:en-US intl_timezone:America/New_York keyboard:map[] language:en-US languages:[en-US en] locks:map[] maxTouchPoints:0 media_devices:[map[deviceId:0adf7bdb8a87af90f4f94e6d7d96a03394777f7826f3ed0a532cd1424b77b298 groupId:12094bde9e4a1f3806ab15e8bef4b431210d7032f53c53da1f804e7e170df4eb kind:audioinput label:Internal Microphone] map[deviceId:default groupId:12094bde9e4a1f3806ab15e8bef4b431210d7032f53c53da1f804e7e170df4eb kind:audiooutput label:Default - Speakers] map[deviceId:e327f4e764fbe51f046317d86f0cc5df4a5b24384ed9652b910607495ef29759 groupId:12094bde9e4a1f3806ab15e8bef4b431210d7032f53c53da1f804e7e170df4eb kind:audiooutput label:Built-in Output] map[deviceId:ada2a17983e9634828e5239c1060f17aed9ae81e5c72c3f6c51bacb8e4ba9084 groupId:fddaa63d7854f3fd00b06b36b77fe21bf839c6d70c0ffc698a79efbc8723ca6a kind:videoinput label:FaceTime HD Camera]] media_query_any_hover:hover media_query_any_pointer:coarse media_query_hover:hover media_query_pointer:coarse offscreen_canvas_available:true pdfViewerEnabled:true permissions_notifications_state:default platform:Win32 productSub:20100101 scheduling:map[isInputPending:false] screen_color_depth:32 screen_inner_height:2412 screen_inner_width:4404 screen_orientation:portrait-primary screen_outer_height:2486 screen_outer_width:4419 storage_persisted:false storage_quota:0 storage_usage:6.6060288e+07 timezone:America/New_York userActivation:map[hasBeenActive:false isActive:false] userAgent:Mozilla/5.0 (Windows NT 10.0; Win64; x64; rv:128.0) Gecko/20100101 Firefox/128.0 userAgentData:map[brands:[map[brand:Chromium version:116] map[brand:Not)A;Brand version:24] map[brand:Google Chrome version:116]] mobile:false platform:windows uaFullVersion:116.0.0.0] vendor: webdriver:false webdriverString:function () { [native code] } webrtc_data:map[ice_candidates:[candidate:0 1 UDP 2122252543 9e265737-9f95-5783-47a2-945a9dd0940f.local 58349 typ host]]]
Naked Firefox 128 Windows -> Score: 1.000
  Caught: improbable_device_memory: 32.0 (expected <= 8)
  Caught: non_quantized_network_rtt: 72ms
  Caught: non_quantized_network_downlink: 9.8784Mbps
  Caught: missing_webgl_viewport_dims
  Caught: insufficient_webgl_extensions
  Caught: suspicious_taskbar_gap
2026/03/09 13:57:00 NAV_DATA JSON: map[Notification_permission:default appVersion:5.0 (Windows NT 10.0; Win64; x64; rv:128.0) Gecko/20100101 Firefox/128.0 audio_worklet_available:true battery_status:map[charging:true chargingTime:143 dischargingTime:1e+308 level:0.38907254101445626] connection:map[downlink:5.7 effectiveType:4g rtt:150] cookieEnabled:true deviceMemory:8 gpu_present:true hardwareConcurrency:4 intl_locale:en-US intl_timezone:America/New_York keyboard:map[] language:en-US languages:[en-US en] locks:map[] maxTouchPoints:0 media_devices:[map[deviceId:e27eac261bf84c0610c974f80c6185a579f80017742b63d22262e070ed20df5f groupId:611ee3bfdbe748176e814e4cd526b5c8a8438791e33b1e6183d7a37eaffdaa77 kind:audioinput label:Internal Microphone] map[deviceId:default groupId:611ee3bfdbe748176e814e4cd526b5c8a8438791e33b1e6183d7a37eaffdaa77 kind:audiooutput label:Default - Speakers] map[deviceId:96edf69e03499f3f2b2b5f6998e8c1c010bfbee6d7f0d34473652b852a8370ca groupId:611ee3bfdbe748176e814e4cd526b5c8a8438791e33b1e6183d7a37eaffdaa77 kind:audiooutput label:Built-in Output] map[deviceId:e4ac3a544545928c76d8fb72d8953626f0ef7a87276e55c27a6c3f2167110ff1 groupId:6278a2bdf66ecac7d9722ce552fe24b84e94fcb93cbe39a716255f4d722269cb kind:videoinput label:FaceTime HD Camera]] media_query_any_hover:none media_query_any_pointer:none media_query_hover:none media_query_pointer:none offscreen_canvas_available:true pdfViewerEnabled:true permissions_notifications_state:denied platform:Win32 productSub:20100101 scheduling:map[isInputPending:false] screen_color_depth:24 screen_inner_height:1036 screen_inner_width:2032 screen_orientation:landscape-primary screen_outer_height:1111 screen_outer_width:2049 storage_persisted:false storage_quota:0 storage_usage:2.94649856e+08 timezone:America/New_York userActivation:map[hasBeenActive:false isActive:false] userAgent:Mozilla/5.0 (Windows NT 10.0; Win64; x64; rv:128.0) Gecko/20100101 Firefox/128.0 userAgentData:map[brands:[map[brand:Chromium version:116] map[brand:Not)A;Brand version:24] map[brand:Google Chrome version:116]] mobile:false platform:windows uaFullVersion:116.0.0.0] vendor: webdriver:false webdriverString:function () { [native code] } webrtc_data:map[ice_candidates:[candidate:0 1 UDP 2122252543 c48b547e-241c-f49d-ce9c-cc6777c3952c.local 58349 typ host candidate:1 1 UDP 2122252542 192.168.1.233 58350 typ host]]]
Mutated Firefox 128 Windows -> Score: 0.941
  Still Caught: none_media_query_hover
  Still Caught: permissions_query_mismatch
  Still Caught: low_storage_quota
  Still Caught: non_standard_media_device_id_format
  Still Caught: canvas_spatial_inconsistency
  Still Caught: hardware_core_mismatch
  Still Caught: pointer_mismatch
  Still Caught: any_pointer_mismatch
  Still Caught: suspicious_taskbar_gap
--- FAIL: TestMutatedShield (0.01s)
    mutated_eval_test.go:100: Mutated generator was still caught for Chrome 134 Windows
    mutated_eval_test.go:100: Mutated generator was still caught for Firefox 128 Windows
2026/03/09 13:57:00 NAV_DATA JSON: map[Notification_permission:default appVersion:5.0 (Macintosh; Intel Mac OS X 10_15_7) AppleWebKit/537.36 (KHTML, like Gecko) Chrome/134.0.0.0 Safari/537.36 audio_worklet_available:true battery_status:map[charging:true chargingTime:0 dischargingTime:1e+308 level:1] chrome:map[] chrome_app:map[InstallState:map[DISABLED:disabled INSTALLED:installed NOT_INSTALLED:not_installed] RunningState:map[CANNOT_RUN:cannot_run READY_TO_RUN:ready_to_run RUNNING:running] isInstalled:false] chrome_csi:map[onloadT:3545 pageT:2911 startE:1.773026817589e+12 tran:15] chrome_loadTimes:map[commitLoadTime:1.773026818508408e+09 connectionInfo:h2 finishDocumentLoadTime:1.7730268190109887e+09 finishLoadTime:1.7730268191221077e+09 firstPaintAfterLoadTime:0 firstPaintTime:1.7730268186152532e+09 navigationType:Other npnNegotiatedProtocol:h2 requestTime:1.7730268175891037e+09 startLoadTime:1.7730268179457636e+09 wasAlternateProtocolAvailable:false wasFetchedViaSpdy:true wasNpnNegotiated:true] connection:map[downlink:8.257074964149936 effectiveType:4g rtt:167.14351622348227] cookieEnabled:true deviceMemory:32 gpu_present:true hardwareConcurrency:16 intl_locale:en-US intl_timezone:America/Los_Angeles keyboard:map[] language:en-US languages:[en-US en] locks:map[] maxTouchPoints:0 media_devices:[map[deviceId:d990d45b2d724fdec7e34ade042e7c8f72a090f4bba5ea57a4ea62534e6037fe groupId:8d289fce80ca56baef3a6e0bbce1f177fd42747a133b881465ee7cbd4b0ec326 kind:audioinput label:Internal Microphone] map[deviceId:default groupId:8d289fce80ca56baef3a6e0bbce1f177fd42747a133b881465ee7cbd4b0ec326 kind:audiooutput label:Default - Speakers] map[deviceId:4c5aaebad05cdbdf2878cb0fb5d44e54f5c006494cf4eaaa1f48c8ef6f1fb245 groupId:8d289fce80ca56baef3a6e0bbce1f177fd42747a133b881465ee7cbd4b0ec326 kind:audiooutput label:Built-in Output] map[deviceId:f45f8f3feac6b102b3bab1545c1e65080484d646943fdc88cd90fe9b4663dbfd groupId:5c8beaaf96c8a111408430331e71e007e275f974c4fd6a6aa6d244b448d380bf kind:videoinput label:FaceTime HD Camera]] media_query_any_hover:hover media_query_any_pointer:fine media_query_hover:hover media_query_pointer:fine offscreen_canvas_available:true pdfViewerEnabled:true performance_memory:map[jsHeapSizeLimit:4.294704799e+09 totalJSHeapSize:5.2811556e+07 usedJSHeapSize:4.0169319e+07] permissions_notifications_state:default platform:MacIntel productSub:20030107 scheduling:map[isInputPending:false] screen_color_depth:24 screen_inner_height:1930 screen_inner_width:3539 screen_orientation:landscape-primary screen_outer_height:1999 screen_outer_width:3556 storage_persisted:false storage_quota:0 storage_usage:2.70532608e+08 timezone:America/Los_Angeles userActivation:map[hasBeenActive:false isActive:false] userAgent:Mozilla/5.0 (Macintosh; Intel Mac OS X 10_15_7) AppleWebKit/537.36 (KHTML, like Gecko) Chrome/134.0.0.0 Safari/537.36 userAgentData:map[brands:[map[brand:Chromium version:116] map[brand:Not)A;Brand version:24] map[brand:Google Chrome version:116]] mobile:false platform:macos uaFullVersion:116.0.0.0] vendor:Google Inc. webdriver:false webdriverString:function () { [native code] } webrtc_data:map[ice_candidates:[candidate:0 1 UDP 2122252543 bafb3cc0-ba37-8d31-8f76-3f6446f0128f.local 58349 typ host]]]
2026/03/09 13:57:00 NAV_DATA JSON: map[Notification_permission:default appVersion:5.0 (Macintosh; Intel Mac OS X 10_15_7) AppleWebKit/537.36 (KHTML, like Gecko) Chrome/134.0.0.0 Safari/537.36 audio_worklet_available:true battery_status:map[charging:false chargingTime:0 dischargingTime:428 level:0.46447337398369276] chrome:map[] chrome_app:map[InstallState:map[DISABLED:disabled INSTALLED:installed NOT_INSTALLED:not_installed] RunningState:map[CANNOT_RUN:cannot_run READY_TO_RUN:ready_to_run RUNNING:running] isInstalled:false] chrome_csi:map[onloadT:3063 pageT:2507 startE:1.773026817995e+12 tran:15] chrome_loadTimes:map[commitLoadTime:1.7730268186609545e+09 connectionInfo:h2 finishDocumentLoadTime:1.7730268191814935e+09 finishLoadTime:1.773026819330838e+09 firstPaintAfterLoadTime:0 firstPaintTime:1.7730268189637275e+09 navigationType:Other npnNegotiatedProtocol:h2 requestTime:1.7730268179959626e+09 startLoadTime:1.7730268181089773e+09 wasAlternateProtocolAvailable:false wasFetchedViaSpdy:true wasNpnNegotiated:true] connection:map[downlink:1.1804106834758252 effectiveType:4g rtt:59.98526079155979] cookieEnabled:true deviceMemory:4 gpu_present:true hardwareConcurrency:3 intl_locale:en-US intl_timezone:America/Los_Angeles keyboard:map[] language:en-US languages:[en-US en] locks:map[] maxTouchPoints:0 media_devices:[map[deviceId:0777a718ccc660c0e9ba2d5bacf9dd446dfd917864e97db96cc9b534f3e7a7b0 groupId:6dddc1c9020591246211db2ba59e8f77f071f5f2e2825f9a2b63c5d02f50e3c8 kind:audioinput label:Internal Microphone] map[deviceId:default groupId:6dddc1c9020591246211db2ba59e8f77f071f5f2e2825f9a2b63c5d02f50e3c8 kind:audiooutput label:Default - Speakers] map[deviceId:922998e0edf2d16fc445ff3ce5f12d1f123b23e8482392d20de36929276b3529 groupId:6dddc1c9020591246211db2ba59e8f77f071f5f2e2825f9a2b63c5d02f50e3c8 kind:audiooutput label:Built-in Output] map[deviceId:c0cf1e1972c3a4a8eadc43d014291e4c3d29f7d57be6f2e1fe1765764542e493 groupId:189a8effc07e0f3dec7e8802c2e67034e667c1f6c3242723fbe2b66cb357d187 kind:videoinput label:FaceTime HD Camera]] media_query_any_hover:hover media_query_any_pointer:fine media_query_hover:hover media_query_pointer:fine offscreen_canvas_available:true pdfViewerEnabled:true performance_memory:map[jsHeapSizeLimit:2.172641393e+09 totalJSHeapSize:6.8763838e+07 usedJSHeapSize:3.5253537e+07] permissions_notifications_state:denied platform:MacIntel productSub:20030107 scheduling:map[isInputPending:false] screen_color_depth:30 screen_inner_height:650 screen_inner_width:1575 screen_orientation:landscape-primary screen_outer_height:736 screen_outer_width:1590 storage_persisted:false storage_quota:4.79099250876e+11 storage_usage:2.57949696e+08 timezone:America/Los_Angeles userActivation:map[hasBeenActive:false isActive:false] userAgent:Mozilla/5.0 (Macintosh; Intel Mac OS X 10_15_7) AppleWebKit/537.36 (KHTML, like Gecko) Chrome/134.0.0.0 Safari/537.36 userAgentData:map[brands:[map[brand:Chromium version:116] map[brand:Not)A;Brand version:24] map[brand:Google Chrome version:116]] mobile:false platform:macos uaFullVersion:116.0.0.0] vendor:Google Inc. webdriver:false webdriverString:function () { [native code] }]
2026/03/09 13:57:00 NAV_DATA JSON: map[Notification_permission:default appVersion:5.0 (Macintosh; Intel Mac OS X 10_15_7) AppleWebKit/537.36 (KHTML, like Gecko) Chrome/134.0.0.0 Safari/537.36 audio_worklet_available:true battery_status:map[charging:false chargingTime:0 dischargingTime:4057 level:0.3919521818409657] chrome:map[] chrome_app:map[InstallState:map[DISABLED:disabled INSTALLED:installed NOT_INSTALLED:not_installed] RunningState:map[CANNOT_RUN:cannot_run READY_TO_RUN:ready_to_run RUNNING:running] isInstalled:false] chrome_csi:map[onloadT:3260 pageT:2694 startE:1.773026817813e+12 tran:15] chrome_loadTimes:map[commitLoadTime:1.773026818448136e+09 connectionInfo:h2 finishDocumentLoadTime:1.773026819231819e+09 finishLoadTime:1.7730268193561175e+09 firstPaintAfterLoadTime:0 firstPaintTime:1.7730268187442024e+09 navigationType:Other npnNegotiatedProtocol:h2 requestTime:1.7730268178132267e+09 startLoadTime:1.7730268181350698e+09 wasAlternateProtocolAvailable:false wasFetchedViaSpdy:true wasNpnNegotiated:true] connection:map[downlink:5 effectiveType:4g rtt:75 saveData:false] cookieEnabled:true deviceMemory:8 gpu_present:true hardwareConcurrency:4 intl_locale:en-US intl_timezone:America/Los_Angeles keyboard:map[] language:en-US languages:[en-US en] locks:map[] maxTouchPoints:0 media_devices:[] media_query_any_hover:hover media_query_any_pointer:fine media_query_hover:hover media_query_pointer:fine offscreen_canvas_available:true pdfViewerEnabled:true performance_memory:map[jsHeapSizeLimit:4.29470474e+09 totalJSHeapSize:2.7951533e+07 usedJSHeapSize:1.4294565e+07] permissions_notifications_state:default platform:MacIntel productSub:20030107 scheduling:map[isInputPending:false] screen_color_depth:24 screen_inner_height:3493 screen_inner_width:5745 screen_orientation:landscape-primary screen_outer_height:3554 screen_outer_width:5760 storage_persisted:false storage_quota:2.26246037856e+11 storage_usage:5.9768832e+07 timezone:America/Los_Angeles userActivation:map[hasBeenActive:false isActive:false] userAgent:Mozilla/5.0 (Macintosh; Intel Mac OS X 10_15_7) AppleWebKit/537.36 (KHTML, like Gecko) Chrome/134.0.0.0 Safari/537.36 userAgentData:map[brands:[map[brand:Chromium version:116] map[brand:Not)A;Brand version:24] map[brand:Google Chrome version:116]] mobile:false platform:macos uaFullVersion:116.0.0.0] vendor:Google Inc. webdriver:false webdriverString:function () { [native code] } webrtc_data:map[ice_candidates:[candidate:0 1 UDP 2122252543 9f0802ce-8996-c924-2c3c-8bc988542ce0.local 58349 typ host]]]
--- FAIL: TestPhase50AdaptiveLoop (0.01s)
    phase50_test.go:60: Round 2 still has 4 cores for Apple M-series GPU after mutation
    phase50_test.go:68: Round 2 still flagged with indicator: hardware_core_mismatch: Apple M1 Pro_with_4_cores
2026/03/09 13:57:00 NAV_DATA JSON: map[Notification_permission:default appVersion:5.0 (Windows NT 10.0; Win64; x64) AppleWebKit/537.36 (KHTML, like Gecko) Chrome/134.0.0.0 Safari/537.36 audio_worklet_available:true battery_status:map[charging:false chargingTime:0 dischargingTime:7605 level:0.3330905043289037] chrome:map[] chrome_app:map[InstallState:map[DISABLED:disabled INSTALLED:installed NOT_INSTALLED:not_installed] RunningState:map[CANNOT_RUN:cannot_run READY_TO_RUN:ready_to_run RUNNING:running] isInstalled:false] chrome_csi:map[onloadT:3395 pageT:2702 startE:1.773026817807e+12 tran:15] chrome_loadTimes:map[commitLoadTime:1.7730268186569989e+09 connectionInfo:h2 finishDocumentLoadTime:1.7730268192920542e+09 finishLoadTime:1.7730268194887326e+09 firstPaintAfterLoadTime:0 firstPaintTime:1.7730268189299629e+09 navigationType:Other npnNegotiatedProtocol:h2 requestTime:1.77302681780759e+09 startLoadTime:1.7730268180327446e+09 wasAlternateProtocolAvailable:false wasFetchedViaSpdy:true wasNpnNegotiated:true] connection:map[downlink:1.0583918106043426 effectiveType:4g rtt:40.675171307685794] cookieEnabled:true deviceMemory:8 gpu_present:true hardwareConcurrency:8 intl_locale:en-US intl_timezone:America/New_York keyboard:map[] language:en-US languages:[en-US en] locks:map[] maxTouchPoints:0 media_devices:[map[deviceId:9f241d413dbb320555e6ea5856873a6d1cb6c86d40697e654d92fefaeb0c7565 groupId:e6989dc1a3d255cac2ec0cf211e2e2c403ba23e2e1bd86eed45fe111b2483fc0 kind:audioinput label:Internal Microphone] map[deviceId:default groupId:e6989dc1a3d255cac2ec0cf211e2e2c403ba23e2e1bd86eed45fe111b2483fc0 kind:audiooutput label:Default - Speakers] map[deviceId:d3b1294533b7f13339107f6f1207b5e3c5878e09e1731b36844214b420ad8ceb groupId:e6989dc1a3d255cac2ec0cf211e2e2c403ba23e2e1bd86eed45fe111b2483fc0 kind:audiooutput label:Built-in Output] map[deviceId:42505ce7e531d6dbef5148fd69dc60446a215e43fd8b92ba3e4ed54a46646c84 groupId:5e90fee9d22c317520864d35e42dba5c7f73786e269c5b197b908227d7f7d583 kind:videoinput label:FaceTime HD Camera]] media_query_any_hover:hover media_query_any_pointer:none media_query_hover:hover media_query_pointer:none offscreen_canvas_available:true pdfViewerEnabled:true performance_memory:map[jsHeapSizeLimit:4.294705124e+09 totalJSHeapSize:4.1127939e+07 usedJSHeapSize:2.573703e+07] permissions_notifications_state:default platform:Win32 productSub:20030107 scheduling:map[isInputPending:false] screen_color_depth:32 screen_inner_height:1950 screen_inner_width:3596 screen_orientation:landscape-primary screen_outer_height:2031 screen_outer_width:3611 storage_persisted:false storage_quota:4.95170384916e+11 storage_usage:3.7748736e+08 timezone:America/New_York userActivation:map[hasBeenActive:false isActive:false] userAgent:Mozilla/5.0 (Windows NT 10.0; Win64; x64) AppleWebKit/537.36 (KHTML, like Gecko) Chrome/134.0.0.0 Safari/537.36 userAgentData:map[brands:[map[brand:Chromium version:116] map[brand:Not)A;Brand version:24] map[brand:Google Chrome version:116]] mobile:false platform:windows uaFullVersion:116.0.0.0] vendor:Google Inc. webdriver:false webdriverString:function () { [native code] }]
2026/03/09 13:57:00 NAV_DATA JSON: map[Notification_permission:default appVersion:5.0 (Windows NT 10.0; Win64; x64) AppleWebKit/537.36 (KHTML, like Gecko) Chrome/134.0.0.0 Safari/537.36 audio_worklet_available:true battery_status:map[charging:true chargingTime:0 dischargingTime:1e+308 level:1] chrome:map[] chrome_app:map[InstallState:map[DISABLED:disabled INSTALLED:installed NOT_INSTALLED:not_installed] RunningState:map[CANNOT_RUN:cannot_run READY_TO_RUN:ready_to_run RUNNING:running] isInstalled:false] chrome_csi:map[onloadT:2461 pageT:2141 startE:1.773026818371e+12 tran:15] chrome_loadTimes:map[commitLoadTime:1.7730268192192822e+09 connectionInfo:h2 finishDocumentLoadTime:1.7730268200005264e+09 finishLoadTime:1.7730268201660988e+09 firstPaintAfterLoadTime:0 firstPaintTime:1.7730268195384638e+09 navigationType:Other npnNegotiatedProtocol:h2 requestTime:1.7730268183717697e+09 startLoadTime:1.7730268186542919e+09 wasAlternateProtocolAvailable:false wasFetchedViaSpdy:true wasNpnNegotiated:true] connection:map[downlink:4.1 effectiveType:4g rtt:125 saveData:false] cookieEnabled:true deviceMemory:16 gpu_present:false hardwareConcurrency:12 intl_locale:en-US intl_timezone:America/New_York keyboard:map[] language:en-US languages:[en-US en] locks:map[] maxTouchPoints:0 media_devices:[map[deviceId:971e0c08b03e27b46447d5faebe55855f77295d85491a9bff20cecfe0b5401f6 groupId:d81d7bc55fcb15a2106655a52edb27fefa9776cd846c7b38478da9971714f426 kind:audioinput label:Internal Microphone] map[deviceId:default groupId:d81d7bc55fcb15a2106655a52edb27fefa9776cd846c7b38478da9971714f426 kind:audiooutput label:Default - Speakers] map[deviceId:f337b97f68edc21b03dae440393e24c7c37aaa10313c63bce52b3d4836c02266 groupId:d81d7bc55fcb15a2106655a52edb27fefa9776cd846c7b38478da9971714f426 kind:audiooutput label:Built-in Output]] media_query_any_hover:hover media_query_any_pointer:fine media_query_hover:hover media_query_pointer:fine offscreen_canvas_available:true pdfViewerEnabled:true performance_memory:map[jsHeapSizeLimit:4.29470476e+09 totalJSHeapSize:4.9972302e+07 usedJSHeapSize:3.5806868e+07] permissions_notifications_state:default platform:Win32 productSub:20030107 scheduling:map[isInputPending:false] screen_color_depth:32 screen_inner_height:1690 screen_inner_width:3184 screen_orientation:landscape-primary screen_outer_height:1764 screen_outer_width:3200 storage_persisted:false storage_quota:0 storage_usage:2.8311552e+07 timezone:America/New_York userActivation:map[hasBeenActive:false isActive:false] userAgent:Mozilla/5.0 (Windows NT 10.0; Win64; x64) AppleWebKit/537.36 (KHTML, like Gecko) Chrome/134.0.0.0 Safari/537.36 userAgentData:map[brands:[map[brand:Chromium version:116] map[brand:Not)A;Brand version:24] map[brand:Google Chrome version:116]] mobile:false platform:windows uaFullVersion:116.0.0.0] vendor:Google Inc. webdriver:false webdriverString:function () { [native code] }]
2026/03/09 13:57:00 NAV_DATA JSON: map[Notification_permission:default appVersion:5.0 (Windows NT 10.0; Win64; x64) AppleWebKit/537.36 (KHTML, like Gecko) Chrome/134.0.0.0 Safari/537.36 audio_worklet_available:true battery_status:map[charging:true chargingTime:725 dischargingTime:1e+308 level:0.28312460278048385] chrome:map[] chrome_app:map[InstallState:map[DISABLED:disabled INSTALLED:installed NOT_INSTALLED:not_installed] RunningState:map[CANNOT_RUN:cannot_run READY_TO_RUN:ready_to_run RUNNING:running] isInstalled:false] chrome_csi:map[onloadT:3543 pageT:2932 startE:1.773026817582e+12 tran:15] chrome_loadTimes:map[commitLoadTime:1.7730268187514985e+09 connectionInfo:h2 finishDocumentLoadTime:1.773026819487259e+09 finishLoadTime:1.77302681965032e+09 firstPaintAfterLoadTime:0 firstPaintTime:1.7730268190774348e+09 navigationType:Other npnNegotiatedProtocol:h2 requestTime:1.7730268175825179e+09 startLoadTime:1.773026817974515e+09 wasAlternateProtocolAvailable:false wasFetchedViaSpdy:true wasNpnNegotiated:true] connection:map[downlink:4.926811652860377 effectiveType:4g rtt:45.50386330318134] cookieEnabled:true deviceMemory:8 gpu_present:true hardwareConcurrency:4 intl_locale:en-US intl_timezone:America/New_York keyboard:map[] language:en-US languages:[en-US en] locks:map[] maxTouchPoints:0 media_devices:[] media_query_any_hover:hover media_query_any_pointer:fine media_query_hover:hover media_query_pointer:fine offscreen_canvas_available:true pdfViewerEnabled:true performance_memory:map[jsHeapSizeLimit:4.294704757e+09 totalJSHeapSize:6.8415919e+07 usedJSHeapSize:3.7648982e+07] permissions_notifications_state:denied platform:Win32 productSub:20030107 scheduling:map[isInputPending:false] screen_color_depth:24 screen_inner_height:1426 screen_inner_width:2628 screen_orientation:landscape-primary screen_outer_height:1487 screen_outer_width:2644 storage_persisted:false storage_quota:8.9394599397e+10 storage_usage:1.13246208e+08 timezone:America/New_York userActivation:map[hasBeenActive:false isActive:false] userAgent:Mozilla/5.0 (Windows NT 10.0; Win64; x64) AppleWebKit/537.36 (KHTML, like Gecko) Chrome/134.0.0.0 Safari/537.36 userAgentData:map[brands:[map[brand:Chromium version:116] map[brand:Not)A;Brand version:24] map[brand:Google Chrome version:116]] mobile:false platform:windows uaFullVersion:116.0.0.0] vendor:Google Inc. webdriver:false webdriverString:function () { [native code] } webrtc_data:map[ice_candidates:[candidate:0 1 UDP 2122252543 f95bd5c2-cf4f-dbd1-793e-4009efd70b5f.local 58349 typ host candidate:1 1 UDP 2122252542 192.168.1.2 58350 typ host]]]
2026/03/09 13:57:00 NAV_DATA JSON: map[Notification_permission:default appVersion:5.0 (Windows NT 10.0; Win64; x64) AppleWebKit/537.36 (KHTML, like Gecko) Chrome/134.0.0.0 Safari/537.36 audio_worklet_available:true battery_status:map[charging:true chargingTime:0 dischargingTime:1e+308 level:1] chrome:map[] chrome_app:map[InstallState:map[DISABLED:disabled INSTALLED:installed NOT_INSTALLED:not_installed] RunningState:map[CANNOT_RUN:cannot_run READY_TO_RUN:ready_to_run RUNNING:running] isInstalled:false] chrome_csi:map[onloadT:2538 pageT:2232 startE:1.773026818287e+12 tran:15] chrome_loadTimes:map[commitLoadTime:1.7730268192607808e+09 connectionInfo:h2 finishDocumentLoadTime:1.7730268197823975e+09 finishLoadTime:1.773026820048676e+09 firstPaintAfterLoadTime:0 firstPaintTime:1.773026819535607e+09 navigationType:Other npnNegotiatedProtocol:h2 requestTime:1.7730268182875204e+09 startLoadTime:1.7730268184769843e+09 wasAlternateProtocolAvailable:false wasFetchedViaSpdy:true wasNpnNegotiated:true] connection:map[downlink:5.1 effectiveType:4g rtt:75 saveData:false] cookieEnabled:true deviceMemory:8 gpu_present:true hardwareConcurrency:8 intl_locale:en-US intl_timezone:America/New_York keyboard:map[] language:en-US languages:[en-US en] locks:map[] maxTouchPoints:0 media_devices:[map[deviceId:fb0605d99b41c22c0c7ab4821a7ee7645f77dfb4607099046d4030f1dcf8fc0c groupId:955af0ece2f8c075345f23904655f0d19e694f5a8e1c66e28a0b8b57ef80799d kind:audioinput label:Internal Microphone] map[deviceId:default groupId:955af0ece2f8c075345f23904655f0d19e694f5a8e1c66e28a0b8b57ef80799d kind:audiooutput label:Default - Speakers] map[deviceId:4d5f761ebcf24f7dbbcf27907d246b6cd03e79e870e70615792d660347c32d05 groupId:955af0ece2f8c075345f23904655f0d19e694f5a8e1c66e28a0b8b57ef80799d kind:audiooutput label:Built-in Output] map[deviceId:1bcd5be1b5f88e1911661022c36bd7f43d801c47e4cc7aa3984dc8609c95ff28 groupId:d4759c2d24deea16308f912a209d43a6a00b330d2d8bb474260457425189c445 kind:videoinput label:FaceTime HD Camera]] media_query_any_hover:none media_query_any_pointer:coarse media_query_hover:none media_query_pointer:coarse offscreen_canvas_available:true pdfViewerEnabled:true performance_memory:map[jsHeapSizeLimit:4.294705646e+09 totalJSHeapSize:4.0444105e+07 usedJSHeapSize:1.9053514e+07] permissions_notifications_state:default platform:Win32 productSub:20030107 scheduling:map[isInputPending:false] screen_color_depth:32 screen_inner_height:765 screen_inner_width:1520 screen_orientation:portrait-primary screen_outer_height:834 screen_outer_width:1536 storage_persisted:false storage_quota:1.93736360885e+11 storage_usage:2.28589568e+08 timezone:America/New_York userActivation:map[hasBeenActive:false isActive:false] userAgent:Mozilla/5.0 (Windows NT 10.0; Win64; x64) AppleWebKit/537.36 (KHTML, like Gecko) Chrome/134.0.0.0 Safari/537.36 userAgentData:map[brands:[map[brand:Chromium version:116] map[brand:Not)A;Brand version:24] map[brand:Google Chrome version:116]] mobile:false platform:windows uaFullVersion:116.0.0.0] vendor:Google Inc. webdriver:false webdriverString:function () { [native code] } webrtc_data:map[ice_candidates:[candidate:0 1 UDP 2122252543 0cf9f9d1-4afb-3b2e-2308-8facdde0c64f.local 58349 typ host]]]
2026/03/09 13:57:00 NAV_DATA JSON: map[Notification_permission:default appVersion:5.0 (Windows NT 10.0; Win64; x64) AppleWebKit/537.36 (KHTML, like Gecko) Chrome/134.0.0.0 Safari/537.36 audio_worklet_available:true battery_status:map[charging:true chargingTime:0 dischargingTime:1e+308 level:1] chrome:map[] chrome_app:map[InstallState:map[DISABLED:disabled INSTALLED:installed NOT_INSTALLED:not_installed] RunningState:map[CANNOT_RUN:cannot_run READY_TO_RUN:ready_to_run RUNNING:running] isInstalled:false] chrome_csi:map[onloadT:3164 pageT:2798 startE:1.773026817723e+12 tran:15] chrome_loadTimes:map[commitLoadTime:1.7730268184050112e+09 connectionInfo:h2 finishDocumentLoadTime:1.7730268190337682e+09 finishLoadTime:1.7730268193171387e+09 firstPaintAfterLoadTime:0 firstPaintTime:1.773026818534138e+09 navigationType:Other npnNegotiatedProtocol:h2 requestTime:1.773026817723437e+09 startLoadTime:1.773026817980448e+09 wasAlternateProtocolAvailable:false wasFetchedViaSpdy:true wasNpnNegotiated:true] connection:map[downlink:5.6 effectiveType:4g rtt:125 saveData:false] cookieEnabled:true deviceMemory:32 gpu_present:true hardwareConcurrency:8 intl_locale:en-US intl_timezone:America/New_York keyboard:map[] language:en-US languages:[en-US en] locks:map[] maxTouchPoints:0 media_devices:[map[deviceId:ae71d827befa0c950a88aee0dba9f2af7af6789187934575ca9297218cafed85 groupId:fc46eb3895c7f65f290907627c6d2489df187286292292673be9e4c9ccd6fda0 kind:audioinput label:Internal Microphone] map[deviceId:default groupId:fc46eb3895c7f65f290907627c6d2489df187286292292673be9e4c9ccd6fda0 kind:audiooutput label:Default - Speakers] map[deviceId:b27d714db9d22bf5b59b64bf71ecd88742b28692906a98697c4932d521cb4e31 groupId:fc46eb3895c7f65f290907627c6d2489df187286292292673be9e4c9ccd6fda0 kind:audiooutput label:Built-in Output] map[deviceId:9fc5c1fec92d0318697b136391744507b50c0a89c0ee3b2baf2cacc439999046 groupId:8a82dccf1f9bb27ad119f7f6449d360d8d15ce3e7e6f0bef3b573f66fa3c7316 kind:videoinput label:FaceTime HD Camera]] media_query_any_hover:hover media_query_any_pointer:fine media_query_hover:hover media_query_pointer:fine offscreen_canvas_available:true pdfViewerEnabled:true performance_memory:map[jsHeapSizeLimit:4.294705142e+09 totalJSHeapSize:3.5041211e+07 usedJSHeapSize:1.5151907e+07] permissions_notifications_state:default platform:Win32 productSub:20030107 scheduling:map[isInputPending:false] screen_color_depth:24 screen_inner_height:952 screen_inner_width:1904 screen_orientation:landscape-primary screen_outer_height:1033 screen_outer_width:1920 storage_persisted:false storage_quota:3.0177227727e+11 storage_usage:2.85212672e+08 timezone:America/New_York userActivation:map[hasBeenActive:false isActive:false] userAgent:Mozilla/5.0 (Windows NT 10.0; Win64; x64) AppleWebKit/537.36 (KHTML, like Gecko) Chrome/134.0.0.0 Safari/537.36 userAgentData:map[brands:[map[brand:Chromium version:116] map[brand:Not)A;Brand version:24] map[brand:Google Chrome version:116]] mobile:false platform:windows uaFullVersion:116.0.0.0] vendor:Google Inc. webdriver:false webdriverString:function () { [native code] } webrtc_data:map[ice_candidates:[candidate:0 1 UDP 2122252543 b151a376-d0ad-0645-8cac-c27736d2de87.local 58349 typ host candidate:1 1 UDP 2122252542 192.168.1.75 58350 typ host]]]
2026/03/09 13:57:00 NAV_DATA JSON: map[Notification_permission:default appVersion:5.0 (Windows NT 10.0; Win64; x64) AppleWebKit/537.36 (KHTML, like Gecko) Chrome/134.0.0.0 Safari/537.36 audio_worklet_available:true battery_status:map[charging:false chargingTime:0 dischargingTime:15415 level:0.26851804933441076] chrome:map[] chrome_app:map[InstallState:map[DISABLED:disabled INSTALLED:installed NOT_INSTALLED:not_installed] RunningState:map[CANNOT_RUN:cannot_run READY_TO_RUN:ready_to_run RUNNING:running] isInstalled:false] chrome_csi:map[onloadT:2908 pageT:2330 startE:1.773026818197e+12 tran:15] chrome_loadTimes:map[commitLoadTime:1.7730268192092297e+09 connectionInfo:h2 finishDocumentLoadTime:1.7730268197141275e+09 finishLoadTime:1.7730268198397803e+09 firstPaintAfterLoadTime:0 firstPaintTime:1.7730268193284132e+09 navigationType:Other npnNegotiatedProtocol:h2 requestTime:1.7730268181976984e+09 startLoadTime:1.7730268185199032e+09 wasAlternateProtocolAvailable:false wasFetchedViaSpdy:true wasNpnNegotiated:true] connection:map[downlink:7.7 effectiveType:4g rtt:75 saveData:false] cookieEnabled:true deviceMemory:4 gpu_present:true hardwareConcurrency:8 intl_locale:en-US intl_timezone:America/New_York keyboard:map[] language:en-US languages:[en-US en] locks:map[] maxTouchPoints:0 media_devices:[map[deviceId:f82bcaab7368ded2b7b75bd257533fef971e641e3d3afeb1077bb9f7d399e649 groupId:0c95fa75032bdedb18f5f4d98bc0daf2090d4dd1045d9583233022e3bdf06af6 kind:audioinput label:Internal Microphone] map[deviceId:default groupId:0c95fa75032bdedb18f5f4d98bc0daf2090d4dd1045d9583233022e3bdf06af6 kind:audiooutput label:Default - Speakers] map[deviceId:528bdc6475b6de4193a67957330c06d0853b95cea4ef555ba0a86a7375314655 groupId:0c95fa75032bdedb18f5f4d98bc0daf2090d4dd1045d9583233022e3bdf06af6 kind:audiooutput label:Built-in Output] map[deviceId:08b49f992571854c2a8b028f1878c9a325fc8e87ac235f83de9afcd84a7fdf6c groupId:d399aa60ba3e7770df3ce666271c7746f81cfe78f6ce8287db211c503e6d66ab kind:videoinput label:FaceTime HD Camera]] media_query_any_hover:hover media_query_any_pointer:fine media_query_hover:hover media_query_pointer:fine offscreen_canvas_available:true pdfViewerEnabled:true performance_memory:map[jsHeapSizeLimit:2.172641306e+09 totalJSHeapSize:3.0733871e+07 usedJSHeapSize:2.2241876e+07] permissions_notifications_state:default platform:Win32 productSub:20030107 scheduling:map[isInputPending:false] screen_color_depth:32 screen_inner_height:948 screen_inner_width:1904 screen_orientation:landscape-primary screen_outer_height:1038 screen_outer_width:1920 storage_persisted:false storage_quota:0 storage_usage:2.7262976e+07 timezone:America/New_York userActivation:map[hasBeenActive:false isActive:false] userAgent:Mozilla/5.0 (Windows NT 10.0; Win64; x64) AppleWebKit/537.36 (KHTML, like Gecko) Chrome/134.0.0.0 Safari/537.36 userAgentData:map[brands:[map[brand:Chromium version:116] map[brand:Not)A;Brand version:24] map[brand:Google Chrome version:116]] mobile:false platform:windows uaFullVersion:116.0.0.0] vendor:Google Inc. webdriver:false webdriverString:function () { [native code] } webrtc_data:map[ice_candidates:[candidate:0 1 UDP 2122252543 9a4677a4-259c-8d23-4bbd-5c45e207689c.local 58349 typ host candidate:1 1 UDP 2122252542 192.168.1.147 58350 typ host]]]
2026/03/09 13:57:00 NAV_DATA JSON: map[Notification_permission:default appVersion:5.0 (Windows NT 10.0; Win64; x64) AppleWebKit/537.36 (KHTML, like Gecko) Chrome/134.0.0.0 Safari/537.36 audio_worklet_available:true battery_status:map[charging:false chargingTime:0 dischargingTime:2822 level:0.8770440597392564] chrome:map[] chrome_app:map[InstallState:map[DISABLED:disabled INSTALLED:installed NOT_INSTALLED:not_installed] RunningState:map[CANNOT_RUN:cannot_run READY_TO_RUN:ready_to_run RUNNING:running] isInstalled:false] chrome_csi:map[onloadT:3002 pageT:2485 startE:1.773026818043e+12 tran:15] chrome_loadTimes:map[commitLoadTime:1.773026819056224e+09 connectionInfo:h2 finishDocumentLoadTime:1.773026819561979e+09 finishLoadTime:1.773026819684807e+09 firstPaintAfterLoadTime:0 firstPaintTime:1.7730268193384845e+09 navigationType:Other npnNegotiatedProtocol:h2 requestTime:1.773026818043246e+09 startLoadTime:1.7730268182823544e+09 wasAlternateProtocolAvailable:false wasFetchedViaSpdy:true wasNpnNegotiated:true] connection:map[downlink:4.9 effectiveType:4g rtt:175 saveData:false] cookieEnabled:true deviceMemory:4 gpu_present:true hardwareConcurrency:8 intl_locale:en-US intl_timezone:America/New_York keyboard:map[] language:en-US languages:[en-US en] locks:map[] maxTouchPoints:0 media_devices:[map[deviceId:60b49d03907c364d35d97cec1c3a66d4161125fa06f18b5ac33f7da4510bf7fe groupId:f143cb542d06e896e373922f3fca046935bee4d62146da5dcdbae6707120085c kind:audioinput label:Internal Microphone] map[deviceId:default groupId:f143cb542d06e896e373922f3fca046935bee4d62146da5dcdbae6707120085c kind:audiooutput label:Default - Speakers] map[deviceId:a56558e65c33d65a6b74c29e45d1e4bfdb3731c2bdefb2ece71d1a01b45e791f groupId:f143cb542d06e896e373922f3fca046935bee4d62146da5dcdbae6707120085c kind:audiooutput label:Built-in Output] map[deviceId:42c73ab5f12b569f7f5b00f444104bbbe3e141daf9d48f191d2a18f375936639 groupId:e6c0cd33f37168bc912f72b1d04be22177ff712e8a701f25b270ab64d02218b2 kind:videoinput label:FaceTime HD Camera]] media_query_any_hover:hover media_query_any_pointer:fine media_query_hover:hover media_query_pointer:fine offscreen_canvas_available:true pdfViewerEnabled:true performance_memory:map[jsHeapSizeLimit:2.172641452e+09 totalJSHeapSize:3.6074464e+07 usedJSHeapSize:1.7709474e+07] permissions_notifications_state:default platform:Win32 productSub:20030107 scheduling:map[isInputPending:false] screen_color_depth:32 screen_inner_height:836 screen_inner_width:1691 screen_orientation:landscape-primary screen_outer_height:915 screen_outer_width:1707 storage_persisted:false storage_quota:0 storage_usage:1.7825792e+07 timezone:America/New_York userActivation:map[hasBeenActive:false isActive:false] userAgent:Mozilla/5.0 (Windows NT 10.0; Win64; x64) AppleWebKit/537.36 (KHTML, like Gecko) Chrome/134.0.0.0 Safari/537.36 userAgentData:map[brands:[map[brand:Chromium version:116] map[brand:Not)A;Brand version:24] map[brand:Google Chrome version:116]] mobile:false platform:windows uaFullVersion:116.0.0.0] vendor:Google Inc. webdriver:false webdriverString:function () { [native code] } webrtc_data:map[ice_candidates:[candidate:0 1 UDP 2122252543 9c39f04f-5f36-c7c0-bf41-1e71d3b0c607.local 58349 typ host candidate:1 1 UDP 2122252542 192.168.1.100 58350 typ host]]]
2026/03/09 13:57:00 NAV_DATA JSON: map[Notification_permission:default appVersion:5.0 (Windows NT 10.0; Win64; x64) AppleWebKit/537.36 (KHTML, like Gecko) Chrome/134.0.0.0 Safari/537.36 audio_worklet_available:true battery_status:map[charging:true chargingTime:0 dischargingTime:1e+308 level:1] chrome:map[] chrome_app:map[InstallState:map[DISABLED:disabled INSTALLED:installed NOT_INSTALLED:not_installed] RunningState:map[CANNOT_RUN:cannot_run READY_TO_RUN:ready_to_run RUNNING:running] isInstalled:false] chrome_csi:map[onloadT:3052 pageT:2531 startE:1.773026817999e+12 tran:15] chrome_loadTimes:map[commitLoadTime:1.7730268190654097e+09 connectionInfo:h2 finishDocumentLoadTime:1.773026819530747e+09 finishLoadTime:1.7730268197964804e+09 firstPaintAfterLoadTime:0 firstPaintTime:1.7730268192949717e+09 navigationType:Other npnNegotiatedProtocol:h2 requestTime:1.7730268179996e+09 startLoadTime:1.7730268183715656e+09 wasAlternateProtocolAvailable:false wasFetchedViaSpdy:true wasNpnNegotiated:true] connection:map[downlink:5.2 effectiveType:4g rtt:100 saveData:false] cookieEnabled:true deviceMemory:4 gpu_present:true hardwareConcurrency:4 intl_locale:en-US intl_timezone:America/New_York keyboard:map[] language:en-US languages:[en-US en] locks:map[] maxTouchPoints:0 media_devices:[map[deviceId:1766cc92018a19df305387ab06c9479ed292207833a38044b50120ee42aec466 groupId:9a06d3fffa66c0d543efbe23196f2308df93c238df072df42f09eb5c9b86559a kind:audioinput label:Internal Microphone] map[deviceId:default groupId:9a06d3fffa66c0d543efbe23196f2308df93c238df072df42f09eb5c9b86559a kind:audiooutput label:Default - Speakers] map[deviceId:ac4880923218bd9cf7f89dcee359a3a46f219f1ca9fc02e30cf0e23011319ad2 groupId:9a06d3fffa66c0d543efbe23196f2308df93c238df072df42f09eb5c9b86559a kind:audiooutput label:Built-in Output] map[deviceId:5fa29fdac72936e253b410d121878238f765d8548af10e3aecaebe561178dbae groupId:d811ea48130dbc90361c6bb0aceaf793a524123cc7d77dd617b032e7e40ece4e kind:videoinput label:FaceTime HD Camera]] media_query_any_hover:none media_query_any_pointer:coarse media_query_hover:none media_query_pointer:coarse offscreen_canvas_available:true pdfViewerEnabled:true performance_memory:map[jsHeapSizeLimit:2.17264106e+09 totalJSHeapSize:7.5815713e+07 usedJSHeapSize:5.6638627e+07] permissions_notifications_state:default platform:Win32 productSub:20030107 scheduling:map[isInputPending:false] screen_color_depth:24 screen_inner_height:2056 screen_inner_width:3824 screen_orientation:portrait-primary screen_outer_height:2124 screen_outer_width:3840 storage_persisted:false storage_quota:0 storage_usage:3.07232768e+08 timezone:America/New_York userActivation:map[hasBeenActive:false isActive:false] userAgent:Mozilla/5.0 (Windows NT 10.0; Win64; x64) AppleWebKit/537.36 (KHTML, like Gecko) Chrome/134.0.0.0 Safari/537.36 userAgentData:map[brands:[map[brand:Chromium version:116] map[brand:Not)A;Brand version:24] map[brand:Google Chrome version:116]] mobile:false platform:windows uaFullVersion:116.0.0.0] vendor:Google Inc. webdriver:false webdriverString:function () { [native code] } webrtc_data:map[ice_candidates:[candidate:0 1 UDP 2122252543 b1d636ac-89b2-055e-f77f-69d3ec155bdc.local 58349 typ host]]]
2026/03/09 13:57:00 NAV_DATA JSON: map[Notification_permission:default appVersion:5.0 (Windows NT 10.0; Win64; x64) AppleWebKit/537.36 (KHTML, like Gecko) Chrome/134.0.0.0 Safari/537.36 audio_worklet_available:true battery_status:map[charging:true chargingTime:0 dischargingTime:1e+308 level:1] chrome:map[] chrome_app:map[InstallState:map[DISABLED:disabled INSTALLED:installed NOT_INSTALLED:not_installed] RunningState:map[CANNOT_RUN:cannot_run READY_TO_RUN:ready_to_run RUNNING:running] isInstalled:false] chrome_csi:map[onloadT:3403 pageT:2945 startE:1.773026817586e+12 tran:15] chrome_loadTimes:map[commitLoadTime:1.7730268184921563e+09 connectionInfo:h2 finishDocumentLoadTime:1.7730268192495208e+09 finishLoadTime:1.7730268194761558e+09 firstPaintAfterLoadTime:0 firstPaintTime:1.7730268188096404e+09 navigationType:Other npnNegotiatedProtocol:h2 requestTime:1.7730268175867584e+09 startLoadTime:1.773026817790708e+09 wasAlternateProtocolAvailable:false wasFetchedViaSpdy:true wasNpnNegotiated:true] connection:map[downlink:4.2 effectiveType:4g rtt:75 saveData:false] cookieEnabled:true deviceMemory:32 gpu_present:true hardwareConcurrency:12 intl_locale:en-US intl_timezone:America/New_York keyboard:map[] language:en-US languages:[en-US en] locks:map[] maxTouchPoints:0 media_devices:[map[deviceId:b85d313ab2995e6d5a6acc7d2af204a85e2b3c48d71bd409b2195c6df78d5fff groupId:34570d3ae4317e2cb4fd0b97803a69d70aff9c187f3e788146c7fad6c4f0d82d kind:audioinput label:Internal Microphone] map[deviceId:default groupId:34570d3ae4317e2cb4fd0b97803a69d70aff9c187f3e788146c7fad6c4f0d82d kind:audiooutput label:Default - Speakers] map[deviceId:ec2c64152e3d8941f83be1d445b97fab7a0830a919276fb4e92be798b30b6cf0 groupId:34570d3ae4317e2cb4fd0b97803a69d70aff9c187f3e788146c7fad6c4f0d82d kind:audiooutput label:Built-in Output]] media_query_any_hover:hover media_query_any_pointer:fine media_query_hover:hover media_query_pointer:fine offscreen_canvas_available:true pdfViewerEnabled:true performance_memory:map[jsHeapSizeLimit:4.294704759e+09 totalJSHeapSize:3.1726867e+07 usedJSHeapSize:1.5488443e+07] permissions_notifications_state:default platform:Win32 productSub:20030107 scheduling:map[isInputPending:false] screen_color_depth:32 screen_inner_height:951 screen_inner_width:1905 screen_orientation:landscape-primary screen_outer_height:1033 screen_outer_width:1920 storage_persisted:false storage_quota:0 storage_usage:4.37256192e+08 timezone:America/New_York userActivation:map[hasBeenActive:false isActive:false] userAgent:Mozilla/5.0 (Windows NT 10.0; Win64; x64) AppleWebKit/537.36 (KHTML, like Gecko) Chrome/134.0.0.0 Safari/537.36 userAgentData:map[brands:[map[brand:Chromium version:116] map[brand:Not)A;Brand version:24] map[brand:Google Chrome version:116]] mobile:false platform:windows uaFullVersion:116.0.0.0] vendor:Google Inc. webdriver:false webdriverString:function () { [native code] } webrtc_data:map[ice_candidates:[]]]
2026/03/09 13:57:00 NAV_DATA JSON: map[Notification_permission:default appVersion:5.0 (Windows NT 10.0; Win64; x64) AppleWebKit/537.36 (KHTML, like Gecko) Chrome/134.0.0.0 Safari/537.36 audio_worklet_available:true battery_status:map[charging:false chargingTime:0 dischargingTime:15899 level:0.8712568387072283] chrome:map[] chrome_app:map[InstallState:map[DISABLED:disabled INSTALLED:installed NOT_INSTALLED:not_installed] RunningState:map[CANNOT_RUN:cannot_run READY_TO_RUN:ready_to_run RUNNING:running] isInstalled:false] chrome_csi:map[onloadT:2809 pageT:2238 startE:1.773026818294e+12 tran:15] chrome_loadTimes:map[commitLoadTime:1.773026819246595e+09 connectionInfo:h2 finishDocumentLoadTime:1.7730268195842094e+09 finishLoadTime:1.7730268198356814e+09 firstPaintAfterLoadTime:0 firstPaintTime:1.7730268193537736e+09 navigationType:Other npnNegotiatedProtocol:h2 requestTime:1.773026818294612e+09 startLoadTime:1.7730268186218429e+09 wasAlternateProtocolAvailable:false wasFetchedViaSpdy:true wasNpnNegotiated:true] connection:map[downlink:4.9 effectiveType:4g rtt:100 saveData:false] cookieEnabled:true deviceMemory:32 gpu_present:true hardwareConcurrency:16 intl_locale:en-US intl_timezone:America/New_York keyboard:map[] language:en-US languages:[en-US en] locks:map[] maxTouchPoints:0 media_devices:[map[deviceId:cd954583a8fcbad1a5114d9c1a3848a85ed12c38a4e415194c7ef05c93aec42b groupId:d66d00e4d1c19fd7f8ead8db8ab4ffb7011432b5049c0f0adeef90b98e8514bd kind:audioinput label:Internal Microphone] map[deviceId:default groupId:d66d00e4d1c19fd7f8ead8db8ab4ffb7011432b5049c0f0adeef90b98e8514bd kind:audiooutput label:Default - Speakers] map[deviceId:3b875e3bb3dfa012fb3326365651ed3234f8d7db63d512a2b921265655a41b51 groupId:d66d00e4d1c19fd7f8ead8db8ab4ffb7011432b5049c0f0adeef90b98e8514bd kind:audiooutput label:Built-in Output]] media_query_any_hover:hover media_query_any_pointer:coarse media_query_hover:hover media_query_pointer:coarse offscreen_canvas_available:true pdfViewerEnabled:true performance_memory:map[jsHeapSizeLimit:4.294704948e+09 totalJSHeapSize:6.0842352e+07 usedJSHeapSize:1.9233993e+07] permissions_notifications_state:default platform:Win32 productSub:20030107 scheduling:map[isInputPending:false] screen_color_depth:24 screen_inner_height:1499 screen_inner_width:2865 screen_orientation:landscape-primary screen_outer_height:1580 screen_outer_width:2880 storage_persisted:false storage_quota:3.5208116338e+10 storage_usage:9.961472e+07 timezone:America/New_York userActivation:map[hasBeenActive:false isActive:false] userAgent:Mozilla/5.0 (Windows NT 10.0; Win64; x64) AppleWebKit/537.36 (KHTML, like Gecko) Chrome/134.0.0.0 Safari/537.36 userAgentData:map[brands:[map[brand:Chromium version:116] map[brand:Not)A;Brand version:24] map[brand:Google Chrome version:116]] mobile:false platform:windows uaFullVersion:116.0.0.0] vendor:Google Inc. webdriver:false webdriverString:function () { [native code] } webrtc_data:map[ice_candidates:[candidate:0 1 UDP 2122252543 62e5176a-aa96-1bda-5b89-bc37ff67df9d.local 58349 typ host]]]
2026/03/09 13:57:00 NAV_DATA JSON: map[Notification_permission:default appVersion:5.0 (Windows NT 10.0; Win64; x64) AppleWebKit/537.36 (KHTML, like Gecko) Chrome/134.0.0.0 Safari/537.36 audio_worklet_available:true battery_status:map[charging:true chargingTime:0 dischargingTime:1e+308 level:1] chrome:map[] chrome_app:map[InstallState:map[DISABLED:disabled INSTALLED:installed NOT_INSTALLED:not_installed] RunningState:map[CANNOT_RUN:cannot_run READY_TO_RUN:ready_to_run RUNNING:running] isInstalled:false] chrome_csi:map[onloadT:3231 pageT:2681 startE:1.773026817852e+12 tran:15] chrome_loadTimes:map[commitLoadTime:1.773026818673264e+09 connectionInfo:h2 finishDocumentLoadTime:1.7730268194029586e+09 finishLoadTime:1.7730268196750212e+09 firstPaintAfterLoadTime:0 firstPaintTime:1.7730268189540424e+09 navigationType:Other npnNegotiatedProtocol:h2 requestTime:1.7730268178526318e+09 startLoadTime:1.7730268181676004e+09 wasAlternateProtocolAvailable:false wasFetchedViaSpdy:true wasNpnNegotiated:true] connection:map[downlink:5.9 effectiveType:4g rtt:125 saveData:false] cookieEnabled:true deviceMemory:4 gpu_present:false hardwareConcurrency:3 intl_locale:en-US intl_timezone:America/New_York keyboard:map[] language:en-US languages:[en-US en] locks:map[] maxTouchPoints:0 media_devices:[map[deviceId:fc4af4bd4410ed7a4e134b1807070b618332495d58c697462d2e492db03b215b groupId:62a8690f8297ebf2aa022047ad8978a0004bf49bbe9c8865f17f06317957988c kind:audioinput label:Internal Microphone] map[deviceId:default groupId:62a8690f8297ebf2aa022047ad8978a0004bf49bbe9c8865f17f06317957988c kind:audiooutput label:Default - Speakers] map[deviceId:6de23a8c09650ed927de7f6c89bf67fef63da6626aacc53562cfa919a8600ac8 groupId:62a8690f8297ebf2aa022047ad8978a0004bf49bbe9c8865f17f06317957988c kind:audiooutput label:Built-in Output] map[deviceId:07ae1df8df7242c12c4dcae7b71fcd7c1ed6bf3f45d88cc35bb48348d7d08d4b groupId:06b48f60499b31c3a69155c19f5421f3754960c7c1bddd645413e632b4038853 kind:videoinput label:FaceTime HD Camera]] media_query_any_hover:hover media_query_any_pointer:fine media_query_hover:hover media_query_pointer:fine offscreen_canvas_available:true pdfViewerEnabled:true performance_memory:map[jsHeapSizeLimit:2.172641334e+09 totalJSHeapSize:2.8590356e+07 usedJSHeapSize:1.7126681e+07] permissions_notifications_state:default platform:Win32 productSub:20030107 scheduling:map[isInputPending:false] screen_color_depth:24 screen_inner_height:955 screen_inner_width:1904 screen_orientation:landscape-primary screen_outer_height:1035 screen_outer_width:1920 storage_persisted:false storage_quota:0 storage_usage:2.94649856e+08 timezone:America/New_York userActivation:map[hasBeenActive:false isActive:false] userAgent:Mozilla/5.0 (Windows NT 10.0; Win64; x64) AppleWebKit/537.36 (KHTML, like Gecko) Chrome/134.0.0.0 Safari/537.36 userAgentData:map[brands:[map[brand:Chromium version:116] map[brand:Not)A;Brand version:24] map[brand:Google Chrome version:116]] mobile:false platform:windows uaFullVersion:116.0.0.0] vendor:Google Inc. webdriver:false webdriverString:function () { [native code] } webrtc_data:map[ice_candidates:[]]]
2026/03/09 13:57:00 NAV_DATA JSON: map[Notification_permission:default appVersion:5.0 (Windows NT 10.0; Win64; x64) AppleWebKit/537.36 (KHTML, like Gecko) Chrome/134.0.0.0 Safari/537.36 audio_worklet_available:true battery_status:map[charging:false chargingTime:0 dischargingTime:10467 level:0.22016846353169395] chrome:map[] chrome_app:map[InstallState:map[DISABLED:disabled INSTALLED:installed NOT_INSTALLED:not_installed] RunningState:map[CANNOT_RUN:cannot_run READY_TO_RUN:ready_to_run RUNNING:running] isInstalled:false] chrome_csi:map[onloadT:3081 pageT:2424 startE:1.773026818113e+12 tran:15] chrome_loadTimes:map[commitLoadTime:1.7730268188358278e+09 connectionInfo:h2 finishDocumentLoadTime:1.7730268194993036e+09 finishLoadTime:1.7730268197591264e+09 firstPaintAfterLoadTime:0 firstPaintTime:1.7730268190804203e+09 navigationType:Other npnNegotiatedProtocol:h2 requestTime:1.7730268181139538e+09 startLoadTime:1.7730268182545824e+09 wasAlternateProtocolAvailable:false wasFetchedViaSpdy:true wasNpnNegotiated:true] connection:map[downlink:3.1 effectiveType:4g rtt:175 saveData:false] cookieEnabled:true deviceMemory:32 gpu_present:true hardwareConcurrency:12 intl_locale:en-US intl_timezone:America/New_York keyboard:map[] language:en-US languages:[en-US en] locks:map[] maxTouchPoints:0 media_devices:[map[deviceId:4d55fd9f808bb3432b284d18f60233958c6d440c8ca974b5ba14bb45b6f509e7 groupId:48689203fdd8ecafc49b29e09446433fa8ca8c1d202699e6240a84c2d943674d kind:audioinput label:Internal Microphone] map[deviceId:default groupId:48689203fdd8ecafc49b29e09446433fa8ca8c1d202699e6240a84c2d943674d kind:audiooutput label:Default - Speakers] map[deviceId:7f4e7a2e948f0d5c91aaa249ae91d21e8bc0df7886147aa350ac45e8dc3585de groupId:48689203fdd8ecafc49b29e09446433fa8ca8c1d202699e6240a84c2d943674d kind:audiooutput label:Built-in Output] map[deviceId:4db48e5cd44d0a55db76d18bd914f79e193d8d754f5da9642d920bd8de73c943 groupId:608119b6634553f9b102cf41d7b588f46f3b833e192d2314b0f94df4274d3c5d kind:videoinput label:FaceTime HD Camera]] media_query_any_hover:none media_query_any_pointer:fine media_query_hover:none media_query_pointer:fine offscreen_canvas_available:true pdfViewerEnabled:true performance_memory:map[jsHeapSizeLimit:4.294704769e+09 totalJSHeapSize:7.4046874e+07 usedJSHeapSize:4.6323269e+07] permissions_notifications_state:default platform:Win32 productSub:20030107 scheduling:map[isInputPending:false] screen_color_depth:32 screen_inner_height:976 screen_inner_width:1905 screen_orientation:landscape-primary screen_outer_height:1046 screen_outer_width:1920 storage_persisted:false storage_quota:5.18988568979e+11 storage_usage:1.96083712e+08 timezone:America/New_York userActivation:map[hasBeenActive:false isActive:false] userAgent:Mozilla/5.0 (Windows NT 10.0; Win64; x64) AppleWebKit/537.36 (KHTML, like Gecko) Chrome/134.0.0.0 Safari/537.36 userAgentData:map[brands:[map[brand:Chromium version:116] map[brand:Not)A;Brand version:24] map[brand:Google Chrome version:116]] mobile:false platform:windows uaFullVersion:116.0.0.0] vendor:Google Inc. webdriver:false webdriverString:function () { [native code] } webrtc_data:map[ice_candidates:[candidate:0 1 UDP 2122252543 47d42e83-4883-04fd-3ba1-d75f89f81db2.local 58349 typ host candidate:1 1 UDP 2122252542 192.168.1.109 58350 typ host]]]
2026/03/09 13:57:00 NAV_DATA JSON: map[Notification_permission:default appVersion:5.0 (Windows NT 10.0; Win64; x64) AppleWebKit/537.36 (KHTML, like Gecko) Chrome/134.0.0.0 Safari/537.36 audio_worklet_available:true battery_status:map[charging:true chargingTime:0 dischargingTime:1e+308 level:1] chrome:map[] chrome_app:map[InstallState:map[DISABLED:disabled INSTALLED:installed NOT_INSTALLED:not_installed] RunningState:map[CANNOT_RUN:cannot_run READY_TO_RUN:ready_to_run RUNNING:running] isInstalled:false] chrome_csi:map[onloadT:2744 pageT:2420 startE:1.773026818119e+12 tran:15] chrome_loadTimes:map[commitLoadTime:1.7730268188090947e+09 connectionInfo:h2 finishDocumentLoadTime:1.7730268195467672e+09 finishLoadTime:1.7730268198056066e+09 firstPaintAfterLoadTime:0 firstPaintTime:1.7730268191220155e+09 navigationType:Other npnNegotiatedProtocol:h2 requestTime:1.7730268181193106e+09 startLoadTime:1.7730268183322597e+09 wasAlternateProtocolAvailable:false wasFetchedViaSpdy:true wasNpnNegotiated:true] connection:map[downlink:3.0810656811961272 effectiveType:4g rtt:170.30563496207947] cookieEnabled:true deviceMemory:8 gpu_present:true hardwareConcurrency:13 intl_locale:en-US intl_timezone:America/New_York keyboard:map[] language:en-US languages:[en-US en] locks:map[] maxTouchPoints:0 media_devices:[map[deviceId:ad3faa1ed1cd94c21aa949f56002291af9f9689057d1795b12dd110403fe3edc groupId:dd41acf97dd1b46f7b0fc7fe89a2937ee710c2fd4c30eb48239f8bf481456554 kind:audioinput label:Internal Microphone] map[deviceId:default groupId:dd41acf97dd1b46f7b0fc7fe89a2937ee710c2fd4c30eb48239f8bf481456554 kind:audiooutput label:Default - Speakers] map[deviceId:1ba0e157b8b387cf40ee026ca7709d598dc26104d6d745198ea7860c71c21a48 groupId:dd41acf97dd1b46f7b0fc7fe89a2937ee710c2fd4c30eb48239f8bf481456554 kind:audiooutput label:Built-in Output]] media_query_any_hover:hover media_query_any_pointer:fine media_query_hover:hover media_query_pointer:fine offscreen_canvas_available:true pdfViewerEnabled:true performance_memory:map[jsHeapSizeLimit:4.294704934e+09 totalJSHeapSize:6.9098231e+07 usedJSHeapSize:4.6307487e+07] permissions_notifications_state:default platform:Win32 productSub:20030107 scheduling:map[isInputPending:false] screen_color_depth:24 screen_inner_height:1300 screen_inner_width:2810 screen_orientation:landscape-primary screen_outer_height:1365 screen_outer_width:2826 storage_persisted:false storage_quota:5.04462106338e+11 storage_usage:4.718592e+08 timezone:America/New_York userActivation:map[hasBeenActive:false isActive:false] userAgent:Mozilla/5.0 (Windows NT 10.0; Win64; x64) AppleWebKit/537.36 (KHTML, like Gecko) Chrome/134.0.0.0 Safari/537.36 userAgentData:map[brands:[map[brand:Chromium version:116] map[brand:Not)A;Brand version:24] map[brand:Google Chrome version:116]] mobile:false platform:windows uaFullVersion:116.0.0.0] vendor:Google Inc. webdriver:false webdriverString:function () { [native code] } webrtc_data:map[ice_candidates:[candidate:0 1 UDP 2122252543 96713480-aba4-dee9-3ed7-9c1de031492c.local 58349 typ host]]]
2026/03/09 13:57:00 NAV_DATA JSON: map[Notification_permission:default appVersion:5.0 (Windows NT 10.0; Win64; x64) AppleWebKit/537.36 (KHTML, like Gecko) Chrome/134.0.0.0 Safari/537.36 audio_worklet_available:true battery_status:map[charging:true chargingTime:2782 dischargingTime:1e+308 level:0.6710558214541837] chrome:map[] chrome_app:map[InstallState:map[DISABLED:disabled INSTALLED:installed NOT_INSTALLED:not_installed] RunningState:map[CANNOT_RUN:cannot_run READY_TO_RUN:ready_to_run RUNNING:running] isInstalled:false] chrome_csi:map[onloadT:2694 pageT:2039 startE:1.773026818507e+12 tran:15] chrome_loadTimes:map[commitLoadTime:1.7730268193203208e+09 connectionInfo:h2 finishDocumentLoadTime:1.773026819888833e+09 finishLoadTime:1.7730268200225585e+09 firstPaintAfterLoadTime:0 firstPaintTime:1.7730268194212341e+09 navigationType:Other npnNegotiatedProtocol:h2 requestTime:1.773026818507495e+09 startLoadTime:1.7730268187617745e+09 wasAlternateProtocolAvailable:false wasFetchedViaSpdy:true wasNpnNegotiated:true] connection:map[downlink:3 effectiveType:4g rtt:150 saveData:false] cookieEnabled:true deviceMemory:16 gpu_present:false hardwareConcurrency:8 intl_locale:en-US intl_timezone:America/New_York keyboard:map[] language:en-US languages:[en-US en] locks:map[] maxTouchPoints:0 media_devices:[] media_query_any_hover:hover media_query_any_pointer:fine media_query_hover:hover media_query_pointer:fine offscreen_canvas_available:true pdfViewerEnabled:true performance_memory:map[jsHeapSizeLimit:4.29470564e+09 totalJSHeapSize:7.7178649e+07 usedJSHeapSize:4.5166942e+07] permissions_notifications_state:default platform:Win32 productSub:20030107 scheduling:map[isInputPending:false] screen_color_depth:32 screen_inner_height:884 screen_inner_width:1692 screen_orientation:landscape-primary screen_outer_height:960 screen_outer_width:1707 storage_persisted:false storage_quota:0 storage_usage:3.55467264e+08 timezone:America/New_York userActivation:map[hasBeenActive:false isActive:false] userAgent:Mozilla/5.0 (Windows NT 10.0; Win64; x64) AppleWebKit/537.36 (KHTML, like Gecko) Chrome/134.0.0.0 Safari/537.36 userAgentData:map[brands:[map[brand:Chromium version:116] map[brand:Not)A;Brand version:24] map[brand:Google Chrome version:116]] mobile:false platform:windows uaFullVersion:116.0.0.0] vendor:Google Inc. webdriver:false webdriverString:function () { [native code] } webrtc_data:map[ice_candidates:[]]]
2026/03/09 13:57:00 NAV_DATA JSON: map[Notification_permission:default appVersion:5.0 (Windows NT 10.0; Win64; x64) AppleWebKit/537.36 (KHTML, like Gecko) Chrome/134.0.0.0 Safari/537.36 audio_worklet_available:true battery_status:map[charging:false chargingTime:0 dischargingTime:528 level:0.634040056826653] chrome:map[] chrome_app:map[InstallState:map[DISABLED:disabled INSTALLED:installed NOT_INSTALLED:not_installed] RunningState:map[CANNOT_RUN:cannot_run READY_TO_RUN:ready_to_run RUNNING:running] isInstalled:false] chrome_csi:map[onloadT:2886 pageT:2341 startE:1.773026818207e+12 tran:15] chrome_loadTimes:map[commitLoadTime:1.7730268189764066e+09 connectionInfo:h2 finishDocumentLoadTime:1.7730268194943993e+09 finishLoadTime:1.7730268197067428e+09 firstPaintAfterLoadTime:0 firstPaintTime:1.7730268191403744e+09 navigationType:Other npnNegotiatedProtocol:h2 requestTime:1.7730268182075455e+09 startLoadTime:1.7730268184037704e+09 wasAlternateProtocolAvailable:false wasFetchedViaSpdy:true wasNpnNegotiated:true] connection:map[downlink:5.9 effectiveType:4g rtt:125 saveData:false] cookieEnabled:true deviceMemory:4 gpu_present:false hardwareConcurrency:8 intl_locale:en-US intl_timezone:America/New_York keyboard:map[] language:en-US languages:[en-US en] locks:map[] maxTouchPoints:0 media_devices:[map[deviceId:2aee8a825e55d7ee50ffe9e4d87e452ebbdf0fb2c75584eb7a3414a5909b1c09 groupId:3d055775a5f5e8961b37191c88c5273f1b5b19dcb5c2bd2c0e1784bbfac4cd40 kind:audioinput label:Internal Microphone] map[deviceId:default groupId:3d055775a5f5e8961b37191c88c5273f1b5b19dcb5c2bd2c0e1784bbfac4cd40 kind:audiooutput label:Default - Speakers] map[deviceId:35faa7aea2cbff8c8706f39b22afc1a215b7e671d1d6ad61b6a4f4101d463d7e groupId:3d055775a5f5e8961b37191c88c5273f1b5b19dcb5c2bd2c0e1784bbfac4cd40 kind:audiooutput label:Built-in Output]] media_query_any_hover:hover media_query_any_pointer:fine media_query_hover:hover media_query_pointer:fine offscreen_canvas_available:true pdfViewerEnabled:true performance_memory:map[jsHeapSizeLimit:2.172641168e+09 totalJSHeapSize:2.1976054e+07 usedJSHeapSize:9.232042e+06] permissions_notifications_state:denied platform:Win32 productSub:20030107 scheduling:map[isInputPending:false] screen_color_depth:24 screen_inner_height:1740 screen_inner_width:3185 screen_orientation:portrait-primary screen_outer_height:1800 screen_outer_width:3200 storage_persisted:false storage_quota:1.17453288844e+11 storage_usage:1.95035136e+08 timezone:America/New_York userActivation:map[hasBeenActive:false isActive:false] userAgent:Mozilla/5.0 (Windows NT 10.0; Win64; x64) AppleWebKit/537.36 (KHTML, like Gecko) Chrome/134.0.0.0 Safari/537.36 userAgentData:map[brands:[map[brand:Chromium version:116] map[brand:Not)A;Brand version:24] map[brand:Google Chrome version:116]] mobile:false platform:windows uaFullVersion:116.0.0.0] vendor:Google Inc. webdriver:false webdriverString:function () { [native code] }]
2026/03/09 13:57:00 NAV_DATA JSON: map[Notification_permission:default appVersion:5.0 (Windows NT 10.0; Win64; x64) AppleWebKit/537.36 (KHTML, like Gecko) Chrome/134.0.0.0 Safari/537.36 audio_worklet_available:true battery_status:map[charging:true chargingTime:703 dischargingTime:1e+308 level:0.574256099208726] chrome:map[] chrome_app:map[InstallState:map[DISABLED:disabled INSTALLED:installed NOT_INSTALLED:not_installed] RunningState:map[CANNOT_RUN:cannot_run READY_TO_RUN:ready_to_run RUNNING:running] isInstalled:false] chrome_csi:map[onloadT:2784 pageT:2247 startE:1.773026818303e+12 tran:15] chrome_loadTimes:map[commitLoadTime:1.773026818980543e+09 connectionInfo:h2 finishDocumentLoadTime:1.7730268194699106e+09 finishLoadTime:1.7730268197366965e+09 firstPaintAfterLoadTime:0 firstPaintTime:1.7730268192631848e+09 navigationType:Other npnNegotiatedProtocol:h2 requestTime:1.7730268183035657e+09 startLoadTime:1.7730268184440963e+09 wasAlternateProtocolAvailable:false wasFetchedViaSpdy:true wasNpnNegotiated:true] connection:map[downlink:5.8 effectiveType:4g rtt:150 saveData:false] cookieEnabled:true deviceMemory:16 gpu_present:true hardwareConcurrency:12 intl_locale:en-US intl_timezone:America/New_York keyboard:map[] language:en-US languages:[en-US en] locks:map[] maxTouchPoints:0 media_devices:[map[deviceId:fbbb31633a3a63309c0b4c40144b35027e7c00c24e6774647b8b34bfc24aa2d7 groupId:52201e84eb84af3f7443b561ad5c83b3a10d044b04c74166446993a045698bbb kind:audioinput label:Internal Microphone] map[deviceId:default groupId:52201e84eb84af3f7443b561ad5c83b3a10d044b04c74166446993a045698bbb kind:audiooutput label:Default - Speakers] map[deviceId:c98d1a61703566aad56c9ea44bf286a4e9b45ec5fd351940e140d320d8d158a6 groupId:52201e84eb84af3f7443b561ad5c83b3a10d044b04c74166446993a045698bbb kind:audiooutput label:Built-in Output] map[deviceId:31d98f43cd6c9fbedd6837b2f76afd4356591b000e68cac16d891522d877b465 groupId:e87bdbd8f1e49cb3a5603312ce50ea37e2adac046f716e7f40d83b29e7f1219f kind:videoinput label:FaceTime HD Camera]] media_query_any_hover:hover media_query_any_pointer:none media_query_hover:hover media_query_pointer:none offscreen_canvas_available:true pdfViewerEnabled:true performance_memory:map[jsHeapSizeLimit:4.294704912e+09 totalJSHeapSize:3.4179572e+07 usedJSHeapSize:1.5457399e+07] permissions_notifications_state:default platform:Win32 productSub:20030107 scheduling:map[isInputPending:false] screen_color_depth:32 screen_inner_height:985 screen_inner_width:1905 screen_orientation:landscape-primary screen_outer_height:1046 screen_outer_width:1920 storage_persisted:false storage_quota:4.23005865643e+11 storage_usage:4.89684992e+08 timezone:America/New_York userActivation:map[hasBeenActive:false isActive:false] userAgent:Mozilla/5.0 (Windows NT 10.0; Win64; x64) AppleWebKit/537.36 (KHTML, like Gecko) Chrome/134.0.0.0 Safari/537.36 userAgentData:map[brands:[map[brand:Chromium version:116] map[brand:Not)A;Brand version:24] map[brand:Google Chrome version:116]] mobile:false platform:windows uaFullVersion:116.0.0.0] vendor:Google Inc. webdriver:false webdriverString:function () { [native code] } webrtc_data:map[ice_candidates:[candidate:0 1 UDP 2122252543 2ab8801f-7b48-ae64-4b82-431eb4e9e975.local 58349 typ host]]]
2026/03/09 13:57:00 NAV_DATA JSON: map[Notification_permission:default appVersion:5.0 (Windows NT 10.0; Win64; x64) AppleWebKit/537.36 (KHTML, like Gecko) Chrome/134.0.0.0 Safari/537.36 audio_worklet_available:true battery_status:map[charging:true chargingTime:3064 dischargingTime:1e+308 level:0.7703864692766843] chrome:map[] chrome_app:map[InstallState:map[DISABLED:disabled INSTALLED:installed NOT_INSTALLED:not_installed] RunningState:map[CANNOT_RUN:cannot_run READY_TO_RUN:ready_to_run RUNNING:running] isInstalled:false] chrome_csi:map[onloadT:3050 pageT:2710 startE:1.773026817842e+12 tran:15] chrome_loadTimes:map[commitLoadTime:1.773026818575362e+09 connectionInfo:h2 finishDocumentLoadTime:1.7730268192724233e+09 finishLoadTime:1.7730268194719605e+09 firstPaintAfterLoadTime:0 firstPaintTime:1.773026818916018e+09 navigationType:Other npnNegotiatedProtocol:h2 requestTime:1.7730268178423312e+09 startLoadTime:1.7730268180724514e+09 wasAlternateProtocolAvailable:false wasFetchedViaSpdy:true wasNpnNegotiated:true] connection:map[downlink:9.392739882682708 effectiveType:4g rtt:140.09128002283305] cookieEnabled:true deviceMemory:32 gpu_present:true hardwareConcurrency:8 intl_locale:en-US intl_timezone:America/New_York keyboard:map[] language:en-US languages:[en-US en] locks:map[] maxTouchPoints:0 media_devices:[map[deviceId:733cddd8b605dba15a765ba64995489fb0a997a49c95888bc48b4eefbd31b364 groupId:554ad24ec97a8e3b62075f02474c103123b348392d46cbb47b5da4103fd5f667 kind:audioinput label:Internal Microphone] map[deviceId:default groupId:554ad24ec97a8e3b62075f02474c103123b348392d46cbb47b5da4103fd5f667 kind:audiooutput label:Default - Speakers] map[deviceId:81ca42a9ab941dff2e48fac8647309de93e0541cbbfbc778679c558b0e19856f groupId:554ad24ec97a8e3b62075f02474c103123b348392d46cbb47b5da4103fd5f667 kind:audiooutput label:Built-in Output] map[deviceId:913652f4037cb2d8a4936d3f69a81632851dfd825106c48bd33f0562aa4e5314 groupId:2164098abb12bb173b8d7ecb58ee5e03c767e974b4988d646539286e77867f44 kind:videoinput label:FaceTime HD Camera]] media_query_any_hover:none media_query_any_pointer:fine media_query_hover:none media_query_pointer:fine offscreen_canvas_available:true pdfViewerEnabled:true performance_memory:map[jsHeapSizeLimit:4.294704947e+09 totalJSHeapSize:5.8975721e+07 usedJSHeapSize:4.5159321e+07] permissions_notifications_state:default platform:Win32 productSub:20030107 scheduling:map[isInputPending:false] screen_color_depth:32 screen_inner_height:1198 screen_inner_width:2243 screen_orientation:landscape-primary screen_outer_height:1271 screen_outer_width:2259 storage_persisted:false storage_quota:3.82427815967e+11 storage_usage:1.05906176e+08 timezone:America/New_York userActivation:map[hasBeenActive:false isActive:false] userAgent:Mozilla/5.0 (Windows NT 10.0; Win64; x64) AppleWebKit/537.36 (KHTML, like Gecko) Chrome/134.0.0.0 Safari/537.36 userAgentData:map[brands:[map[brand:Chromium version:116] map[brand:Not)A;Brand version:24] map[brand:Google Chrome version:116]] mobile:false platform:windows uaFullVersion:116.0.0.0] vendor:Google Inc. webdriver:false webdriverString:function () { [native code] } webrtc_data:map[ice_candidates:[candidate:0 1 UDP 2122252543 6e2d56c7-044a-1071-7183-732a77f72f37.local 58349 typ host]]]
2026/03/09 13:57:00 NAV_DATA JSON: map[Notification_permission:default appVersion:5.0 (Windows NT 10.0; Win64; x64) AppleWebKit/537.36 (KHTML, like Gecko) Chrome/134.0.0.0 Safari/537.36 audio_worklet_available:true battery_status:map[charging:true chargingTime:0 dischargingTime:1e+308 level:1] chrome:map[] chrome_app:map[InstallState:map[DISABLED:disabled INSTALLED:installed NOT_INSTALLED:not_installed] RunningState:map[CANNOT_RUN:cannot_run READY_TO_RUN:ready_to_run RUNNING:running] isInstalled:false] chrome_csi:map[onloadT:2716 pageT:2260 startE:1.773026818294e+12 tran:15] chrome_loadTimes:map[commitLoadTime:1.7730268193989248e+09 connectionInfo:h2 finishDocumentLoadTime:1.7730268199823437e+09 finishLoadTime:1.7730268202533135e+09 firstPaintAfterLoadTime:0 firstPaintTime:1.7730268195689387e+09 navigationType:Other npnNegotiatedProtocol:h2 requestTime:1.7730268182949398e+09 startLoadTime:1.7730268186558867e+09 wasAlternateProtocolAvailable:false wasFetchedViaSpdy:true wasNpnNegotiated:true] connection:map[downlink:5.053542000186826 effectiveType:4g rtt:118.1915313069611] cookieEnabled:true deviceMemory:4 gpu_present:true hardwareConcurrency:8 intl_locale:en-US intl_timezone:America/New_York keyboard:map[] language:en-US languages:[en-US en] locks:map[] maxTouchPoints:0 media_devices:[map[deviceId:b090990a0a3a0d6baf5d92d11f17b9e56d81a0369c075e37f8a3b3fb7a9289b5 groupId:b1abab2fdd519ac1c6eece188ca24faec80efcba1749b4695a1ec156077eb09d kind:audioinput label:Internal Microphone] map[deviceId:default groupId:b1abab2fdd519ac1c6eece188ca24faec80efcba1749b4695a1ec156077eb09d kind:audiooutput label:Default - Speakers] map[deviceId:b928bfac6bfdc1bd246bb01047909d08afb02cc8b04b71081ffe41f804997811 groupId:b1abab2fdd519ac1c6eece188ca24faec80efcba1749b4695a1ec156077eb09d kind:audiooutput label:Built-in Output] map[deviceId:3e73117712d7e3168582aafbe11e33a54593dbf234efa96cc23d26e57bce8d01 groupId:add0f4d32f9794c8fb9837c2eb14a8a4632a4cb4cb499b11971a07afe2235e96 kind:videoinput label:FaceTime HD Camera]] media_query_any_hover:hover media_query_any_pointer:fine media_query_hover:hover media_query_pointer:fine offscreen_canvas_available:true pdfViewerEnabled:true performance_memory:map[jsHeapSizeLimit:2.172640928e+09 totalJSHeapSize:4.4036845e+07 usedJSHeapSize:1.9855788e+07] permissions_notifications_state:default platform:Win32 productSub:20030107 scheduling:map[isInputPending:false] screen_color_depth:32 screen_inner_height:1087 screen_inner_width:2527 screen_orientation:portrait-primary screen_outer_height:1158 screen_outer_width:2543 storage_persisted:false storage_quota:3.79115979483e+11 storage_usage:3.670016e+08 timezone:America/New_York userActivation:map[hasBeenActive:false isActive:false] userAgent:Mozilla/5.0 (Windows NT 10.0; Win64; x64) AppleWebKit/537.36 (KHTML, like Gecko) Chrome/134.0.0.0 Safari/537.36 userAgentData:map[brands:[map[brand:Chromium version:116] map[brand:Not)A;Brand version:24] map[brand:Google Chrome version:116]] mobile:false platform:windows uaFullVersion:116.0.0.0] vendor:Google Inc. webdriver:false webdriverString:function () { [native code] } webrtc_data:map[ice_candidates:[candidate:0 1 UDP 2122252543 ecadeb40-2416-8de9-ea6d-6879a2e5d2e9.local 58349 typ host]]]
2026/03/09 13:57:00 NAV_DATA JSON: map[Notification_permission:default appVersion:5.0 (Windows NT 10.0; Win64; x64) AppleWebKit/537.36 (KHTML, like Gecko) Chrome/134.0.0.0 Safari/537.36 audio_worklet_available:true battery_status:map[charging:false chargingTime:0 dischargingTime:8156 level:0.6429856960026373] chrome:map[] chrome_app:map[InstallState:map[DISABLED:disabled INSTALLED:installed NOT_INSTALLED:not_installed] RunningState:map[CANNOT_RUN:cannot_run READY_TO_RUN:ready_to_run RUNNING:running] isInstalled:false] chrome_csi:map[onloadT:2883 pageT:2300 startE:1.773026818259e+12 tran:15] chrome_loadTimes:map[commitLoadTime:1.773026818974115e+09 connectionInfo:h2 finishDocumentLoadTime:1.7730268196185312e+09 finishLoadTime:1.773026819853561e+09 firstPaintAfterLoadTime:0 firstPaintTime:1.773026819290647e+09 navigationType:Other npnNegotiatedProtocol:h2 requestTime:1.7730268182590039e+09 startLoadTime:1.7730268186187208e+09 wasAlternateProtocolAvailable:false wasFetchedViaSpdy:true wasNpnNegotiated:true] connection:map[downlink:5.9 effectiveType:4g rtt:150 saveData:false] cookieEnabled:true deviceMemory:8 gpu_present:false hardwareConcurrency:4 intl_locale:en-US intl_timezone:America/New_York keyboard:map[] language:en-US languages:[en-US en] locks:map[] maxTouchPoints:0 media_devices:[map[deviceId:bee6085d5b9f9b8ba34f7bac1e96701851376721306cf50edcb74dedc01fafdc groupId:aa348a1fc483e27c2dcfb9a8396114715fb8af862b1daf520f2b9470716d9af0 kind:audioinput label:Internal Microphone] map[deviceId:default groupId:aa348a1fc483e27c2dcfb9a8396114715fb8af862b1daf520f2b9470716d9af0 kind:audiooutput label:Default - Speakers] map[deviceId:81a8adb451c7b2a3ae2658b910518138d7bb0ac1da8d2cae86ddc67000582348 groupId:aa348a1fc483e27c2dcfb9a8396114715fb8af862b1daf520f2b9470716d9af0 kind:audiooutput label:Built-in Output]] media_query_any_hover:none media_query_any_pointer:fine media_query_hover:none media_query_pointer:fine offscreen_canvas_available:true pdfViewerEnabled:true performance_memory:map[jsHeapSizeLimit:4.29470514e+09 totalJSHeapSize:3.1076205e+07 usedJSHeapSize:1.0495845e+07] permissions_notifications_state:default platform:Win32 productSub:20030107 scheduling:map[isInputPending:false] screen_color_depth:32 screen_inner_height:1461 screen_inner_width:2505 screen_orientation:landscape-primary screen_outer_height:1537 screen_outer_width:2520 storage_persisted:false storage_quota:4.8309674778e+10 storage_usage:1.47849216e+08 timezone:America/New_York userActivation:map[hasBeenActive:false isActive:false] userAgent:Mozilla/5.0 (Windows NT 10.0; Win64; x64) AppleWebKit/537.36 (KHTML, like Gecko) Chrome/134.0.0.0 Safari/537.36 userAgentData:map[brands:[map[brand:Chromium version:116] map[brand:Not)A;Brand version:24] map[brand:Google Chrome version:116]] mobile:false platform:windows uaFullVersion:116.0.0.0] vendor:Google Inc. webdriver:false webdriverString:function () { [native code] } webrtc_data:map[ice_candidates:[]]]
2026/03/09 13:57:00 NAV_DATA JSON: map[Notification_permission:default appVersion:5.0 (Windows NT 10.0; Win64; x64) AppleWebKit/537.36 (KHTML, like Gecko) Chrome/134.0.0.0 Safari/537.36 audio_worklet_available:true battery_status:map[charging:false chargingTime:0 dischargingTime:2119 level:0.3311487022436581] chrome:map[] chrome_app:map[InstallState:map[DISABLED:disabled INSTALLED:installed NOT_INSTALLED:not_installed] RunningState:map[CANNOT_RUN:cannot_run READY_TO_RUN:ready_to_run RUNNING:running] isInstalled:false] chrome_csi:map[onloadT:3434 pageT:2887 startE:1.773026817673e+12 tran:15] chrome_loadTimes:map[commitLoadTime:1.7730268183744438e+09 connectionInfo:h2 finishDocumentLoadTime:1.773026818747539e+09 finishLoadTime:1.773026818941656e+09 firstPaintAfterLoadTime:0 firstPaintTime:1.7730268185435207e+09 navigationType:Other npnNegotiatedProtocol:h2 requestTime:1.7730268176738663e+09 startLoadTime:1.7730268180245035e+09 wasAlternateProtocolAvailable:false wasFetchedViaSpdy:true wasNpnNegotiated:true] connection:map[downlink:5.2 effectiveType:4g rtt:100 saveData:false] cookieEnabled:true deviceMemory:32 gpu_present:true hardwareConcurrency:16 intl_locale:en-US intl_timezone:America/New_York keyboard:map[] language:en-US languages:[en-US en] locks:map[] maxTouchPoints:0 media_devices:[map[deviceId:84a6d403c508d93fe0b0cf8591fcdee6edbea844134242bde3335b4de7c33e6d groupId:6671079ec7c697f78929dbf9402e5617e755cc25b4723ad369b1b294907230a6 kind:audioinput label:Internal Microphone] map[deviceId:default groupId:6671079ec7c697f78929dbf9402e5617e755cc25b4723ad369b1b294907230a6 kind:audiooutput label:Default - Speakers] map[deviceId:1349cb8ab7eb2150ed2dd78344e0fba1c9ab9826520f49f8d280d70d9b4bc9cf groupId:6671079ec7c697f78929dbf9402e5617e755cc25b4723ad369b1b294907230a6 kind:audiooutput label:Built-in Output] map[deviceId:7f59d0ddfbcbb00652002a94f0a0d7645b614af879565ddeff4e872c9d6ac9db groupId:c67c48a0cead2e5ab1887ed7bb9d4a9587419ef5f97c020f465d13fc01f5b957 kind:videoinput label:FaceTime HD Camera]] media_query_any_hover:hover media_query_any_pointer:fine media_query_hover:hover media_query_pointer:fine offscreen_canvas_available:true pdfViewerEnabled:true performance_memory:map[jsHeapSizeLimit:4.294705512e+09 totalJSHeapSize:6.2524696e+07 usedJSHeapSize:3.5113382e+07] permissions_notifications_state:default platform:Win32 productSub:20030107 scheduling:map[isInputPending:false] screen_color_depth:24 screen_inner_height:1679 screen_inner_width:3184 screen_orientation:landscape-primary screen_outer_height:1767 screen_outer_width:3200 storage_persisted:false storage_quota:0 storage_usage:4.64519168e+08 timezone:America/New_York userActivation:map[hasBeenActive:false isActive:false] userAgent:Mozilla/5.0 (Windows NT 10.0; Win64; x64) AppleWebKit/537.36 (KHTML, like Gecko) Chrome/134.0.0.0 Safari/537.36 userAgentData:map[brands:[map[brand:Chromium version:116] map[brand:Not)A;Brand version:24] map[brand:Google Chrome version:116]] mobile:false platform:windows uaFullVersion:116.0.0.0] vendor:Google Inc. webdriver:false webdriverString:function () { [native code] } webrtc_data:map[ice_candidates:[]]]
2026/03/09 13:57:00 NAV_DATA JSON: map[Notification_permission:default appVersion:5.0 (Windows NT 10.0; Win64; x64) AppleWebKit/537.36 (KHTML, like Gecko) Chrome/134.0.0.0 Safari/537.36 audio_worklet_available:true battery_status:map[charging:false chargingTime:0 dischargingTime:9693 level:0.7268066728505438] chrome:map[] chrome_app:map[InstallState:map[DISABLED:disabled INSTALLED:installed NOT_INSTALLED:not_installed] RunningState:map[CANNOT_RUN:cannot_run READY_TO_RUN:ready_to_run RUNNING:running] isInstalled:false] chrome_csi:map[onloadT:2687 pageT:2417 startE:1.773026818145e+12 tran:15] chrome_loadTimes:map[commitLoadTime:1.7730268188327506e+09 connectionInfo:h2 finishDocumentLoadTime:1.7730268192943108e+09 finishLoadTime:1.773026819471608e+09 firstPaintAfterLoadTime:0 firstPaintTime:1.7730268190846891e+09 navigationType:Other npnNegotiatedProtocol:h2 requestTime:1.7730268181458158e+09 startLoadTime:1.7730268185146778e+09 wasAlternateProtocolAvailable:false wasFetchedViaSpdy:true wasNpnNegotiated:true] connection:map[downlink:5.9 effectiveType:4g rtt:125 saveData:false] cookieEnabled:true deviceMemory:8 gpu_present:true hardwareConcurrency:8 intl_locale:en-US intl_timezone:America/New_York keyboard:map[] language:en-US languages:[en-US en] locks:map[] maxTouchPoints:0 media_devices:[map[deviceId:8b4629246158c3c694b6e4b7ee65f41fb8e3bb627619775d4c553b42d9ecb5c3 groupId:9773b28b8fb19f6a9026364435fbb8365c2f3333a924eefe65093de052c2b6ea kind:audioinput label:Internal Microphone] map[deviceId:default groupId:9773b28b8fb19f6a9026364435fbb8365c2f3333a924eefe65093de052c2b6ea kind:audiooutput label:Default - Speakers] map[deviceId:134f5476e7ef4774914b03a58e41d30890d5fa75edfd21b1d6f9450073546292 groupId:9773b28b8fb19f6a9026364435fbb8365c2f3333a924eefe65093de052c2b6ea kind:audiooutput label:Built-in Output] map[deviceId:78202136172bc1f6605a1f9769ec89c6e510682d91c4de135335bb888cd894eb groupId:dba11832894749d8b3efa6c6b11aa08b85d2fd47da1f1c14d530118bc5a89397 kind:videoinput label:FaceTime HD Camera]] media_query_any_hover:none media_query_any_pointer:fine media_query_hover:none media_query_pointer:fine offscreen_canvas_available:true pdfViewerEnabled:true performance_memory:map[jsHeapSizeLimit:4.294705045e+09 totalJSHeapSize:7.7590015e+07 usedJSHeapSize:5.0206663e+07] permissions_notifications_state:default platform:Win32 productSub:20030107 scheduling:map[isInputPending:false] screen_color_depth:32 screen_inner_height:950 screen_inner_width:1665 screen_orientation:landscape-primary screen_outer_height:1018 screen_outer_width:1680 storage_persisted:false storage_quota:2.0344279011e+11 storage_usage:3.58612992e+08 timezone:America/New_York userActivation:map[hasBeenActive:false isActive:false] userAgent:Mozilla/5.0 (Windows NT 10.0; Win64; x64) AppleWebKit/537.36 (KHTML, like Gecko) Chrome/134.0.0.0 Safari/537.36 userAgentData:map[brands:[map[brand:Chromium version:116] map[brand:Not)A;Brand version:24] map[brand:Google Chrome version:116]] mobile:false platform:windows uaFullVersion:116.0.0.0] vendor:Google Inc. webdriver:false webdriverString:function () { [native code] } webrtc_data:map[ice_candidates:[candidate:0 1 UDP 2122252543 da55c490-7f95-3aa0-ce4e-44f7efa438e1.local 58349 typ host]]]
2026/03/09 13:57:00 NAV_DATA JSON: map[Notification_permission:default appVersion:5.0 (Windows NT 10.0; Win64; x64) AppleWebKit/537.36 (KHTML, like Gecko) Chrome/134.0.0.0 Safari/537.36 audio_worklet_available:true battery_status:map[charging:false chargingTime:0 dischargingTime:15229 level:0.37497009732852704] chrome:map[] chrome_app:map[InstallState:map[DISABLED:disabled INSTALLED:installed NOT_INSTALLED:not_installed] RunningState:map[CANNOT_RUN:cannot_run READY_TO_RUN:ready_to_run RUNNING:running] isInstalled:false] chrome_csi:map[onloadT:3315 pageT:2685 startE:1.773026817878e+12 tran:15] chrome_loadTimes:map[commitLoadTime:1.7730268187710125e+09 connectionInfo:h2 finishDocumentLoadTime:1.773026819462196e+09 finishLoadTime:1.7730268195825605e+09 firstPaintAfterLoadTime:0 firstPaintTime:1.7730268190216515e+09 navigationType:Other npnNegotiatedProtocol:h2 requestTime:1.773026817878031e+09 startLoadTime:1.7730268181122458e+09 wasAlternateProtocolAvailable:false wasFetchedViaSpdy:true wasNpnNegotiated:true] connection:map[downlink:2.838973527310902 effectiveType:4g rtt:184.69978542099108] cookieEnabled:true deviceMemory:16 gpu_present:true hardwareConcurrency:3 intl_locale:en-US intl_timezone:America/New_York keyboard:map[] language:en-US languages:[en-US en] locks:map[] maxTouchPoints:0 media_devices:[map[deviceId:4990827ac8330afd9588852d57468b25e2b6fbf1712ac1a3bd2e2a9a9d4db4b9 groupId:8edd989bd418c48d4b1b32868be456e4d01362bb9103ae1942851135a892cfa0 kind:audioinput label:Internal Microphone] map[deviceId:default groupId:8edd989bd418c48d4b1b32868be456e4d01362bb9103ae1942851135a892cfa0 kind:audiooutput label:Default - Speakers] map[deviceId:2c40ac5c6bccc0d77ddf007f5c63aecbb0ca03db524dc01c1d598f5401d1ba1a groupId:8edd989bd418c48d4b1b32868be456e4d01362bb9103ae1942851135a892cfa0 kind:audiooutput label:Built-in Output] map[deviceId:9ec2a45a084c4e3384a0a801ef963cf92a46f2bed82bb3d36587d781907c2856 groupId:e099d3fe871ac20287bea75e27db11c6c04aed95d110703a25b900b2d0c6d1cc kind:videoinput label:FaceTime HD Camera]] media_query_any_hover:none media_query_any_pointer:fine media_query_hover:none media_query_pointer:fine offscreen_canvas_available:true pdfViewerEnabled:true performance_memory:map[jsHeapSizeLimit:4.294705521e+09 totalJSHeapSize:6.6955231e+07 usedJSHeapSize:4.2051052e+07] permissions_notifications_state:default platform:Win32 productSub:20030107 scheduling:map[isInputPending:false] screen_color_depth:32 screen_inner_height:1089 screen_inner_width:2052 screen_orientation:landscape-primary screen_outer_height:1163 screen_outer_width:2067 storage_persisted:false storage_quota:3.96481007903e+11 storage_usage:4.718592e+08 timezone:America/New_York userActivation:map[hasBeenActive:false isActive:false] userAgent:Mozilla/5.0 (Windows NT 10.0; Win64; x64) AppleWebKit/537.36 (KHTML, like Gecko) Chrome/134.0.0.0 Safari/537.36 userAgentData:map[brands:[map[brand:Chromium version:116] map[brand:Not)A;Brand version:24] map[brand:Google Chrome version:116]] mobile:false platform:windows uaFullVersion:116.0.0.0] vendor:Google Inc. webdriver:false webdriverString:function () { [native code] } webrtc_data:map[ice_candidates:[candidate:0 1 UDP 2122252543 cab086af-d1a7-0d6a-06de-a4f48e283c2a.local 58349 typ host candidate:1 1 UDP 2122252542 192.168.1.111 58350 typ host]]]
2026/03/09 13:57:00 NAV_DATA JSON: map[Notification_permission:default appVersion:5.0 (Windows NT 10.0; Win64; x64) AppleWebKit/537.36 (KHTML, like Gecko) Chrome/134.0.0.0 Safari/537.36 audio_worklet_available:true battery_status:map[charging:false chargingTime:0 dischargingTime:12267 level:0.6215480532066973] chrome:map[] chrome_app:map[InstallState:map[DISABLED:disabled INSTALLED:installed NOT_INSTALLED:not_installed] RunningState:map[CANNOT_RUN:cannot_run READY_TO_RUN:ready_to_run RUNNING:running] isInstalled:false] chrome_csi:map[onloadT:3104 pageT:2648 startE:1.773026817916e+12 tran:15] chrome_loadTimes:map[commitLoadTime:1.773026819028112e+09 connectionInfo:h2 finishDocumentLoadTime:1.77302681955335e+09 finishLoadTime:1.7730268196940966e+09 firstPaintAfterLoadTime:0 firstPaintTime:1.7730268193312304e+09 navigationType:Other npnNegotiatedProtocol:h2 requestTime:1.773026817916368e+09 startLoadTime:1.773026818306685e+09 wasAlternateProtocolAvailable:false wasFetchedViaSpdy:true wasNpnNegotiated:true] connection:map[downlink:5.525858598560358 effectiveType:4g rtt:138.58242148738324] cookieEnabled:true deviceMemory:16 gpu_present:false hardwareConcurrency:8 intl_locale:en-US intl_timezone:America/New_York keyboard:map[] language:en-US languages:[en-US en] locks:map[] maxTouchPoints:0 media_devices:[map[deviceId:3172651f06d25a9b5583ae5c003be2c8bbcc9c5c3b14e245578dc8868f16054c groupId:e7f12a264e60be04a014c68a1ffb0fc545bfb35de874d9f9c1239ceacbca242f kind:audioinput label:Internal Microphone] map[deviceId:default groupId:e7f12a264e60be04a014c68a1ffb0fc545bfb35de874d9f9c1239ceacbca242f kind:audiooutput label:Default - Speakers] map[deviceId:aac8436e095dcc7f5fa0ad109e4d64d2662249d5e3378e56568abb4dda1253e1 groupId:e7f12a264e60be04a014c68a1ffb0fc545bfb35de874d9f9c1239ceacbca242f kind:audiooutput label:Built-in Output] map[deviceId:0a820288bcfdeee9d9a3352228e4ba6bce3eea45ad28559b6067c9f283578683 groupId:ae42aeb04990fd50abf7b54cf41cd6c089daed288622254faea90703923192f6 kind:videoinput label:FaceTime HD Camera]] media_query_any_hover:hover media_query_any_pointer:fine media_query_hover:hover media_query_pointer:fine offscreen_canvas_available:true pdfViewerEnabled:true performance_memory:map[jsHeapSizeLimit:4.294705216e+09 totalJSHeapSize:3.6333811e+07 usedJSHeapSize:2.0871117e+07] permissions_notifications_state:default platform:Win32 productSub:20030107 scheduling:map[isInputPending:false] screen_color_depth:24 screen_inner_height:680 screen_inner_width:1765 screen_orientation:landscape-primary screen_outer_height:749 screen_outer_width:1781 storage_persisted:false storage_quota:1.93679431275e+11 storage_usage:5.00170752e+08 timezone:America/New_York userActivation:map[hasBeenActive:false isActive:false] userAgent:Mozilla/5.0 (Windows NT 10.0; Win64; x64) AppleWebKit/537.36 (KHTML, like Gecko) Chrome/134.0.0.0 Safari/537.36 userAgentData:map[brands:[map[brand:Chromium version:116] map[brand:Not)A;Brand version:24] map[brand:Google Chrome version:116]] mobile:false platform:windows uaFullVersion:116.0.0.0] vendor:Google Inc. webdriver:false webdriverString:function () { [native code] } webrtc_data:map[ice_candidates:[candidate:0 1 UDP 2122252543 1e6971f2-dc40-66b1-4f2f-c3e7d3dfe4f7.local 58349 typ host candidate:1 1 UDP 2122252542 192.168.1.184 58350 typ host]]]
2026/03/09 13:57:00 NAV_DATA JSON: map[Notification_permission:default appVersion:5.0 (Windows NT 10.0; Win64; x64) AppleWebKit/537.36 (KHTML, like Gecko) Chrome/134.0.0.0 Safari/537.36 audio_worklet_available:true battery_status:map[charging:true chargingTime:0 dischargingTime:1e+308 level:1] chrome:map[] chrome_app:map[InstallState:map[DISABLED:disabled INSTALLED:installed NOT_INSTALLED:not_installed] RunningState:map[CANNOT_RUN:cannot_run READY_TO_RUN:ready_to_run RUNNING:running] isInstalled:false] chrome_csi:map[onloadT:3263 pageT:2829 startE:1.773026817736e+12 tran:15] chrome_loadTimes:map[commitLoadTime:1.7730268182936506e+09 connectionInfo:h2 finishDocumentLoadTime:1.7730268191407282e+09 finishLoadTime:1.7730268193141842e+09 firstPaintAfterLoadTime:0 firstPaintTime:1.773026818653342e+09 navigationType:Other npnNegotiatedProtocol:h2 requestTime:1.7730268177363257e+09 startLoadTime:1.7730268178677063e+09 wasAlternateProtocolAvailable:false wasFetchedViaSpdy:true wasNpnNegotiated:true] connection:map[downlink:1.0587441010106455 effectiveType:4g rtt:99.90693459016995] cookieEnabled:true deviceMemory:32 gpu_present:false hardwareConcurrency:15 intl_locale:en-US intl_timezone:America/New_York keyboard:map[] language:en-US languages:[en-US en] locks:map[] maxTouchPoints:0 media_devices:[map[deviceId:ed58341675b6ac5c7e6a46764c2fe1d58a5522ff313d9b5501a856553bf90f0b groupId:768bef2589f3ebd1ec6507d8fb6e16e99540e32f5bedcc408d78d53ca1eb5c05 kind:audioinput label:Internal Microphone] map[deviceId:default groupId:768bef2589f3ebd1ec6507d8fb6e16e99540e32f5bedcc408d78d53ca1eb5c05 kind:audiooutput label:Default - Speakers] map[deviceId:058f4a955bddbea7a8019b1db66c86faae3d9fdabe322771cc22f576b92ce43d groupId:768bef2589f3ebd1ec6507d8fb6e16e99540e32f5bedcc408d78d53ca1eb5c05 kind:audiooutput label:Built-in Output]] media_query_any_hover:none media_query_any_pointer:coarse media_query_hover:none media_query_pointer:coarse offscreen_canvas_available:true pdfViewerEnabled:true performance_memory:map[jsHeapSizeLimit:4.294704885e+09 totalJSHeapSize:5.8680986e+07 usedJSHeapSize:2.7406027e+07] permissions_notifications_state:default platform:Win32 productSub:20030107 scheduling:map[isInputPending:false] screen_color_depth:24 screen_inner_height:1479 screen_inner_width:2931 screen_orientation:portrait-primary screen_outer_height:1565 screen_outer_width:2948 storage_persisted:false storage_quota:4.36203473224e+11 storage_usage:1.77209344e+08 timezone:America/New_York userActivation:map[hasBeenActive:false isActive:false] userAgent:Mozilla/5.0 (Windows NT 10.0; Win64; x64) AppleWebKit/537.36 (KHTML, like Gecko) Chrome/134.0.0.0 Safari/537.36 userAgentData:map[brands:[map[brand:Chromium version:116] map[brand:Not)A;Brand version:24] map[brand:Google Chrome version:116]] mobile:false platform:windows uaFullVersion:116.0.0.0] vendor:Google Inc. webdriver:false webdriverString:function () { [native code] } webrtc_data:map[ice_candidates:[candidate:0 1 UDP 2122252543 c08eaec0-fb06-edf5-90af-8c403107f7a8.local 58349 typ host]]]
2026/03/09 13:57:00 NAV_DATA JSON: map[Notification_permission:default appVersion:5.0 (Windows NT 10.0; Win64; x64) AppleWebKit/537.36 (KHTML, like Gecko) Chrome/134.0.0.0 Safari/537.36 audio_worklet_available:true battery_status:map[charging:true chargingTime:0 dischargingTime:1e+308 level:1] chrome:map[] chrome_app:map[InstallState:map[DISABLED:disabled INSTALLED:installed NOT_INSTALLED:not_installed] RunningState:map[CANNOT_RUN:cannot_run READY_TO_RUN:ready_to_run RUNNING:running] isInstalled:false] chrome_csi:map[onloadT:2611 pageT:2003 startE:1.773026818563e+12 tran:15] chrome_loadTimes:map[commitLoadTime:1.7730268191055665e+09 connectionInfo:h2 finishDocumentLoadTime:1.7730268195791078e+09 finishLoadTime:1.7730268197077613e+09 firstPaintAfterLoadTime:0 firstPaintTime:1.773026819257817e+09 navigationType:Other npnNegotiatedProtocol:h2 requestTime:1.773026818563617e+09 startLoadTime:1.7730268187654305e+09 wasAlternateProtocolAvailable:false wasFetchedViaSpdy:true wasNpnNegotiated:true] connection:map[downlink:5.196420052940989 effectiveType:4g rtt:144.26748832617747] cookieEnabled:true deviceMemory:32 gpu_present:true hardwareConcurrency:16 intl_locale:en-US intl_timezone:America/New_York keyboard:map[] language:en-US languages:[en-US en] locks:map[] maxTouchPoints:0 media_devices:[] media_query_any_hover:none media_query_any_pointer:fine media_query_hover:none media_query_pointer:fine offscreen_canvas_available:true pdfViewerEnabled:true performance_memory:map[jsHeapSizeLimit:4.294705387e+09 totalJSHeapSize:5.9646422e+07 usedJSHeapSize:3.5144212e+07] permissions_notifications_state:default platform:Win32 productSub:20030107 scheduling:map[isInputPending:false] screen_color_depth:24 screen_inner_height:978 screen_inner_width:2153 screen_orientation:landscape-primary screen_outer_height:1068 screen_outer_width:2168 storage_persisted:false storage_quota:0 storage_usage:3.03038464e+08 timezone:America/New_York userActivation:map[hasBeenActive:false isActive:false] userAgent:Mozilla/5.0 (Windows NT 10.0; Win64; x64) AppleWebKit/537.36 (KHTML, like Gecko) Chrome/134.0.0.0 Safari/537.36 userAgentData:map[brands:[map[brand:Chromium version:116] map[brand:Not)A;Brand version:24] map[brand:Google Chrome version:116]] mobile:false platform:windows uaFullVersion:116.0.0.0] vendor:Google Inc. webdriver:false webdriverString:function () { [native code] } webrtc_data:map[ice_candidates:[]]]
2026/03/09 13:57:00 NAV_DATA JSON: map[Notification_permission:default appVersion:5.0 (Windows NT 10.0; Win64; x64) AppleWebKit/537.36 (KHTML, like Gecko) Chrome/134.0.0.0 Safari/537.36 audio_worklet_available:true battery_status:map[charging:true chargingTime:2280 dischargingTime:1e+308 level:0.8185295503566824] chrome:map[] chrome_app:map[InstallState:map[DISABLED:disabled INSTALLED:installed NOT_INSTALLED:not_installed] RunningState:map[CANNOT_RUN:cannot_run READY_TO_RUN:ready_to_run RUNNING:running] isInstalled:false] chrome_csi:map[onloadT:2732 pageT:2514 startE:1.773026818059e+12 tran:15] chrome_loadTimes:map[commitLoadTime:1.7730268187139826e+09 connectionInfo:h2 finishDocumentLoadTime:1.7730268193291569e+09 finishLoadTime:1.7730268195186496e+09 firstPaintAfterLoadTime:0 firstPaintTime:1.773026818843513e+09 navigationType:Other npnNegotiatedProtocol:h2 requestTime:1.7730268180594802e+09 startLoadTime:1.7730268183277519e+09 wasAlternateProtocolAvailable:false wasFetchedViaSpdy:true wasNpnNegotiated:true] connection:map[downlink:3.6 effectiveType:4g rtt:125 saveData:false] cookieEnabled:true deviceMemory:8 gpu_present:true hardwareConcurrency:16 intl_locale:en-US intl_timezone:America/New_York keyboard:map[] language:en-US languages:[en-US en] locks:map[] maxTouchPoints:0 media_devices:[map[deviceId:2bdfd87bf8d2af44b86751dbf71200f80ff003130174e47a4181c3ed00bfc70c groupId:59fe825ce96daef4f7c33733dea6ec3f1bcfca1c0a07a39532c32a04ab6478fc kind:audioinput label:Internal Microphone] map[deviceId:default groupId:59fe825ce96daef4f7c33733dea6ec3f1bcfca1c0a07a39532c32a04ab6478fc kind:audiooutput label:Default - Speakers] map[deviceId:8f919d900658f0d6e148a812aa7ff61495171d22d3ff21dff21649bf0ae9d0d8 groupId:59fe825ce96daef4f7c33733dea6ec3f1bcfca1c0a07a39532c32a04ab6478fc kind:audiooutput label:Built-in Output] map[deviceId:5c05131b29bb16b70327025326b682cf2dd75620614d6f5c1c39245fed3b3fa5 groupId:5a266ef0c637eee471a998780479e7ffe706c9bb9cecb102f381a8d36b356631 kind:videoinput label:FaceTime HD Camera]] media_query_any_hover:none media_query_any_pointer:fine media_query_hover:none media_query_pointer:fine offscreen_canvas_available:true pdfViewerEnabled:true performance_memory:map[jsHeapSizeLimit:4.294704877e+09 totalJSHeapSize:5.9742058e+07 usedJSHeapSize:3.5497719e+07] permissions_notifications_state:denied platform:Win32 productSub:20030107 scheduling:map[isInputPending:false] screen_color_depth:32 screen_inner_height:1022 screen_inner_width:2032 screen_orientation:landscape-primary screen_outer_height:1108 screen_outer_width:2049 storage_persisted:false storage_quota:0 storage_usage:4.30964736e+08 timezone:America/New_York userActivation:map[hasBeenActive:false isActive:false] userAgent:Mozilla/5.0 (Windows NT 10.0; Win64; x64) AppleWebKit/537.36 (KHTML, like Gecko) Chrome/134.0.0.0 Safari/537.36 userAgentData:map[brands:[map[brand:Chromium version:116] map[brand:Not)A;Brand version:24] map[brand:Google Chrome version:116]] mobile:false platform:windows uaFullVersion:116.0.0.0] vendor:Google Inc. webdriver:false webdriverString:function () { [native code] } webrtc_data:map[ice_candidates:[candidate:0 1 UDP 2122252543 129b4d9d-bc76-72cf-e468-eb58f3040b96.local 58349 typ host]]]
--- FAIL: TestPhase55AdaptiveLoop (0.01s)
    phase55_test.go:68: Round 2 still flagged with indicator: non_standard_media_device_id_format
2026/03/09 13:57:00 NAV_DATA JSON: map[Notification_permission:default appVersion:5.0 (Windows NT 10.0; Win64; x64) AppleWebKit/537.36 (KHTML, like Gecko) Chrome/134.0.0.0 Safari/537.36 audio_worklet_available:true battery_status:map[charging:false chargingTime:0 dischargingTime:15807 level:0.2636189222017045] chrome:map[] chrome_app:map[InstallState:map[DISABLED:disabled INSTALLED:installed NOT_INSTALLED:not_installed] RunningState:map[CANNOT_RUN:cannot_run READY_TO_RUN:ready_to_run RUNNING:running] isInstalled:false] chrome_csi:map[onloadT:3474 pageT:2989 startE:1.773026817585e+12 tran:15] chrome_loadTimes:map[commitLoadTime:1.7730268182082744e+09 connectionInfo:h2 finishDocumentLoadTime:1.773026819058097e+09 finishLoadTime:1.7730268193430943e+09 firstPaintAfterLoadTime:0 firstPaintTime:1.7730268185942695e+09 navigationType:Other npnNegotiatedProtocol:h2 requestTime:1.7730268175852344e+09 startLoadTime:1.7730268177649295e+09 wasAlternateProtocolAvailable:false wasFetchedViaSpdy:true wasNpnNegotiated:true] connection:map[downlink:5.45879350781493 effectiveType:4g rtt:184.51877207670802] cookieEnabled:true deviceMemory:32 gpu_present:true hardwareConcurrency:16 intl_locale:en-US intl_timezone:America/New_York keyboard:map[] language:en-US languages:[en-US en] locks:map[] maxTouchPoints:0 media_devices:[map[deviceId:cd2b1dd060fd964d1b48c61edc8b87254fe7132e15bb3e943c4e5630f9c90c1c groupId:5fc7043741390528f597a9bff5bcd2e7188baf2368b7f5a1b35bf0b4dc3f6873 kind:audioinput label:Internal Microphone] map[deviceId:default groupId:5fc7043741390528f597a9bff5bcd2e7188baf2368b7f5a1b35bf0b4dc3f6873 kind:audiooutput label:Default - Speakers] map[deviceId:740289929e9de9bfcb9ff1a6ec9e7cd95072ba1fc11530f158927e2144685aab groupId:5fc7043741390528f597a9bff5bcd2e7188baf2368b7f5a1b35bf0b4dc3f6873 kind:audiooutput label:Built-in Output] map[deviceId:fb747a7ba11675baf8590bf6da11390e1b9671def21b782dc9ae44f52dbbd1fe groupId:4e47417d24f888f8a761d184df562662ee613723ff8a85ea4c98a47ebf423435 kind:videoinput label:FaceTime HD Camera]] media_query_any_hover:hover media_query_any_pointer:fine media_query_hover:hover media_query_pointer:fine offscreen_canvas_available:true pdfViewerEnabled:true performance_memory:map[jsHeapSizeLimit:4.294705293e+09 totalJSHeapSize:5.7164555e+07 usedJSHeapSize:3.5206746e+07] permissions_notifications_state:default platform:Win32 productSub:20030107 scheduling:map[isInputPending:false] screen_color_depth:32 screen_inner_height:1184 screen_inner_width:2012 screen_orientation:landscape-primary screen_outer_height:1268 screen_outer_width:2028 storage_persisted:false storage_quota:4.21949489656e+11 storage_usage:4.4040192e+07 timezone:America/New_York userActivation:map[hasBeenActive:false isActive:false] userAgent:Mozilla/5.0 (Windows NT 10.0; Win64; x64) AppleWebKit/537.36 (KHTML, like Gecko) Chrome/134.0.0.0 Safari/537.36 userAgentData:map[brands:[map[brand:Chromium version:116] map[brand:Not)A;Brand version:24] map[brand:Google Chrome version:116]] mobile:false platform:windows uaFullVersion:116.0.0.0] vendor:Google Inc. webdriver:false webdriverString:function () { [native code] } webrtc_data:map[ice_candidates:[candidate:0 1 UDP 2122252543 4837e473-f13b-b220-83fd-3a9147aaf2a7.local 58349 typ host]]]
2026/03/09 13:57:00 NAV_DATA JSON: map[Notification_permission:default appVersion:5.0 (Windows NT 10.0; Win64; x64) AppleWebKit/537.36 (KHTML, like Gecko) Chrome/134.0.0.0 Safari/537.36 audio_worklet_available:true battery_status:map[charging:true chargingTime:1483 dischargingTime:1e+308 level:0.6725057968389284] chrome:map[] chrome_app:map[InstallState:map[DISABLED:disabled INSTALLED:installed NOT_INSTALLED:not_installed] RunningState:map[CANNOT_RUN:cannot_run READY_TO_RUN:ready_to_run RUNNING:running] isInstalled:false] chrome_csi:map[onloadT:2846 pageT:2610 startE:1.773026817966e+12 tran:15] chrome_loadTimes:map[commitLoadTime:1.7730268189199083e+09 connectionInfo:h2 finishDocumentLoadTime:1.7730268195038638e+09 finishLoadTime:1.7730268197362084e+09 firstPaintAfterLoadTime:0 firstPaintTime:1.773026819295411e+09 navigationType:Other npnNegotiatedProtocol:h2 requestTime:1.7730268179669921e+09 startLoadTime:1.7730268181503713e+09 wasAlternateProtocolAvailable:false wasFetchedViaSpdy:true wasNpnNegotiated:true] connection:map[downlink:7.066761297051366 effectiveType:4g rtt:159.06993978434647] cookieEnabled:true deviceMemory:16 gpu_present:true hardwareConcurrency:8 intl_locale:en-US intl_timezone:America/New_York keyboard:map[] language:en-US languages:[en-US en] locks:map[] maxTouchPoints:0 media_devices:[map[deviceId:0f82ea0ca146a2cf7afa4a3983d4ce61faae15d035c4f348fce971168825772a groupId:82ca0754d5da0f912fdc970201d4652a807ab97000ee7b65865ac6c7b9c3ce1b kind:audioinput label:Internal Microphone] map[deviceId:default groupId:82ca0754d5da0f912fdc970201d4652a807ab97000ee7b65865ac6c7b9c3ce1b kind:audiooutput label:Default - Speakers] map[deviceId:6981c9100ea93674fc0a800a7d4b43eb088e1f5940108ee4057873dc52bd1ea9 groupId:82ca0754d5da0f912fdc970201d4652a807ab97000ee7b65865ac6c7b9c3ce1b kind:audiooutput label:Built-in Output]] media_query_any_hover:hover media_query_any_pointer:fine media_query_hover:hover media_query_pointer:fine offscreen_canvas_available:true pdfViewerEnabled:true performance_memory:map[jsHeapSizeLimit:4.294704762e+09 totalJSHeapSize:4.5407752e+07 usedJSHeapSize:1.5414609e+07] permissions_notifications_state:default platform:Win32 productSub:20030107 scheduling:map[isInputPending:false] screen_color_depth:32 screen_inner_height:946 screen_inner_width:1826 screen_orientation:portrait-primary screen_outer_height:1036 screen_outer_width:1842 storage_persisted:false storage_quota:0 storage_usage:2.18103808e+08 timezone:America/New_York userActivation:map[hasBeenActive:false isActive:false] userAgent:Mozilla/5.0 (Windows NT 10.0; Win64; x64) AppleWebKit/537.36 (KHTML, like Gecko) Chrome/134.0.0.0 Safari/537.36 userAgentData:map[brands:[map[brand:Chromium version:116] map[brand:Not)A;Brand version:24] map[brand:Google Chrome version:116]] mobile:false platform:windows uaFullVersion:116.0.0.0] vendor:Google Inc. webdriver:false webdriverString:function () { [native code] } webrtc_data:map[ice_candidates:[candidate:0 1 UDP 2122252543 e4e6392f-55c1-1e04-6dc6-80b2f6811987.local 58349 typ host]]]
2026/03/09 13:57:00 NAV_DATA JSON: map[Notification_permission:default appVersion:5.0 (Windows NT 10.0; Win64; x64) AppleWebKit/537.36 (KHTML, like Gecko) Chrome/134.0.0.0 Safari/537.36 audio_worklet_available:true battery_status:map[charging:false chargingTime:0 dischargingTime:2532 level:0.6675486983479934] chrome:map[] chrome_app:map[InstallState:map[DISABLED:disabled INSTALLED:installed NOT_INSTALLED:not_installed] RunningState:map[CANNOT_RUN:cannot_run READY_TO_RUN:ready_to_run RUNNING:running] isInstalled:false] chrome_csi:map[onloadT:2621 pageT:2088 startE:1.773026818489e+12 tran:15] chrome_loadTimes:map[commitLoadTime:1.7730268191403787e+09 connectionInfo:h2 finishDocumentLoadTime:1.773026819649901e+09 finishLoadTime:1.7730268199299207e+09 firstPaintAfterLoadTime:0 firstPaintTime:1.7730268193562117e+09 navigationType:Other npnNegotiatedProtocol:h2 requestTime:1.773026818489147e+09 startLoadTime:1.7730268187134895e+09 wasAlternateProtocolAvailable:false wasFetchedViaSpdy:true wasNpnNegotiated:true] connection:map[downlink:8.594457054550304 effectiveType:4g rtt:129.22133083471476] cookieEnabled:true deviceMemory:4 gpu_present:false hardwareConcurrency:7 intl_locale:en-US intl_timezone:America/New_York keyboard:map[] language:en-US languages:[en-US en] locks:map[] maxTouchPoints:0 media_devices:[map[deviceId:7c29bda69a02c68d1b86177f4e850bebbe5120b24a3885479149917411ed15fd groupId:8d674482eb3c96a70b163bf72a6ccb69cd9efcbad57df634bf9c9e081303acc5 kind:audioinput label:Internal Microphone] map[deviceId:default groupId:8d674482eb3c96a70b163bf72a6ccb69cd9efcbad57df634bf9c9e081303acc5 kind:audiooutput label:Default - Speakers] map[deviceId:e81c78ce63947d79ea57d30295ba7f89b1488436f33085286bf0c79de626e925 groupId:8d674482eb3c96a70b163bf72a6ccb69cd9efcbad57df634bf9c9e081303acc5 kind:audiooutput label:Built-in Output] map[deviceId:d4e2808b738dc158b680483b53452c25bc604223dcb88d277c0719e4d8d37efb groupId:fad0db4f7fb256c645f16386cf2c27587329471c685cc9c8072d947419586f88 kind:videoinput label:FaceTime HD Camera]] media_query_any_hover:none media_query_any_pointer:fine media_query_hover:none media_query_pointer:fine offscreen_canvas_available:true pdfViewerEnabled:true performance_memory:map[jsHeapSizeLimit:2.172641029e+09 totalJSHeapSize:2.2613711e+07 usedJSHeapSize:1.6307043e+07] permissions_notifications_state:default platform:Win32 productSub:20030107 scheduling:map[isInputPending:false] screen_color_depth:24 screen_inner_height:1148 screen_inner_width:2136 screen_orientation:portrait-primary screen_outer_height:1210 screen_outer_width:2151 storage_persisted:false storage_quota:0 storage_usage:3.4603008e+08 timezone:America/New_York userActivation:map[hasBeenActive:false isActive:false] userAgent:Mozilla/5.0 (Windows NT 10.0; Win64; x64) AppleWebKit/537.36 (KHTML, like Gecko) Chrome/134.0.0.0 Safari/537.36 userAgentData:map[brands:[map[brand:Chromium version:116] map[brand:Not)A;Brand version:24] map[brand:Google Chrome version:116]] mobile:false platform:windows uaFullVersion:116.0.0.0] vendor:Google Inc. webdriver:false webdriverString:function () { [native code] } webrtc_data:map[ice_candidates:[candidate:0 1 UDP 2122252543 c8547756-6004-bb7a-e1db-f30ae6e3a870.local 58349 typ host]]]
2026/03/09 13:57:00 NAV_DATA JSON: map[Notification_permission:default appVersion:5.0 (Windows NT 10.0; Win64; x64) AppleWebKit/537.36 (KHTML, like Gecko) Chrome/134.0.0.0 Safari/537.36 audio_worklet_available:true battery_status:map[charging:false chargingTime:0 dischargingTime:8582 level:0.8090549605391818] chrome:map[] chrome_app:map[InstallState:map[DISABLED:disabled INSTALLED:installed NOT_INSTALLED:not_installed] RunningState:map[CANNOT_RUN:cannot_run READY_TO_RUN:ready_to_run RUNNING:running] isInstalled:false] chrome_csi:map[onloadT:2966 pageT:2762 startE:1.773026817816e+12 tran:15] chrome_loadTimes:map[commitLoadTime:1.773026818845433e+09 connectionInfo:h2 finishDocumentLoadTime:1.7730268193685722e+09 finishLoadTime:1.7730268195949097e+09 firstPaintAfterLoadTime:0 firstPaintTime:1.7730268191513846e+09 navigationType:Other npnNegotiatedProtocol:h2 requestTime:1.7730268178166904e+09 startLoadTime:1.7730268180904646e+09 wasAlternateProtocolAvailable:false wasFetchedViaSpdy:true wasNpnNegotiated:true] connection:map[downlink:3.3593386177182745 effectiveType:4g rtt:139.38531704997354] cookieEnabled:true deviceMemory:16 gpu_present:true hardwareConcurrency:8 intl_locale:en-US intl_timezone:America/New_York keyboard:map[] language:en-US languages:[en-US en] locks:map[] maxTouchPoints:0 media_devices:[map[deviceId:fb5de8ad5a77303e9db8c1425b6b874b80e110ad87187a597051943c50cb285b groupId:42afe2d64a1447c0a1685941fc06dfc07058c3e429bd752ffdfc12e7b24bd014 kind:audioinput label:Internal Microphone] map[deviceId:default groupId:42afe2d64a1447c0a1685941fc06dfc07058c3e429bd752ffdfc12e7b24bd014 kind:audiooutput label:Default - Speakers] map[deviceId:9967018b3eba5233287330eb596fa71e6f1bf103649c03394354d72b0705ae87 groupId:42afe2d64a1447c0a1685941fc06dfc07058c3e429bd752ffdfc12e7b24bd014 kind:audiooutput label:Built-in Output] map[deviceId:0930a9dfb20d9c54aa140dc454a1843573a53806aabc4646c84b022887a9a2ca groupId:48c815982d0555513bbb21c420893048df20104a741accac1a4b63b7ffabbb75 kind:videoinput label:FaceTime HD Camera]] media_query_any_hover:none media_query_any_pointer:none media_query_hover:none media_query_pointer:none offscreen_canvas_available:true pdfViewerEnabled:true performance_memory:map[jsHeapSizeLimit:4.294704694e+09 totalJSHeapSize:5.4759458e+07 usedJSHeapSize:2.915199e+07] permissions_notifications_state:default platform:Win32 productSub:20030107 scheduling:map[isInputPending:false] screen_color_depth:24 screen_inner_height:574 screen_inner_width:1540 screen_orientation:portrait-primary screen_outer_height:651 screen_outer_width:1556 storage_persisted:false storage_quota:0 storage_usage:1.26877696e+08 timezone:America/New_York userActivation:map[hasBeenActive:false isActive:false] userAgent:Mozilla/5.0 (Windows NT 10.0; Win64; x64) AppleWebKit/537.36 (KHTML, like Gecko) Chrome/134.0.0.0 Safari/537.36 userAgentData:map[brands:[map[brand:Chromium version:116] map[brand:Not)A;Brand version:24] map[brand:Google Chrome version:116]] mobile:false platform:windows uaFullVersion:116.0.0.0] vendor:Google Inc. webdriver:false webdriverString:function () { [native code] }]
2026/03/09 13:57:00 NAV_DATA JSON: map[Notification_permission:default appVersion:5.0 (Windows NT 10.0; Win64; x64) AppleWebKit/537.36 (KHTML, like Gecko) Chrome/134.0.0.0 Safari/537.36 audio_worklet_available:true battery_status:map[charging:false chargingTime:0 dischargingTime:14924 level:0.7938787357132089] chrome:map[] chrome_app:map[InstallState:map[DISABLED:disabled INSTALLED:installed NOT_INSTALLED:not_installed] RunningState:map[CANNOT_RUN:cannot_run READY_TO_RUN:ready_to_run RUNNING:running] isInstalled:false] chrome_csi:map[onloadT:2692 pageT:2321 startE:1.773026818263e+12 tran:15] chrome_loadTimes:map[commitLoadTime:1.7730268189201345e+09 connectionInfo:h2 finishDocumentLoadTime:1.773026819503338e+09 finishLoadTime:1.7730268197707267e+09 firstPaintAfterLoadTime:0 firstPaintTime:1.7730268191917999e+09 navigationType:Other npnNegotiatedProtocol:h2 requestTime:1.7730268182635505e+09 startLoadTime:1.7730268185004961e+09 wasAlternateProtocolAvailable:false wasFetchedViaSpdy:true wasNpnNegotiated:true] connection:map[downlink:9.2 effectiveType:4g rtt:50 saveData:false] cookieEnabled:true deviceMemory:8 gpu_present:true hardwareConcurrency:8 intl_locale:en-US intl_timezone:America/New_York keyboard:map[] language:en-US languages:[en-US en] locks:map[] maxTouchPoints:0 media_devices:[map[deviceId:b7bf08236b3c430289c827ee8982453c6f4a24f927fcc36b8befcef828e110ed groupId:6b5baa53b28ba016d29a9cde1bb69bb27005cf2c77f6f859288244b8247fab43 kind:audioinput label:Internal Microphone] map[deviceId:default groupId:6b5baa53b28ba016d29a9cde1bb69bb27005cf2c77f6f859288244b8247fab43 kind:audiooutput label:Default - Speakers] map[deviceId:7a9c8e7a02b9fb59b187fd25aa4acfd991270e8634b8193b8f62f1a9300f0aae groupId:6b5baa53b28ba016d29a9cde1bb69bb27005cf2c77f6f859288244b8247fab43 kind:audiooutput label:Built-in Output]] media_query_any_hover:none media_query_any_pointer:fine media_query_hover:none media_query_pointer:fine offscreen_canvas_available:true pdfViewerEnabled:true performance_memory:map[jsHeapSizeLimit:4.294705021e+09 totalJSHeapSize:8.3769304e+07 usedJSHeapSize:4.7883737e+07] permissions_notifications_state:default platform:Win32 productSub:20030107 scheduling:map[isInputPending:false] screen_color_depth:24 screen_inner_height:1459 screen_inner_width:2504 screen_orientation:landscape-primary screen_outer_height:1544 screen_outer_width:2520 storage_persisted:false storage_quota:9.4688653006e+10 storage_usage:9.0177536e+07 timezone:America/New_York userActivation:map[hasBeenActive:false isActive:false] userAgent:Mozilla/5.0 (Windows NT 10.0; Win64; x64) AppleWebKit/537.36 (KHTML, like Gecko) Chrome/134.0.0.0 Safari/537.36 userAgentData:map[brands:[map[brand:Chromium version:116] map[brand:Not)A;Brand version:24] map[brand:Google Chrome version:116]] mobile:false platform:windows uaFullVersion:116.0.0.0] vendor:Google Inc. webdriver:false webdriverString:function () { [native code] }]
--- FAIL: TestPhase56AdaptiveLoop (0.01s)
    phase56_test.go:60: Round 2 has missing WebRTC data after mutation
    phase56_test.go:74: Round 2 still flagged with indicator: missing_webrtc
2026/03/09 13:57:00 NAV_DATA JSON: map[Notification_permission:default appVersion:5.0 (Linux; Android 10; K) AppleWebKit/537.36 (KHTML, like Gecko) Chrome/116.0.0.0 Mobile Safari/537.36 audio_worklet_available:true battery_status:map[charging:false chargingTime:0 dischargingTime:10640 level:0.8456043811538988] chrome:map[] chrome_app:map[InstallState:map[DISABLED:disabled INSTALLED:installed NOT_INSTALLED:not_installed] RunningState:map[CANNOT_RUN:cannot_run READY_TO_RUN:ready_to_run RUNNING:running] isInstalled:false] chrome_csi:map[onloadT:2422 pageT:2208 startE:1.773026818378e+12 tran:15] chrome_loadTimes:map[commitLoadTime:1.7730268192277558e+09 connectionInfo:h2 finishDocumentLoadTime:1.7730268198524551e+09 finishLoadTime:1.7730268200187855e+09 firstPaintAfterLoadTime:0 firstPaintTime:1.7730268196092863e+09 navigationType:Other npnNegotiatedProtocol:h2 requestTime:1.7730268183783183e+09 startLoadTime:1.773026818530645e+09 wasAlternateProtocolAvailable:false wasFetchedViaSpdy:true wasNpnNegotiated:true] connection:map[downlink:3.4100611871979867 effectiveType:4g rtt:72.34226681169307] cookieEnabled:true deviceMemory:16 gpu_present:false hardwareConcurrency:12 intl_locale:en-US intl_timezone:America/New_York keyboard:map[] language:en-US languages:[en-US en] locks:map[] maxTouchPoints:0 media_devices:[map[deviceId:5ed9ccd39afd9640a14fb8263337fc8acac09579a70eec05c554e056d34f44df groupId:73c0d6dec9077956cb57c4aa59660816777d16d5c7f88ea668542ecbb8541b56 kind:audioinput label:Internal Microphone] map[deviceId:default groupId:73c0d6dec9077956cb57c4aa59660816777d16d5c7f88ea668542ecbb8541b56 kind:audiooutput label:Default - Speakers] map[deviceId:0f38ea67a1ef7dfb332bdddc6b362f40272cad368fdc1a0352d012c30b6f1d30 groupId:73c0d6dec9077956cb57c4aa59660816777d16d5c7f88ea668542ecbb8541b56 kind:audiooutput label:Built-in Output] map[deviceId:cdda507993e52f2c431853ddeab01a5e078cd39a858f0f14245f57ac2e93097d groupId:7c484685662ad755ae1d5776777941bc49afdd2a6684cfc7348f2efd119f4a10 kind:videoinput label:FaceTime HD Camera]] media_query_any_hover:none media_query_any_pointer:fine media_query_hover:none media_query_pointer:fine offscreen_canvas_available:true pdfViewerEnabled:true performance_memory:map[jsHeapSizeLimit:4.294704725e+09 totalJSHeapSize:6.5088126e+07 usedJSHeapSize:3.5986993e+07] permissions_notifications_state:default platform:Win32 productSub:20030107 scheduling:map[isInputPending:false] screen_color_depth:32 screen_inner_height:1720 screen_inner_width:3197 screen_orientation:portrait-primary screen_outer_height:1808 screen_outer_width:3214 storage_persisted:false storage_quota:1.80915865132e+11 storage_usage:2.02375168e+08 timezone:America/New_York userActivation:map[hasBeenActive:false isActive:false] userAgent:Mozilla/5.0 (Linux; Android 10; K) AppleWebKit/537.36 (KHTML, like Gecko) Chrome/116.0.0.0 Mobile Safari/537.36 userAgentData:map[brands:[map[brand:Chromium version:116] map[brand:Not)A;Brand version:24] map[brand:Google Chrome version:116]] mobile:false platform:windows uaFullVersion:116.0.0.0] vendor:Google Inc. webdriver:false webdriverString:function () { [native code] } webrtc_data:map[ice_candidates:[]]]
2026/03/09 13:57:00 NAV_DATA JSON: map[Notification_permission:default appVersion:5.0 (Linux; Android 10; K) AppleWebKit/537.36 (KHTML, like Gecko) Chrome/116.0.0.0 Mobile Safari/537.36 audio_worklet_available:true battery_status:map[charging:false chargingTime:0 dischargingTime:12988 level:0.4544694907884457] chrome:map[] chrome_app:map[InstallState:map[DISABLED:disabled INSTALLED:installed NOT_INSTALLED:not_installed] RunningState:map[CANNOT_RUN:cannot_run READY_TO_RUN:ready_to_run RUNNING:running] isInstalled:false] chrome_csi:map[onloadT:2667 pageT:2243 startE:1.773026818348e+12 tran:15] chrome_loadTimes:map[commitLoadTime:1.773026819057264e+09 connectionInfo:h2 finishDocumentLoadTime:1.7730268196531646e+09 finishLoadTime:1.773026819783264e+09 firstPaintAfterLoadTime:0 firstPaintTime:1.773026819418764e+09 navigationType:Other npnNegotiatedProtocol:h2 requestTime:1.7730268183483984e+09 startLoadTime:1.7730268185450747e+09 wasAlternateProtocolAvailable:false wasFetchedViaSpdy:true wasNpnNegotiated:true] connection:map[downlink:3.4 effectiveType:4g rtt:100 saveData:false] cookieEnabled:true deviceMemory:8 gpu_present:true hardwareConcurrency:7 intl_locale:en-US intl_timezone:America/New_York keyboard:map[] language:en-US languages:[en-US en] locks:map[] maxTouchPoints:0 media_devices:[map[deviceId:a2276ce4b1a067cdc84e5cfb118f63be4d5a3845828b3e09d9363759021dbda4 groupId:5db23138c6fbf165dbf51d6946b8ae4a7251b7fc4c2f853b6bf69dea056389ed kind:audioinput label:Internal Microphone] map[deviceId:default groupId:5db23138c6fbf165dbf51d6946b8ae4a7251b7fc4c2f853b6bf69dea056389ed kind:audiooutput label:Default - Speakers] map[deviceId:6a84670b9f0c47a4bb0eff8ee01979e85ba9a471ac7e704ce88dc688a0529649 groupId:5db23138c6fbf165dbf51d6946b8ae4a7251b7fc4c2f853b6bf69dea056389ed kind:audiooutput label:Built-in Output] map[deviceId:9952e016dd5fbf7adda5deeb83ac42327e7c20cdad91d9e74803c45086d111a0 groupId:7f5310976d4f8d9e1fb81c3067c441fcc162664795f4daa3f106bee954efa507 kind:videoinput label:FaceTime HD Camera]] media_query_any_hover:hover media_query_any_pointer:fine media_query_hover:hover media_query_pointer:fine offscreen_canvas_available:true pdfViewerEnabled:true performance_memory:map[jsHeapSizeLimit:4.294705282e+09 totalJSHeapSize:6.1133989e+07 usedJSHeapSize:2.7048478e+07] permissions_notifications_state:default platform:Win32 productSub:20030107 scheduling:map[isInputPending:false] screen_color_depth:32 screen_inner_height:1006 screen_inner_width:1782 screen_orientation:landscape-primary screen_outer_height:1089 screen_outer_width:1797 storage_persisted:false storage_quota:4.63369007257e+11 storage_usage:4.93879296e+08 timezone:America/New_York userActivation:map[hasBeenActive:false isActive:false] userAgent:Mozilla/5.0 (Linux; Android 10; K) AppleWebKit/537.36 (KHTML, like Gecko) Chrome/116.0.0.0 Mobile Safari/537.36 userAgentData:map[brands:[map[brand:Chromium version:116] map[brand:Not)A;Brand version:24] map[brand:Google Chrome version:116]] mobile:false platform:windows uaFullVersion:116.0.0.0] vendor:Google Inc. webdriver:false webdriverString:function () { [native code] } webrtc_data:map[ice_candidates:[candidate:0 1 UDP 2122252543 109beac0-d842-0b3e-690a-462815082336.local 58349 typ host candidate:1 1 UDP 2122252542 192.168.1.24 58350 typ host]]]
2026/03/09 13:57:00 NAV_DATA JSON: map[Notification_permission:default appVersion:5.0 (Windows NT 10.0; Win64; x64) AppleWebKit/537.36 (KHTML, like Gecko) Chrome/134.0.0.0 Safari/537.36 audio_worklet_available:true battery_status:map[charging:true chargingTime:0 dischargingTime:1e+308 level:1] chrome:map[] chrome_app:map[InstallState:map[DISABLED:disabled INSTALLED:installed NOT_INSTALLED:not_installed] RunningState:map[CANNOT_RUN:cannot_run READY_TO_RUN:ready_to_run RUNNING:running] isInstalled:false] chrome_csi:map[onloadT:2871 pageT:2522 startE:1.773026818071e+12 tran:15] chrome_loadTimes:map[commitLoadTime:1.7730268190441847e+09 connectionInfo:h2 finishDocumentLoadTime:1.7730268197538261e+09 finishLoadTime:1.7730268199505768e+09 firstPaintAfterLoadTime:0 firstPaintTime:1.773026819291966e+09 navigationType:Other npnNegotiatedProtocol:h2 requestTime:1.7730268180718174e+09 startLoadTime:1.7730268184225616e+09 wasAlternateProtocolAvailable:false wasFetchedViaSpdy:true wasNpnNegotiated:true] connection:map[downlink:9.697023653220416 effectiveType:4g rtt:124.06614644238708] cookieEnabled:true deviceMemory:32 gpu_present:true hardwareConcurrency:12 intl_locale:en-US intl_timezone:America/New_York keyboard:map[] language:en-US languages:[en-US en] locks:map[] maxTouchPoints:0 media_devices:[map[deviceId:32e059d6d3d52e9829f1516f5ba67df347326d8b518c8989ae3e34e861049089 groupId:59763e66a83f5fdbdfae127d77f95262e3b689dacbd193df48fab23b59367b1e kind:audioinput label:Internal Microphone] map[deviceId:default groupId:59763e66a83f5fdbdfae127d77f95262e3b689dacbd193df48fab23b59367b1e kind:audiooutput label:Default - Speakers] map[deviceId:914c2d9214253b8966a555ef103dda9b693b303c283e23eb548af5154bed7df9 groupId:59763e66a83f5fdbdfae127d77f95262e3b689dacbd193df48fab23b59367b1e kind:audiooutput label:Built-in Output] map[deviceId:bffdb95aa618b89a03ad0ae4727f7aebafb8a6d3b7fe33d78771f8f7a54ec6a3 groupId:2aab6d02442dad5257a7e5478e77aed8857650b7157f66e2084afc7f3d91d40a kind:videoinput label:FaceTime HD Camera]] media_query_any_hover:hover media_query_any_pointer:none media_query_hover:hover media_query_pointer:none offscreen_canvas_available:true pdfViewerEnabled:true performance_memory:map[jsHeapSizeLimit:4.294705121e+09 totalJSHeapSize:6.4930969e+07 usedJSHeapSize:3.968304e+07] permissions_notifications_state:default platform:Win32 productSub:20030107 scheduling:map[isInputPending:false] screen_color_depth:32 screen_inner_height:1010 screen_inner_width:1891 screen_orientation:portrait-primary screen_outer_height:1072 screen_outer_width:1907 storage_persisted:false storage_quota:2.0124122952e+10 storage_usage:4.51936256e+08 timezone:America/New_York userActivation:map[hasBeenActive:false isActive:false] userAgent:Mozilla/5.0 (Windows NT 10.0; Win64; x64) AppleWebKit/537.36 (KHTML, like Gecko) Chrome/134.0.0.0 Safari/537.36 userAgentData:map[brands:[map[brand:Chromium version:116] map[brand:Not)A;Brand version:24] map[brand:Google Chrome version:116]] mobile:false platform:windows uaFullVersion:116.0.0.0] vendor:Google Inc. webdriver:false webdriverString:function () { [native code] } webrtc_data:map[ice_candidates:[candidate:0 1 UDP 2122252543 e01b463b-2a37-267f-54ce-521314a12b8b.local 58349 typ host]]]
2026/03/09 13:57:00 NAV_DATA JSON: map[Notification_permission:default appVersion:5.0 (Windows NT 10.0; Win64; x64) AppleWebKit/537.36 (KHTML, like Gecko) Chrome/134.0.0.0 Safari/537.36 audio_worklet_available:true battery_status:map[charging:false chargingTime:0 dischargingTime:15989 level:0.3490219415946138] chrome:map[] chrome_app:map[InstallState:map[DISABLED:disabled INSTALLED:installed NOT_INSTALLED:not_installed] RunningState:map[CANNOT_RUN:cannot_run READY_TO_RUN:ready_to_run RUNNING:running] isInstalled:false] chrome_csi:map[onloadT:2835 pageT:2238 startE:1.773026818362e+12 tran:15] chrome_loadTimes:map[commitLoadTime:1.7730268192186835e+09 connectionInfo:h2 finishDocumentLoadTime:1.7730268197898595e+09 finishLoadTime:1.7730268199524047e+09 firstPaintAfterLoadTime:0 firstPaintTime:1.77302681938943e+09 navigationType:Other npnNegotiatedProtocol:h2 requestTime:1.7730268183626246e+09 startLoadTime:1.7730268184724298e+09 wasAlternateProtocolAvailable:false wasFetchedViaSpdy:true wasNpnNegotiated:true] connection:map[downlink:2.1 effectiveType:4g rtt:150 saveData:false] cookieEnabled:true deviceMemory:4 gpu_present:true hardwareConcurrency:4 intl_locale:en-US intl_timezone:America/New_York keyboard:map[] language:en-US languages:[en-US en] locks:map[] maxTouchPoints:0 media_devices:[map[deviceId:819b68e2fb3eb9ecd9f6b3c2b30a95142042b592d0299bd57abe66a592d8e579 groupId:9858c13d9d8e3380bd2917b43e31e171f94fec9b8246e587b18d76a2daa94740 kind:audioinput label:Internal Microphone] map[deviceId:default groupId:9858c13d9d8e3380bd2917b43e31e171f94fec9b8246e587b18d76a2daa94740 kind:audiooutput label:Default - Speakers] map[deviceId:4fe3dd4e470d73fc570513817f763fd0c2c7c66d40daf70890389e3ac46133e4 groupId:9858c13d9d8e3380bd2917b43e31e171f94fec9b8246e587b18d76a2daa94740 kind:audiooutput label:Built-in Output] map[deviceId:e322417acec096b5a50c927f3e4b2b6244994d401949ce9f77650d7a3e13876a groupId:606710b42db4564dce53835d95d1e12502e4cfa69eecfde9c0bf9f444a9a71bf kind:videoinput label:FaceTime HD Camera]] media_query_any_hover:hover media_query_any_pointer:fine media_query_hover:hover media_query_pointer:fine offscreen_canvas_available:true pdfViewerEnabled:true performance_memory:map[jsHeapSizeLimit:2.172641467e+09 totalJSHeapSize:5.1817165e+07 usedJSHeapSize:3.9550669e+07] permissions_notifications_state:denied platform:Win32 productSub:20030107 scheduling:map[isInputPending:false] screen_color_depth:24 screen_inner_height:1471 screen_inner_width:2504 screen_orientation:landscape-primary screen_outer_height:1531 screen_outer_width:2520 storage_persisted:false storage_quota:4.15518895206e+11 storage_usage:4.4040192e+08 timezone:America/New_York userActivation:map[hasBeenActive:false isActive:false] userAgent:Mozilla/5.0 (Windows NT 10.0; Win64; x64) AppleWebKit/537.36 (KHTML, like Gecko) Chrome/134.0.0.0 Safari/537.36 userAgentData:map[brands:[map[brand:Chromium version:116] map[brand:Not)A;Brand version:24] map[brand:Google Chrome version:116]] mobile:false platform:windows uaFullVersion:116.0.0.0] vendor:Google Inc. webdriver:false webdriverString:function () { [native code] } webrtc_data:map[ice_candidates:[candidate:0 1 UDP 2122252543 90f22611-6b27-741a-9ce8-9b00305f7cc8.local 58349 typ host candidate:1 1 UDP 2122252542 192.168.1.116 58350 typ host]]]
2026/03/09 13:57:00 NAV_DATA JSON: map[Notification_permission:default appVersion:5.0 (Windows NT 10.0; Win64; x64) AppleWebKit/537.36 (KHTML, like Gecko) Chrome/134.0.0.0 Safari/537.36 audio_worklet_available:true battery_status:map[charging:true chargingTime:0 dischargingTime:1e+308 level:1] chrome:map[] chrome_app:map[InstallState:map[DISABLED:disabled INSTALLED:installed NOT_INSTALLED:not_installed] RunningState:map[CANNOT_RUN:cannot_run READY_TO_RUN:ready_to_run RUNNING:running] isInstalled:false] chrome_csi:map[onloadT:3062 pageT:2414 startE:1.773026818188e+12 tran:15] chrome_loadTimes:map[commitLoadTime:1.7730268190834296e+09 connectionInfo:h2 finishDocumentLoadTime:1.7730268194621065e+09 finishLoadTime:1.773026819572759e+09 firstPaintAfterLoadTime:0 firstPaintTime:1.773026819210421e+09 navigationType:Other npnNegotiatedProtocol:h2 requestTime:1.773026818188358e+09 startLoadTime:1.773026818386365e+09 wasAlternateProtocolAvailable:false wasFetchedViaSpdy:true wasNpnNegotiated:true] connection:map[downlink:8.629645653254455 effectiveType:4g rtt:62.717220258079315] cookieEnabled:true deviceMemory:32 gpu_present:true hardwareConcurrency:12 intl_locale:en-US intl_timezone:America/New_York keyboard:map[] language:en-US languages:[en-US en] locks:map[] maxTouchPoints:0 media_devices:[] media_query_any_hover:none media_query_any_pointer:fine media_query_hover:none media_query_pointer:fine offscreen_canvas_available:true pdfViewerEnabled:true performance_memory:map[jsHeapSizeLimit:4.294705087e+09 totalJSHeapSize:3.0845123e+07 usedJSHeapSize:1.7344227e+07] permissions_notifications_state:default platform:Win32 productSub:20030107 scheduling:map[isInputPending:false] screen_color_depth:24 screen_inner_height:1498 screen_inner_width:3156 screen_orientation:landscape-primary screen_outer_height:1582 screen_outer_width:3171 storage_persisted:false storage_quota:1.53615870397e+11 storage_usage:2.31735296e+08 timezone:America/New_York userActivation:map[hasBeenActive:false isActive:false] userAgent:Mozilla/5.0 (Windows NT 10.0; Win64; x64) AppleWebKit/537.36 (KHTML, like Gecko) Chrome/134.0.0.0 Safari/537.36 userAgentData:map[brands:[map[brand:Chromium version:116] map[brand:Not)A;Brand version:24] map[brand:Google Chrome version:116]] mobile:false platform:windows uaFullVersion:116.0.0.0] vendor:Google Inc. webdriver:false webdriverString:function () { [native code] } webrtc_data:map[ice_candidates:[candidate:0 1 UDP 2122252543 1492345f-07c8-139c-42df-15e888847c3d.local 58349 typ host candidate:1 1 UDP 2122252542 192.168.1.131 58350 typ host]]]
2026/03/09 13:57:00 NAV_DATA JSON: map[Notification_permission:default appVersion:5.0 (Windows NT 10.0; Win64; x64) AppleWebKit/537.36 (KHTML, like Gecko) Chrome/134.0.0.0 Safari/537.36 audio_worklet_available:true battery_status:map[charging:false chargingTime:0 dischargingTime:4876 level:0.8869993002604939] chrome:map[] chrome_app:map[InstallState:map[DISABLED:disabled INSTALLED:installed NOT_INSTALLED:not_installed] RunningState:map[CANNOT_RUN:cannot_run READY_TO_RUN:ready_to_run RUNNING:running] isInstalled:false] chrome_csi:map[onloadT:3532 pageT:2874 startE:1.773026817734e+12 tran:15] chrome_loadTimes:map[commitLoadTime:1.773026818559435e+09 connectionInfo:h2 finishDocumentLoadTime:1.7730268192608128e+09 finishLoadTime:1.7730268194342365e+09 firstPaintAfterLoadTime:0 firstPaintTime:1.7730268187937593e+09 navigationType:Other npnNegotiatedProtocol:h2 requestTime:1.7730268177342103e+09 startLoadTime:1.773026817890007e+09 wasAlternateProtocolAvailable:false wasFetchedViaSpdy:true wasNpnNegotiated:true] connection:map[downlink:7.2 effectiveType:4g rtt:100 saveData:false] cookieEnabled:true deviceMemory:4 gpu_present:true hardwareConcurrency:8 intl_locale:en-US intl_timezone:America/New_York keyboard:map[] language:en-US languages:[en-US en] locks:map[] maxTouchPoints:0 media_devices:[map[deviceId:cab23c2d9d8d70a64d370612842ab419c1384840be8c851e350902d450fb6a39 groupId:c74cb0bb8e94da9a795e1b10b3bc8abb42ea0834e24b711b10e89b6145482591 kind:audioinput label:Internal Microphone] map[deviceId:default groupId:c74cb0bb8e94da9a795e1b10b3bc8abb42ea0834e24b711b10e89b6145482591 kind:audiooutput label:Default - Speakers] map[deviceId:458a56917d59134edb6be505f3b14fdb0dc4e2edc68e5980fc20689f80b9bfca groupId:c74cb0bb8e94da9a795e1b10b3bc8abb42ea0834e24b711b10e89b6145482591 kind:audiooutput label:Built-in Output] map[deviceId:3141fc5f54c09b6fff142e3a106e1f5f58769845086a3996e77b6f01212f38e5 groupId:af39149c1837748b79bb481f57ea8a8c5354d179619381b45588c05e8e5147fe kind:videoinput label:FaceTime HD Camera]] media_query_any_hover:none media_query_any_pointer:fine media_query_hover:none media_query_pointer:fine offscreen_canvas_available:true pdfViewerEnabled:true performance_memory:map[jsHeapSizeLimit:2.172641309e+09 totalJSHeapSize:2.4972492e+07 usedJSHeapSize:8.835622e+06] permissions_notifications_state:denied platform:Win32 productSub:20030107 scheduling:map[isInputPending:false] screen_color_depth:32 screen_inner_height:1697 screen_inner_width:3184 screen_orientation:landscape-primary screen_outer_height:1762 screen_outer_width:3200 storage_persisted:false storage_quota:3.45688507423e+11 storage_usage:3.84827392e+08 timezone:America/New_York userActivation:map[hasBeenActive:false isActive:false] userAgent:Mozilla/5.0 (Windows NT 10.0; Win64; x64) AppleWebKit/537.36 (KHTML, like Gecko) Chrome/134.0.0.0 Safari/537.36 userAgentData:map[brands:[map[brand:Chromium version:116] map[brand:Not)A;Brand version:24] map[brand:Google Chrome version:116]] mobile:false platform:windows uaFullVersion:116.0.0.0] vendor:Google Inc. webdriver:false webdriverString:function () { [native code] } webrtc_data:map[ice_candidates:[candidate:0 1 UDP 2122252543 e22ea550-3b22-d64b-7d74-b73a34e3232b.local 58349 typ host]]]
2026/03/09 13:57:00 NAV_DATA JSON: map[Notification_permission:default appVersion:5.0 (Windows NT 10.0; Win64; x64) AppleWebKit/537.36 (KHTML, like Gecko) Chrome/134.0.0.0 Safari/537.36 audio_worklet_available:true battery_status:map[charging:true chargingTime:0 dischargingTime:1e+308 level:1] chrome:map[] chrome_app:map[InstallState:map[DISABLED:disabled INSTALLED:installed NOT_INSTALLED:not_installed] RunningState:map[CANNOT_RUN:cannot_run READY_TO_RUN:ready_to_run RUNNING:running] isInstalled:false] chrome_csi:map[onloadT:3379 pageT:2748 startE:1.773026817861e+12 tran:15] chrome_loadTimes:map[commitLoadTime:1.7730268185410564e+09 connectionInfo:h2 finishDocumentLoadTime:1.7730268191535516e+09 finishLoadTime:1.7730268192855093e+09 firstPaintAfterLoadTime:0 firstPaintTime:1.7730268187719054e+09 navigationType:Other npnNegotiatedProtocol:h2 requestTime:1.7730268178612623e+09 startLoadTime:1.7730268181138682e+09 wasAlternateProtocolAvailable:false wasFetchedViaSpdy:true wasNpnNegotiated:true] connection:map[downlink:9.272188598645078 effectiveType:4g rtt:191.33452275486604] cookieEnabled:true deviceMemory:16 gpu_present:true hardwareConcurrency:13 intl_locale:en-US intl_timezone:America/New_York keyboard:map[] language:en-US languages:[en-US en] locks:map[] maxTouchPoints:0 media_devices:[map[deviceId:261984e32fe1e54e2acaecf11dfcf8d7702c75a3971dc2783f9b7cd6ca3d5ba2 groupId:d1d7d6812d3ad8daed043a4f17b25a6abb1eebc992a198838fbf3b5a2852b42d kind:audioinput label:Internal Microphone] map[deviceId:default groupId:d1d7d6812d3ad8daed043a4f17b25a6abb1eebc992a198838fbf3b5a2852b42d kind:audiooutput label:Default - Speakers] map[deviceId:bd4115f26d25a9a0c77437c5cc6f5035e5f785957d54ecf3730dcd7a7c17aa64 groupId:d1d7d6812d3ad8daed043a4f17b25a6abb1eebc992a198838fbf3b5a2852b42d kind:audiooutput label:Built-in Output] map[deviceId:cdf06d3e623cf9014777099d412f2fbf87f54450d479b540cef8cb53ba832183 groupId:1f4cce65d7e8a5858a2fadf99a98ee99c5efb0d0412f532c63aa30fa5a8c8ddf kind:videoinput label:FaceTime HD Camera]] media_query_any_hover:hover media_query_any_pointer:none media_query_hover:hover media_query_pointer:none offscreen_canvas_available:true pdfViewerEnabled:true performance_memory:map[jsHeapSizeLimit:4.294705036e+09 totalJSHeapSize:5.3628469e+07 usedJSHeapSize:2.2842938e+07] permissions_notifications_state:default platform:Win32 productSub:20030107 scheduling:map[isInputPending:false] screen_color_depth:32 screen_inner_height:1227 screen_inner_width:2313 screen_orientation:landscape-primary screen_outer_height:1310 screen_outer_width:2329 storage_persisted:false storage_quota:2.52018857225e+11 storage_usage:5.0331648e+07 timezone:America/New_York userActivation:map[hasBeenActive:false isActive:false] userAgent:Mozilla/5.0 (Windows NT 10.0; Win64; x64) AppleWebKit/537.36 (KHTML, like Gecko) Chrome/134.0.0.0 Safari/537.36 userAgentData:map[brands:[map[brand:Chromium version:116] map[brand:Not)A;Brand version:24] map[brand:Google Chrome version:116]] mobile:false platform:windows uaFullVersion:116.0.0.0] vendor:Google Inc. webdriver:false webdriverString:function () { [native code] }]
2026/03/09 13:57:00 NAV_DATA JSON: map[Notification_permission:default appVersion:5.0 (Windows NT 10.0; Win64; x64) AppleWebKit/537.36 (KHTML, like Gecko) Chrome/134.0.0.0 Safari/537.36 audio_worklet_available:true battery_status:map[charging:false chargingTime:0 dischargingTime:9945 level:0.4053676547537581] chrome:map[] chrome_app:map[InstallState:map[DISABLED:disabled INSTALLED:installed NOT_INSTALLED:not_installed] RunningState:map[CANNOT_RUN:cannot_run READY_TO_RUN:ready_to_run RUNNING:running] isInstalled:false] chrome_csi:map[onloadT:2843 pageT:2386 startE:1.77302681823e+12 tran:15] chrome_loadTimes:map[commitLoadTime:1.7730268187437074e+09 connectionInfo:h2 finishDocumentLoadTime:1.773026819468097e+09 finishLoadTime:1.7730268197255895e+09 firstPaintAfterLoadTime:0 firstPaintTime:1.7730268191270726e+09 navigationType:Other npnNegotiatedProtocol:h2 requestTime:1.7730268182300103e+09 startLoadTime:1.7730268183389797e+09 wasAlternateProtocolAvailable:false wasFetchedViaSpdy:true wasNpnNegotiated:true] connection:map[downlink:2.6 effectiveType:4g rtt:200 saveData:false] cookieEnabled:true deviceMemory:4 gpu_present:true hardwareConcurrency:8 intl_locale:en-US intl_timezone:America/New_York keyboard:map[] language:en-US languages:[en-US en] locks:map[] maxTouchPoints:0 media_devices:[map[deviceId:6419dad1cb09b8cf965291176bceefa7a871da6bd90ea0840ed8b96058a5947a groupId:e87a3195fee1e58be40cfb0e4f536ff8a3ff1936103d1de61bcb843ae93e525f kind:audioinput label:Internal Microphone] map[deviceId:default groupId:e87a3195fee1e58be40cfb0e4f536ff8a3ff1936103d1de61bcb843ae93e525f kind:audiooutput label:Default - Speakers] map[deviceId:924d81a6c9d9a8cfd562153554572481a79f1fbae9ca779834df00db0f64fa4a groupId:e87a3195fee1e58be40cfb0e4f536ff8a3ff1936103d1de61bcb843ae93e525f kind:audiooutput label:Built-in Output] map[deviceId:63a586439f051fecb4ba4f0b451e54e9e19828d68b04eca5cf66e37a08f4159a groupId:84b569d23ad7c05340b9ed084d5b2709ae301551e8572ffad7b42321b5055611 kind:videoinput label:FaceTime HD Camera]] media_query_any_hover:none media_query_any_pointer:fine media_query_hover:none media_query_pointer:fine offscreen_canvas_available:true pdfViewerEnabled:true performance_memory:map[jsHeapSizeLimit:2.172641037e+09 totalJSHeapSize:7.6283801e+07 usedJSHeapSize:5.355848e+07] permissions_notifications_state:denied platform:Win32 productSub:20030107 scheduling:map[isInputPending:false] screen_color_depth:24 screen_inner_height:1374 screen_inner_width:2615 screen_orientation:landscape-primary screen_outer_height:1445 screen_outer_width:2631 storage_persisted:false storage_quota:2.99294295533e+11 storage_usage:3.54418688e+08 timezone:America/New_York userActivation:map[hasBeenActive:false isActive:false] userAgent:Mozilla/5.0 (Windows NT 10.0; Win64; x64) AppleWebKit/537.36 (KHTML, like Gecko) Chrome/134.0.0.0 Safari/537.36 userAgentData:map[brands:[map[brand:Chromium version:116] map[brand:Not)A;Brand version:24] map[brand:Google Chrome version:116]] mobile:false platform:windows uaFullVersion:116.0.0.0] vendor:Google Inc. webdriver:false webdriverString:function () { [native code] } webrtc_data:map[ice_candidates:[candidate:0 1 UDP 2122252543 68a1f923-03a6-14b9-cfc4-d7a40d6d02ab.local 58349 typ host candidate:1 1 UDP 2122252542 192.168.1.96 58350 typ host]]]
2026/03/09 13:57:00 NAV_DATA JSON: map[Notification_permission:default appVersion:5.0 (Windows NT 10.0; Win64; x64) AppleWebKit/537.36 (KHTML, like Gecko) Chrome/134.0.0.0 Safari/537.36 audio_worklet_available:true battery_status:map[charging:false chargingTime:0 dischargingTime:1560 level:0.7164566865786545] chrome:map[] chrome_app:map[InstallState:map[DISABLED:disabled INSTALLED:installed NOT_INSTALLED:not_installed] RunningState:map[CANNOT_RUN:cannot_run READY_TO_RUN:ready_to_run RUNNING:running] isInstalled:false] chrome_csi:map[onloadT:2765 pageT:2482 startE:1.773026818136e+12 tran:15] chrome_loadTimes:map[commitLoadTime:1.7730268186245377e+09 connectionInfo:h2 finishDocumentLoadTime:1.773026819164743e+09 finishLoadTime:1.7730268194582143e+09 firstPaintAfterLoadTime:0 firstPaintTime:1.7730268188165746e+09 navigationType:Other npnNegotiatedProtocol:h2 requestTime:1.7730268181368525e+09 startLoadTime:1.7730268182495115e+09 wasAlternateProtocolAvailable:false wasFetchedViaSpdy:true wasNpnNegotiated:true] connection:map[downlink:8.711905165516058 effectiveType:4g rtt:158.86543607960095] cookieEnabled:true deviceMemory:32 gpu_present:false hardwareConcurrency:8 intl_locale:en-US intl_timezone:America/New_York keyboard:map[] language:en-US languages:[en-US en] locks:map[] maxTouchPoints:0 media_devices:[map[deviceId:ba814451ce3954aff3917d43808a3dff6f1e5fc43ca2ee64479e43384cd8fa04 groupId:79e7a812a1beb03d603541e3633f862809c75c0e3d88c50f169f8098113d37ae kind:audioinput label:Internal Microphone] map[deviceId:default groupId:79e7a812a1beb03d603541e3633f862809c75c0e3d88c50f169f8098113d37ae kind:audiooutput label:Default - Speakers] map[deviceId:fce19ec382650a188d61fde2c90908082be11b591ef6a71bb1aafcec2120acbf groupId:79e7a812a1beb03d603541e3633f862809c75c0e3d88c50f169f8098113d37ae kind:audiooutput label:Built-in Output]] media_query_any_hover:hover media_query_any_pointer:fine media_query_hover:hover media_query_pointer:fine offscreen_canvas_available:true pdfViewerEnabled:true performance_memory:map[jsHeapSizeLimit:4.294705393e+09 totalJSHeapSize:6.8711278e+07 usedJSHeapSize:4.8145256e+07] permissions_notifications_state:denied platform:Win32 productSub:20030107 scheduling:map[isInputPending:false] screen_color_depth:24 screen_inner_height:1498 screen_inner_width:2513 screen_orientation:portrait-primary screen_outer_height:1581 screen_outer_width:2529 storage_persisted:false storage_quota:0 storage_usage:2.96747008e+08 timezone:America/New_York userActivation:map[hasBeenActive:false isActive:false] userAgent:Mozilla/5.0 (Windows NT 10.0; Win64; x64) AppleWebKit/537.36 (KHTML, like Gecko) Chrome/134.0.0.0 Safari/537.36 userAgentData:map[brands:[map[brand:Chromium version:116] map[brand:Not)A;Brand version:24] map[brand:Google Chrome version:116]] mobile:false platform:windows uaFullVersion:116.0.0.0] vendor:Google Inc. webdriver:false webdriverString:function () { [native code] } webrtc_data:map[ice_candidates:[candidate:0 1 UDP 2122252543 1ecbf59c-c4b0-3ad2-8e88-8a1bde2cd80b.local 58349 typ host candidate:1 1 UDP 2122252542 192.168.1.28 58350 typ host]]]
2026/03/09 13:57:00 NAV_DATA JSON: map[Notification_permission:default appVersion:5.0 (Windows NT 10.0; Win64; x64) AppleWebKit/537.36 (KHTML, like Gecko) Chrome/134.0.0.0 Safari/537.36 audio_worklet_available:true battery_status:map[charging:false chargingTime:0 dischargingTime:7880 level:0.36821182937263436] chrome:map[] chrome_app:map[InstallState:map[DISABLED:disabled INSTALLED:installed NOT_INSTALLED:not_installed] RunningState:map[CANNOT_RUN:cannot_run READY_TO_RUN:ready_to_run RUNNING:running] isInstalled:false] chrome_csi:map[onloadT:2974 pageT:2536 startE:1.773026818084e+12 tran:15] chrome_loadTimes:map[commitLoadTime:1.773026818962651e+09 connectionInfo:h2 finishDocumentLoadTime:1.7730268195814915e+09 finishLoadTime:1.7730268197273085e+09 firstPaintAfterLoadTime:0 firstPaintTime:1.7730268191175025e+09 navigationType:Other npnNegotiatedProtocol:h2 requestTime:1.7730268180845304e+09 startLoadTime:1.7730268183930132e+09 wasAlternateProtocolAvailable:false wasFetchedViaSpdy:true wasNpnNegotiated:true] connection:map[downlink:1.1127362325935808 effectiveType:4g rtt:54.59768081633185] cookieEnabled:true deviceMemory:32 gpu_present:true hardwareConcurrency:15 intl_locale:en-US intl_timezone:America/New_York keyboard:map[] language:en-US languages:[en-US en] locks:map[] maxTouchPoints:0 media_devices:[map[deviceId:192dfd031af3504538827d0c0d59b8d5612aa73eb53e4c1e5adb505264f5bcff groupId:80d559a82b40921f711072010e8e720bad9b67b5c2628cc037ac585431f38e64 kind:audioinput label:Internal Microphone] map[deviceId:default groupId:80d559a82b40921f711072010e8e720bad9b67b5c2628cc037ac585431f38e64 kind:audiooutput label:Default - Speakers] map[deviceId:810c6c0fde36d30496b235b91e365d3951971a15b5762892b77f191eadb9be18 groupId:80d559a82b40921f711072010e8e720bad9b67b5c2628cc037ac585431f38e64 kind:audiooutput label:Built-in Output]] media_query_any_hover:hover media_query_any_pointer:coarse media_query_hover:hover media_query_pointer:coarse offscreen_canvas_available:true pdfViewerEnabled:true performance_memory:map[jsHeapSizeLimit:4.294705026e+09 totalJSHeapSize:4.7361882e+07 usedJSHeapSize:1.5834086e+07] permissions_notifications_state:denied platform:Win32 productSub:20030107 scheduling:map[isInputPending:false] screen_color_depth:32 screen_inner_height:1577 screen_inner_width:3120 screen_orientation:landscape-primary screen_outer_height:1664 screen_outer_width:3135 storage_persisted:false storage_quota:5.24663284346e+11 storage_usage:5.1380224e+08 timezone:America/New_York userActivation:map[hasBeenActive:false isActive:false] userAgent:Mozilla/5.0 (Windows NT 10.0; Win64; x64) AppleWebKit/537.36 (KHTML, like Gecko) Chrome/134.0.0.0 Safari/537.36 userAgentData:map[brands:[map[brand:Chromium version:116] map[brand:Not)A;Brand version:24] map[brand:Google Chrome version:116]] mobile:false platform:windows uaFullVersion:116.0.0.0] vendor:Google Inc. webdriver:false webdriverString:function () { [native code] } webrtc_data:map[ice_candidates:[candidate:0 1 UDP 2122252543 0128e4ee-6caf-15e6-065c-e68981b7feee.local 58349 typ host]]]
2026/03/09 13:57:00 NAV_DATA JSON: map[Notification_permission:default appVersion:5.0 (Windows NT 10.0; Win64; x64) AppleWebKit/537.36 (KHTML, like Gecko) Chrome/134.0.0.0 Safari/537.36 audio_worklet_available:true battery_status:map[charging:true chargingTime:0 dischargingTime:1e+308 level:1] chrome:map[] chrome_app:map[InstallState:map[DISABLED:disabled INSTALLED:installed NOT_INSTALLED:not_installed] RunningState:map[CANNOT_RUN:cannot_run READY_TO_RUN:ready_to_run RUNNING:running] isInstalled:false] chrome_csi:map[onloadT:2652 pageT:2334 startE:1.773026818294e+12 tran:15] chrome_loadTimes:map[commitLoadTime:1.773026818745657e+09 connectionInfo:h2 finishDocumentLoadTime:1.773026819430361e+09 finishLoadTime:1.773026819686097e+09 firstPaintAfterLoadTime:0 firstPaintTime:1.7730268189321096e+09 navigationType:Other npnNegotiatedProtocol:h2 requestTime:1.773026818294955e+09 startLoadTime:1.773026818412353e+09 wasAlternateProtocolAvailable:false wasFetchedViaSpdy:true wasNpnNegotiated:true] connection:map[downlink:1.8 effectiveType:4g rtt:150 saveData:false] cookieEnabled:true deviceMemory:8 gpu_present:true hardwareConcurrency:8 intl_locale:en-US intl_timezone:America/New_York keyboard:map[] language:en-US languages:[en-US en] locks:map[] maxTouchPoints:0 media_devices:[] media_query_any_hover:hover media_query_any_pointer:fine media_query_hover:hover media_query_pointer:fine offscreen_canvas_available:true pdfViewerEnabled:true performance_memory:map[jsHeapSizeLimit:4.294705285e+09 totalJSHeapSize:7.8628082e+07 usedJSHeapSize:5.4556938e+07] permissions_notifications_state:default platform:Win32 productSub:20030107 scheduling:map[isInputPending:false] screen_color_depth:24 screen_inner_height:1497 screen_inner_width:2864 screen_orientation:portrait-primary screen_outer_height:1581 screen_outer_width:2880 storage_persisted:false storage_quota:1.90827293917e+11 storage_usage:3.58612992e+08 timezone:America/New_York userActivation:map[hasBeenActive:false isActive:false] userAgent:Mozilla/5.0 (Windows NT 10.0; Win64; x64) AppleWebKit/537.36 (KHTML, like Gecko) Chrome/134.0.0.0 Safari/537.36 userAgentData:map[brands:[map[brand:Chromium version:116] map[brand:Not)A;Brand version:24] map[brand:Google Chrome version:116]] mobile:false platform:windows uaFullVersion:116.0.0.0] vendor:Google Inc. webdriver:false webdriverString:function () { [native code] } webrtc_data:map[ice_candidates:[candidate:0 1 UDP 2122252543 ae47686f-1ac8-a192-cd14-8563566b4e92.local 58349 typ host]]]
2026/03/09 13:57:00 NAV_DATA JSON: map[Notification_permission:default appVersion:5.0 (Windows NT 10.0; Win64; x64) AppleWebKit/537.36 (KHTML, like Gecko) Chrome/134.0.0.0 Safari/537.36 audio_worklet_available:true battery_status:map[charging:true chargingTime:1394 dischargingTime:1e+308 level:0.5645349386952995] chrome:map[] chrome_app:map[InstallState:map[DISABLED:disabled INSTALLED:installed NOT_INSTALLED:not_installed] RunningState:map[CANNOT_RUN:cannot_run READY_TO_RUN:ready_to_run RUNNING:running] isInstalled:false] chrome_csi:map[onloadT:2756 pageT:2131 startE:1.773026818499e+12 tran:15] chrome_loadTimes:map[commitLoadTime:1.7730268194334795e+09 connectionInfo:h2 finishDocumentLoadTime:1.7730268200071998e+09 finishLoadTime:1.7730268202512417e+09 firstPaintAfterLoadTime:0 firstPaintTime:1.773026819756872e+09 navigationType:Other npnNegotiatedProtocol:h2 requestTime:1.7730268184992e+09 startLoadTime:1.7730268188187234e+09 wasAlternateProtocolAvailable:false wasFetchedViaSpdy:true wasNpnNegotiated:true] connection:map[downlink:1.091375853549606 effectiveType:4g rtt:31.76516452950583] cookieEnabled:true deviceMemory:16 gpu_present:false hardwareConcurrency:8 intl_locale:en-US intl_timezone:America/New_York keyboard:map[] language:en-US languages:[en-US en] locks:map[] maxTouchPoints:0 media_devices:[map[deviceId:97f494c4648c1d7f87e23d4332028e35672015560d832ea1dd5c2426bc3c8e24 groupId:fccf1961d2236af4b60a1dc7a8c16609ef2e1d206fdc081a5a5bfded900d78f5 kind:audioinput label:Internal Microphone] map[deviceId:default groupId:fccf1961d2236af4b60a1dc7a8c16609ef2e1d206fdc081a5a5bfded900d78f5 kind:audiooutput label:Default - Speakers] map[deviceId:bff4dc7ba8b5751a41a5a1b6265f1d6fea506f3adee81ad719062bb998022c6f groupId:fccf1961d2236af4b60a1dc7a8c16609ef2e1d206fdc081a5a5bfded900d78f5 kind:audiooutput label:Built-in Output] map[deviceId:583b14ca21eb2fe32bf16539cbbf3edc8f80f5d4c5ea347371ea1a5ea9083f85 groupId:c712fab8ed10af86612900022e53d52af7fad9e499c6a33ff9b6ef01e83872ee kind:videoinput label:FaceTime HD Camera]] media_query_any_hover:hover media_query_any_pointer:fine media_query_hover:hover media_query_pointer:fine offscreen_canvas_available:true pdfViewerEnabled:true performance_memory:map[jsHeapSizeLimit:4.294704829e+09 totalJSHeapSize:4.3875095e+07 usedJSHeapSize:2.3197928e+07] permissions_notifications_state:denied platform:Win32 productSub:20030107 scheduling:map[isInputPending:false] screen_color_depth:32 screen_inner_height:1173 screen_inner_width:2186 screen_orientation:portrait-primary screen_outer_height:1238 screen_outer_width:2201 storage_persisted:false storage_quota:3.29061378751e+11 storage_usage:7.5497472e+07 timezone:America/New_York userActivation:map[hasBeenActive:false isActive:false] userAgent:Mozilla/5.0 (Windows NT 10.0; Win64; x64) AppleWebKit/537.36 (KHTML, like Gecko) Chrome/134.0.0.0 Safari/537.36 userAgentData:map[brands:[map[brand:Chromium version:116] map[brand:Not)A;Brand version:24] map[brand:Google Chrome version:116]] mobile:false platform:windows uaFullVersion:116.0.0.0] vendor:Google Inc. webdriver:false webdriverString:function () { [native code] } webrtc_data:map[ice_candidates:[]]]
2026/03/09 13:57:00 NAV_DATA JSON: map[Notification_permission:default appVersion:5.0 (Windows NT 10.0; Win64; x64) AppleWebKit/537.36 (KHTML, like Gecko) Chrome/134.0.0.0 Safari/537.36 audio_worklet_available:true battery_status:map[charging:true chargingTime:1394 dischargingTime:1e+308 level:0.5645349386952995] chrome:map[] chrome_app:map[InstallState:map[DISABLED:disabled INSTALLED:installed NOT_INSTALLED:not_installed] RunningState:map[CANNOT_RUN:cannot_run READY_TO_RUN:ready_to_run RUNNING:running] isInstalled:false] chrome_csi:map[onloadT:2756 pageT:2131 startE:1.773026818499e+12 tran:15] chrome_loadTimes:map[commitLoadTime:1.7730268194334795e+09 connectionInfo:h2 finishDocumentLoadTime:1.7730268200071998e+09 finishLoadTime:1.7730268202512417e+09 firstPaintAfterLoadTime:0 firstPaintTime:1.773026819756872e+09 navigationType:Other npnNegotiatedProtocol:h2 requestTime:1.7730268184992e+09 startLoadTime:1.7730268188187234e+09 wasAlternateProtocolAvailable:false wasFetchedViaSpdy:true wasNpnNegotiated:true] connection:map[downlink:1.091375853549606 effectiveType:4g rtt:31.76516452950583] cookieEnabled:true deviceMemory:16 gpu_present:false hardwareConcurrency:8 intl_locale:en-US intl_timezone:America/New_York keyboard:map[] language:en-US languages:[en-US en] locks:map[] maxTouchPoints:0 media_devices:[map[deviceId:97f494c4648c1d7f87e23d4332028e35672015560d832ea1dd5c2426bc3c8e24 groupId:fccf1961d2236af4b60a1dc7a8c16609ef2e1d206fdc081a5a5bfded900d78f5 kind:audioinput label:Internal Microphone] map[deviceId:default groupId:fccf1961d2236af4b60a1dc7a8c16609ef2e1d206fdc081a5a5bfded900d78f5 kind:audiooutput label:Default - Speakers] map[deviceId:bff4dc7ba8b5751a41a5a1b6265f1d6fea506f3adee81ad719062bb998022c6f groupId:fccf1961d2236af4b60a1dc7a8c16609ef2e1d206fdc081a5a5bfded900d78f5 kind:audiooutput label:Built-in Output] map[deviceId:583b14ca21eb2fe32bf16539cbbf3edc8f80f5d4c5ea347371ea1a5ea9083f85 groupId:c712fab8ed10af86612900022e53d52af7fad9e499c6a33ff9b6ef01e83872ee kind:videoinput label:FaceTime HD Camera]] media_query_any_hover:hover media_query_any_pointer:fine media_query_hover:hover media_query_pointer:fine offscreen_canvas_available:true pdfViewerEnabled:true performance_memory:map[jsHeapSizeLimit:4.294704829e+09 totalJSHeapSize:4.3875095e+07 usedJSHeapSize:2.3197928e+07] permissions_notifications_state:denied platform:Win32 productSub:20030107 scheduling:map[isInputPending:false] screen_color_depth:32 screen_inner_height:1173 screen_inner_width:2186 screen_orientation:portrait-primary screen_outer_height:1238 screen_outer_width:2201 storage_quota:3.29061378751e+11 timezone:America/New_York userActivation:map[hasBeenActive:false isActive:false] userAgent:Mozilla/5.0 (Windows NT 10.0; Win64; x64) AppleWebKit/537.36 (KHTML, like Gecko) Chrome/134.0.0.0 Safari/537.36 userAgentData:map[brands:[map[brand:Chromium version:116] map[brand:Not)A;Brand version:24] map[brand:Google Chrome version:116]] mobile:false platform:windows uaFullVersion:116.0.0.0] vendor:Google Inc. webdriver:false webdriverString:function () { [native code] } webrtc_data:map[ice_candidates:[]]]
2026/03/09 13:57:00 NAV_DATA JSON: map[Notification_permission:default appVersion:5.0 (Windows NT 10.0; Win64; x64) AppleWebKit/537.36 (KHTML, like Gecko) Chrome/134.0.0.0 Safari/537.36 audio_worklet_available:true battery_status:map[charging:true chargingTime:0 dischargingTime:1e+308 level:1] chrome:map[] chrome_app:map[InstallState:map[DISABLED:disabled INSTALLED:installed NOT_INSTALLED:not_installed] RunningState:map[CANNOT_RUN:cannot_run READY_TO_RUN:ready_to_run RUNNING:running] isInstalled:false] chrome_csi:map[onloadT:2768 pageT:2284 startE:1.773026818353e+12 tran:15] chrome_loadTimes:map[commitLoadTime:1.7730268191155488e+09 connectionInfo:h2 finishDocumentLoadTime:1.773026819596176e+09 finishLoadTime:1.773026819821516e+09 firstPaintAfterLoadTime:0 firstPaintTime:1.7730268193215587e+09 navigationType:Other npnNegotiatedProtocol:h2 requestTime:1.7730268183536131e+09 startLoadTime:1.7730268186320152e+09 wasAlternateProtocolAvailable:false wasFetchedViaSpdy:true wasNpnNegotiated:true] connection:map[downlink:7.1 effectiveType:4g rtt:50 saveData:false] cookieEnabled:true deviceMemory:8 gpu_present:true hardwareConcurrency:12 intl_locale:en-US intl_timezone:America/New_York keyboard:map[] language:en-US languages:[en-US en] locks:map[] maxTouchPoints:0 media_devices:[map[deviceId:e35ab579fe92f112bcf5d5544707a31beed17bcb0850ff452e765d2d4e5c2aab groupId:9fb0362dad7add5d254d718979315c48c6e0d59552426f20286a2d519173b28a kind:audioinput label:Internal Microphone] map[deviceId:default groupId:9fb0362dad7add5d254d718979315c48c6e0d59552426f20286a2d519173b28a kind:audiooutput label:Default - Speakers] map[deviceId:101c69437bb2abc244d5670e5e51c2b01fc69d8b7f2c977663af0a5c8209021a groupId:9fb0362dad7add5d254d718979315c48c6e0d59552426f20286a2d519173b28a kind:audiooutput label:Built-in Output] map[deviceId:22a6937816ece3f82dff1b46c654385fb43f0bddcd3b4b0658893ca13a468b8c groupId:32f8659335b16ea8b302107ba2d3e38ac40d2d5249ca4dd804114758782315ae kind:videoinput label:FaceTime HD Camera]] media_query_any_hover:hover media_query_any_pointer:none media_query_hover:hover media_query_pointer:none offscreen_canvas_available:true pdfViewerEnabled:true performance_memory:map[jsHeapSizeLimit:4.294704659e+09 totalJSHeapSize:6.2693183e+07 usedJSHeapSize:2.7007046e+07] permissions_notifications_state:default platform:Win32 productSub:20030107 scheduling:map[isInputPending:false] screen_color_depth:32 screen_inner_height:959 screen_inner_width:1905 screen_orientation:landscape-primary screen_outer_height:1040 screen_outer_width:1920 storage_persisted:false storage_quota:0 storage_usage:3.670016e+07 timezone:America/New_York userActivation:map[hasBeenActive:false isActive:false] userAgent:Mozilla/5.0 (Windows NT 10.0; Win64; x64) AppleWebKit/537.36 (KHTML, like Gecko) Chrome/134.0.0.0 Safari/537.36 userAgentData:map[brands:[map[brand:Chromium version:116] map[brand:Not)A;Brand version:24] map[brand:Google Chrome version:116]] mobile:false platform:windows uaFullVersion:116.0.0.0] vendor:Google Inc. webdriver:false webdriverString:function () { [native code] } webrtc_data:map[ice_candidates:[candidate:0 1 UDP 2122252543 239f8381-432b-eb2c-3a5c-0e015c0dad0d.local 58349 typ host]]]
2026/03/09 13:57:00 NAV_DATA JSON: map[Notification_permission:default appVersion:5.0 (Windows NT 10.0; Win64; x64) AppleWebKit/537.36 (KHTML, like Gecko) Chrome/134.0.0.0 Safari/537.36 audio_worklet_available:true battery_status:map[charging:true chargingTime:0 dischargingTime:1e+308 level:1] chrome:map[] chrome_app:map[InstallState:map[DISABLED:disabled INSTALLED:installed NOT_INSTALLED:not_installed] RunningState:map[CANNOT_RUN:cannot_run READY_TO_RUN:ready_to_run RUNNING:running] isInstalled:false] chrome_csi:map[onloadT:3247 pageT:2676 startE:1.773026817963e+12 tran:15] chrome_loadTimes:map[commitLoadTime:1.7730268188359172e+09 connectionInfo:h2 finishDocumentLoadTime:1.7730268192206855e+09 finishLoadTime:1.7730268193314788e+09 firstPaintAfterLoadTime:0 firstPaintTime:1.7730268190007286e+09 navigationType:Other npnNegotiatedProtocol:h2 requestTime:1.7730268179634895e+09 startLoadTime:1.7730268181216018e+09 wasAlternateProtocolAvailable:false wasFetchedViaSpdy:true wasNpnNegotiated:true] connection:map[downlink:8.446365273565279 effectiveType:4g rtt:32.45905200771532] cookieEnabled:true deviceMemory:8 gpu_present:false hardwareConcurrency:8 intl_locale:en-US intl_timezone:America/New_York keyboard:map[] language:en-US languages:[en-US en] locks:map[] maxTouchPoints:0 media_devices:[map[deviceId:6ba2387e1574fdaa71881d4a3987223e9ef4d311352ce4189a6bb57b7eaa5039 groupId:20c96c208a702a0e96a45bd2fe7c24da5e327c826aeb0d3742f4614dfe92c95b kind:audioinput label:Internal Microphone] map[deviceId:default groupId:20c96c208a702a0e96a45bd2fe7c24da5e327c826aeb0d3742f4614dfe92c95b kind:audiooutput label:Default - Speakers] map[deviceId:492fb196e064e309e46c11f19ea064ca070f3a2d6dfe3a0d03d47a019f11bb17 groupId:20c96c208a702a0e96a45bd2fe7c24da5e327c826aeb0d3742f4614dfe92c95b kind:audiooutput label:Built-in Output] map[deviceId:6e31d2890b26cc4ca4127d28a309539f5ebbf6633b6069a30402631f24382fbe groupId:5701f824e11c0556b4bc54c944b277d1ac403637c11e22b0bd18cd3bb7cd083b kind:videoinput label:FaceTime HD Camera]] media_query_any_hover:hover media_query_any_pointer:fine media_query_hover:hover media_query_pointer:fine offscreen_canvas_available:true pdfViewerEnabled:true performance_memory:map[jsHeapSizeLimit:4.294704937e+09 totalJSHeapSize:4.2459036e+07 usedJSHeapSize:2.2100895e+07] permissions_notifications_state:default platform:Win32 productSub:20030107 scheduling:map[isInputPending:false] screen_color_depth:24 screen_inner_height:1056 screen_inner_width:2163 screen_orientation:landscape-primary screen_outer_height:1118 screen_outer_width:2180 storage_persisted:false storage_quota:3.37675216002e+11 storage_usage:2.02375168e+08 timezone:America/New_York userActivation:map[hasBeenActive:false isActive:false] userAgent:Mozilla/5.0 (Windows NT 10.0; Win64; x64) AppleWebKit/537.36 (KHTML, like Gecko) Chrome/134.0.0.0 Safari/537.36 userAgentData:map[brands:[map[brand:Chromium version:116] map[brand:Not)A;Brand version:24] map[brand:Google Chrome version:116]] mobile:false platform:windows uaFullVersion:116.0.0.0] vendor:Google Inc. webdriver:false webdriverString:function () { [native code] } webrtc_data:map[ice_candidates:[]]]
  Caught: audio_zero_base_latency
  Caught: missing_connection_saveData
  Caught: non_quantized_rtt: 32ms (not multiple of 25)
  Caught: non_quantized_network_rtt: 32ms
  Caught: non_quantized_network_downlink: 8.4464Mbps
  Caught: missing_webgpu
  Caught: suspicious_battery_status
  Caught: non_standard_media_device_id_format
  Caught: empty_ice_candidates
  Caught: canvas_idat_high_entropy
  Caught: canvas_spatial_inconsistency
  Caught: missing_webgl_viewport_dims
  Caught: insufficient_webgl_extensions
  Caught: missing_webgl_draft_extensions
  Caught: non_quantized_dpr
  Caught: suspicious_taskbar_gap
  Caught: audio_base_latency_out_of_range
2026/03/09 13:57:00 NAV_DATA JSON: map[Notification_permission:default appVersion:5.0 (Windows NT 10.0; Win64; x64) AppleWebKit/537.36 (KHTML, like Gecko) Chrome/134.0.0.0 Safari/537.36 audio_worklet_available:true battery_status:map[charging:true chargingTime:0 dischargingTime:1e+308 level:1] chrome:map[] chrome_app:map[InstallState:map[DISABLED:disabled INSTALLED:installed NOT_INSTALLED:not_installed] RunningState:map[CANNOT_RUN:cannot_run READY_TO_RUN:ready_to_run RUNNING:running] isInstalled:false] chrome_csi:map[onloadT:3470 pageT:2913 startE:1.773026817728e+12 tran:15] chrome_loadTimes:map[commitLoadTime:1.7730268182885115e+09 connectionInfo:h2 finishDocumentLoadTime:1.7730268189809911e+09 finishLoadTime:1.7730268191864607e+09 firstPaintAfterLoadTime:0 firstPaintTime:1.7730268185291739e+09 navigationType:Other npnNegotiatedProtocol:h2 requestTime:1.7730268177282639e+09 startLoadTime:1.7730268178848922e+09 wasAlternateProtocolAvailable:false wasFetchedViaSpdy:true wasNpnNegotiated:true] connection:map[downlink:7.811831182432116 effectiveType:4g rtt:132.5054428732698] cookieEnabled:true deviceMemory:16 gpu_present:true hardwareConcurrency:12 intl_locale:en-US intl_timezone:America/New_York keyboard:map[] language:en-US languages:[en-US en] locks:map[] maxTouchPoints:0 media_devices:[map[deviceId:842dbb6bdf2df0dcb7f6fdee921a73088d5782d638752d15c635b7ebbd7b305e groupId:ffbf18233ea878608eee30ff9854be6501b3e0071ce0d6112442b66dba251c3d kind:audioinput label:Internal Microphone] map[deviceId:default groupId:ffbf18233ea878608eee30ff9854be6501b3e0071ce0d6112442b66dba251c3d kind:audiooutput label:Default - Speakers] map[deviceId:e4934fb18602150f527f8bc690a91da20e0ec785b705ff2f561604475f15d65c groupId:ffbf18233ea878608eee30ff9854be6501b3e0071ce0d6112442b66dba251c3d kind:audiooutput label:Built-in Output]] media_query_any_hover:hover media_query_any_pointer:none media_query_hover:hover media_query_pointer:none offscreen_canvas_available:true pdfViewerEnabled:true performance_memory:map[jsHeapSizeLimit:4.294705614e+09 totalJSHeapSize:6.6098443e+07 usedJSHeapSize:2.7416334e+07] permissions_notifications_state:default platform:Win32 productSub:20030107 scheduling:map[isInputPending:false] screen_color_depth:32 screen_inner_height:942 screen_inner_width:1952 screen_orientation:landscape-primary screen_outer_height:1015 screen_outer_width:1967 storage_persisted:false storage_quota:2.51058364305e+11 storage_usage:1.2582912e+07 timezone:America/New_York userActivation:map[hasBeenActive:false isActive:false] userAgent:Mozilla/5.0 (Windows NT 10.0; Win64; x64) AppleWebKit/537.36 (KHTML, like Gecko) Chrome/134.0.0.0 Safari/537.36 userAgentData:map[brands:[map[brand:Chromium version:116] map[brand:Not)A;Brand version:24] map[brand:Google Chrome version:116]] mobile:false platform:windows uaFullVersion:116.0.0.0] vendor:Google Inc. webdriver:false webdriverString:function () { [native code] } webrtc_data:map[ice_candidates:[candidate:0 1 UDP 2122252543 7e61b5ec-ac6f-f774-0a50-b41854bf1ee3.local 58349 typ host candidate:1 1 UDP 2122252542 192.168.1.85 58350 typ host]]]
2026/03/09 13:57:00 NAV_DATA JSON: map[Notification_permission:default appVersion:5.0 (Windows NT 10.0; Win64; x64) AppleWebKit/537.36 (KHTML, like Gecko) Chrome/134.0.0.0 Safari/537.36 audio_worklet_available:true battery_status:map[charging:true chargingTime:406 dischargingTime:1e+308 level:0.7852845528967967] chrome:map[] chrome_app:map[InstallState:map[DISABLED:disabled INSTALLED:installed NOT_INSTALLED:not_installed] RunningState:map[CANNOT_RUN:cannot_run READY_TO_RUN:ready_to_run RUNNING:running] isInstalled:false] chrome_csi:map[onloadT:3048 pageT:2657 startE:1.773026817986e+12 tran:15] chrome_loadTimes:map[commitLoadTime:1.7730268186811357e+09 connectionInfo:h2 finishDocumentLoadTime:1.7730268190800884e+09 finishLoadTime:1.7730268191841776e+09 firstPaintAfterLoadTime:0 firstPaintTime:1.7730268188718522e+09 navigationType:Other npnNegotiatedProtocol:h2 requestTime:1.773026817986261e+09 startLoadTime:1.7730268183519776e+09 wasAlternateProtocolAvailable:false wasFetchedViaSpdy:true wasNpnNegotiated:true] connection:map[downlink:4.733869291639906 effectiveType:4g rtt:71.10527221382684] cookieEnabled:true deviceMemory:8 gpu_present:true hardwareConcurrency:3 intl_locale:en-US intl_timezone:America/New_York keyboard:map[] language:en-US languages:[en-US en] locks:map[] maxTouchPoints:0 media_devices:[] media_query_any_hover:none media_query_any_pointer:fine media_query_hover:none media_query_pointer:fine offscreen_canvas_available:true pdfViewerEnabled:true performance_memory:map[jsHeapSizeLimit:4.294705247e+09 totalJSHeapSize:5.043287e+07 usedJSHeapSize:2.6752662e+07] permissions_notifications_state:default platform:Win32 productSub:20030107 scheduling:map[isInputPending:false] screen_color_depth:32 screen_inner_height:1173 screen_inner_width:2216 screen_orientation:landscape-primary screen_outer_height:1255 screen_outer_width:2231 storage_persisted:false storage_quota:9.5509747034e+10 storage_usage:3.36592896e+08 timezone:America/New_York userActivation:map[hasBeenActive:false isActive:false] userAgent:Mozilla/5.0 (Windows NT 10.0; Win64; x64) AppleWebKit/537.36 (KHTML, like Gecko) Chrome/134.0.0.0 Safari/537.36 userAgentData:map[brands:[map[brand:Chromium version:116] map[brand:Not)A;Brand version:24] map[brand:Google Chrome version:116]] mobile:false platform:windows uaFullVersion:116.0.0.0] vendor:Google Inc. webdriver:false webdriverString:function () { [native code] } webrtc_data:map[ice_candidates:[candidate:0 1 UDP 2122252543 41b9ff3c-dbb9-3409-2f40-fa065dbd25e4.local 58349 typ host candidate:1 1 UDP 2122252542 192.168.1.209 58350 typ host]]]
2026/03/09 13:57:00 NAV_DATA JSON: map[Notification_permission:default appVersion:5.0 (Windows NT 10.0; Win64; x64) AppleWebKit/537.36 (KHTML, like Gecko) Chrome/134.0.0.0 Safari/537.36 audio_worklet_available:true battery_status:map[charging:false chargingTime:0 dischargingTime:5606 level:0.8615354648003366] chrome:map[] chrome_app:map[InstallState:map[DISABLED:disabled INSTALLED:installed NOT_INSTALLED:not_installed] RunningState:map[CANNOT_RUN:cannot_run READY_TO_RUN:ready_to_run RUNNING:running] isInstalled:false] chrome_csi:map[onloadT:2891 pageT:2265 startE:1.773026818379e+12 tran:15] chrome_loadTimes:map[commitLoadTime:1.773026819173166e+09 connectionInfo:h2 finishDocumentLoadTime:1.773026819675932e+09 finishLoadTime:1.7730268199178562e+09 firstPaintAfterLoadTime:0 firstPaintTime:1.7730268192914898e+09 navigationType:Other npnNegotiatedProtocol:h2 requestTime:1.7730268183794243e+09 startLoadTime:1.7730268187762687e+09 wasAlternateProtocolAvailable:false wasFetchedViaSpdy:true wasNpnNegotiated:true] connection:map[downlink:7.067194363183672 effectiveType:4g rtt:95.49538555070224] cookieEnabled:true deviceMemory:8 gpu_present:false hardwareConcurrency:8 intl_locale:en-US intl_timezone:America/New_York keyboard:map[] language:en-US languages:[en-US en] locks:map[] maxTouchPoints:0 media_devices:[map[deviceId:d229d6ecb3290bfa9daf04b5dc2587e0e25e81c1c8dfa8f1dcd6835de161e026 groupId:986a2e20b4a3a4652194e6a222d66bf8844ffc7fbb2de028f40ee5c1eee67149 kind:audioinput label:Internal Microphone] map[deviceId:default groupId:986a2e20b4a3a4652194e6a222d66bf8844ffc7fbb2de028f40ee5c1eee67149 kind:audiooutput label:Default - Speakers] map[deviceId:0c7b8112c3ee3fe4ce35009938fa3c004e4fd4331d2c32fb273816f95f3081eb groupId:986a2e20b4a3a4652194e6a222d66bf8844ffc7fbb2de028f40ee5c1eee67149 kind:audiooutput label:Built-in Output] map[deviceId:75bef44c8b8aba29f2cfba85dee63775e30c6efdbecaeba70a4daf29618bfcdf groupId:877633ed77ff477afe44f743c14479fc5e28a5bbe5d3c93521551fbdff93fb9c kind:videoinput label:FaceTime HD Camera]] media_query_any_hover:hover media_query_any_pointer:fine media_query_hover:hover media_query_pointer:fine offscreen_canvas_available:true pdfViewerEnabled:true performance_memory:map[jsHeapSizeLimit:4.29470478e+09 totalJSHeapSize:7.5968046e+07 usedJSHeapSize:2.7155448e+07] permissions_notifications_state:default platform:Win32 productSub:20030107 scheduling:map[isInputPending:false] screen_color_depth:32 screen_inner_height:1335 screen_inner_width:2945 screen_orientation:landscape-primary screen_outer_height:1400 screen_outer_width:2962 storage_persisted:false storage_quota:0 storage_usage:1.2582912e+07 timezone:America/New_York userActivation:map[hasBeenActive:false isActive:false] userAgent:Mozilla/5.0 (Windows NT 10.0; Win64; x64) AppleWebKit/537.36 (KHTML, like Gecko) Chrome/134.0.0.0 Safari/537.36 userAgentData:map[brands:[map[brand:Chromium version:116] map[brand:Not)A;Brand version:24] map[brand:Google Chrome version:116]] mobile:false platform:windows uaFullVersion:116.0.0.0] vendor:Google Inc. webdriver:false webdriverString:function () { [native code] } webrtc_data:map[ice_candidates:[candidate:0 1 UDP 2122252543 08c5158e-1588-1edc-92ba-8407725469b1.local 58349 typ host candidate:1 1 UDP 2122252542 192.168.1.124 58350 typ host]]]
2026/03/09 13:57:00 NAV_DATA JSON: map[Notification_permission:default appVersion:5.0 (Windows NT 10.0; Win64; x64) AppleWebKit/537.36 (KHTML, like Gecko) Chrome/134.0.0.0 Safari/537.36 audio_worklet_available:true battery_status:map[charging:true chargingTime:1497 dischargingTime:1e+308 level:0.2852079073037755] chrome:map[] chrome_app:map[InstallState:map[DISABLED:disabled INSTALLED:installed NOT_INSTALLED:not_installed] RunningState:map[CANNOT_RUN:cannot_run READY_TO_RUN:ready_to_run RUNNING:running] isInstalled:false] chrome_csi:map[onloadT:3004 pageT:2567 startE:1.773026818078e+12 tran:15] chrome_loadTimes:map[commitLoadTime:1.7730268186375966e+09 connectionInfo:h2 finishDocumentLoadTime:1.773026819254266e+09 finishLoadTime:1.7730268195439308e+09 firstPaintAfterLoadTime:0 firstPaintTime:1.7730268189949002e+09 navigationType:Other npnNegotiatedProtocol:h2 requestTime:1.7730268180786207e+09 startLoadTime:1.7730268181801434e+09 wasAlternateProtocolAvailable:false wasFetchedViaSpdy:true wasNpnNegotiated:true] connection:map[downlink:6.680824436160835 effectiveType:4g rtt:128.38237947334497] cookieEnabled:true deviceMemory:16 gpu_present:true hardwareConcurrency:12 intl_locale:en-US intl_timezone:America/New_York keyboard:map[] language:en-US languages:[en-US en] locks:map[] maxTouchPoints:0 media_devices:[] media_query_any_hover:hover media_query_any_pointer:fine media_query_hover:hover media_query_pointer:fine offscreen_canvas_available:true pdfViewerEnabled:true performance_memory:map[jsHeapSizeLimit:4.294705191e+09 totalJSHeapSize:5.0684299e+07 usedJSHeapSize:2.3706736e+07] permissions_notifications_state:default platform:Win32 productSub:20030107 scheduling:map[isInputPending:false] screen_color_depth:24 screen_inner_height:1665 screen_inner_width:3130 screen_orientation:landscape-primary screen_outer_height:1727 screen_outer_width:3145 storage_persisted:false storage_quota:1.20490447123e+11 storage_usage:3.20864256e+08 timezone:America/New_York userActivation:map[hasBeenActive:false isActive:false] userAgent:Mozilla/5.0 (Windows NT 10.0; Win64; x64) AppleWebKit/537.36 (KHTML, like Gecko) Chrome/134.0.0.0 Safari/537.36 userAgentData:map[brands:[map[brand:Chromium version:116] map[brand:Not)A;Brand version:24] map[brand:Google Chrome version:116]] mobile:false platform:windows uaFullVersion:116.0.0.0] vendor:Google Inc. webdriver:false webdriverString:function () { [native code] } webrtc_data:map[ice_candidates:[candidate:0 1 UDP 2122252543 7a5c5535-ab72-1dfb-3751-28b2d7e2e6cc.local 58349 typ host candidate:1 1 UDP 2122252542 192.168.1.66 58350 typ host]]]
2026/03/09 13:57:00 NAV_DATA JSON: map[Notification_permission:default appVersion:5.0 (Windows NT 10.0; Win64; x64) AppleWebKit/537.36 (KHTML, like Gecko) Chrome/134.0.0.0 Safari/537.36 audio_worklet_available:true battery_status:map[charging:false chargingTime:0 dischargingTime:3204 level:0.7732259460288395] chrome:map[] chrome_app:map[InstallState:map[DISABLED:disabled INSTALLED:installed NOT_INSTALLED:not_installed] RunningState:map[CANNOT_RUN:cannot_run READY_TO_RUN:ready_to_run RUNNING:running] isInstalled:false] chrome_csi:map[onloadT:2762 pageT:2296 startE:1.773026818351e+12 tran:15] chrome_loadTimes:map[commitLoadTime:1.7730268193286085e+09 connectionInfo:h2 finishDocumentLoadTime:1.7730268198917348e+09 finishLoadTime:1.7730268200400298e+09 firstPaintAfterLoadTime:0 firstPaintTime:1.7730268196673608e+09 navigationType:Other npnNegotiatedProtocol:h2 requestTime:1.7730268183513882e+09 startLoadTime:1.7730268185948439e+09 wasAlternateProtocolAvailable:false wasFetchedViaSpdy:true wasNpnNegotiated:true] connection:map[downlink:2.5155118254338675 effectiveType:4g rtt:49.72865889391595] cookieEnabled:true deviceMemory:16 gpu_present:true hardwareConcurrency:13 intl_locale:en-US intl_timezone:America/New_York keyboard:map[] language:en-US languages:[en-US en] locks:map[] maxTouchPoints:0 media_devices:[map[deviceId:6d02f143ae2a2b4d761851e6d51fb03c35f0aada58bd76149ebb1b11de4f3b03 groupId:40c1f2a4f01d6fa26642fa8d7ac4a4afbf96b427caa882029d411b72d6f9414d kind:audioinput label:Internal Microphone] map[deviceId:default groupId:40c1f2a4f01d6fa26642fa8d7ac4a4afbf96b427caa882029d411b72d6f9414d kind:audiooutput label:Default - Speakers] map[deviceId:3be56c7c8115a79676b7592710ae587100bfc8edf113bcdc9a2f45aa9c725846 groupId:40c1f2a4f01d6fa26642fa8d7ac4a4afbf96b427caa882029d411b72d6f9414d kind:audiooutput label:Built-in Output]] media_query_any_hover:hover media_query_any_pointer:none media_query_hover:hover media_query_pointer:none offscreen_canvas_available:true pdfViewerEnabled:true performance_memory:map[jsHeapSizeLimit:4.294705648e+09 totalJSHeapSize:4.1849675e+07 usedJSHeapSize:2.1779884e+07] permissions_notifications_state:default platform:Win32 productSub:20030107 scheduling:map[isInputPending:false] screen_color_depth:32 screen_inner_height:780 screen_inner_width:1496 screen_orientation:landscape-primary screen_outer_height:850 screen_outer_width:1512 storage_persisted:false storage_quota:4.38057799949e+11 storage_usage:1.28974848e+08 timezone:America/New_York userActivation:map[hasBeenActive:false isActive:false] userAgent:Mozilla/5.0 (Windows NT 10.0; Win64; x64) AppleWebKit/537.36 (KHTML, like Gecko) Chrome/134.0.0.0 Safari/537.36 userAgentData:map[brands:[map[brand:Chromium version:116] map[brand:Not)A;Brand version:24] map[brand:Google Chrome version:116]] mobile:false platform:windows uaFullVersion:116.0.0.0] vendor:Google Inc. webdriver:false webdriverString:function () { [native code] } webrtc_data:map[ice_candidates:[candidate:0 1 UDP 2122252543 8c908fd8-0466-0c25-bc9a-b89c1e97ad87.local 58349 typ host candidate:1 1 UDP 2122252542 192.168.1.36 58350 typ host]]]
2026/03/09 13:57:00 NAV_DATA JSON: map[Notification_permission:default appVersion:5.0 (Windows NT 10.0; Win64; x64) AppleWebKit/537.36 (KHTML, like Gecko) Chrome/134.0.0.0 Safari/537.36 audio_worklet_available:true battery_status:map[charging:false chargingTime:0 dischargingTime:17875 level:0.5388918603375641] chrome:map[] chrome_app:map[InstallState:map[DISABLED:disabled INSTALLED:installed NOT_INSTALLED:not_installed] RunningState:map[CANNOT_RUN:cannot_run READY_TO_RUN:ready_to_run RUNNING:running] isInstalled:false] chrome_csi:map[onloadT:2750 pageT:2122 startE:1.773026818526e+12 tran:15] chrome_loadTimes:map[commitLoadTime:1.7730268191813464e+09 connectionInfo:h2 finishDocumentLoadTime:1.7730268199120708e+09 finishLoadTime:1.773026820079306e+09 firstPaintAfterLoadTime:0 firstPaintTime:1.7730268195132048e+09 navigationType:Other npnNegotiatedProtocol:h2 requestTime:1.7730268185265305e+09 startLoadTime:1.7730268187091298e+09 wasAlternateProtocolAvailable:false wasFetchedViaSpdy:true wasNpnNegotiated:true] connection:map[downlink:1.266193571952855 effectiveType:4g rtt:37.90508088300768] cookieEnabled:true deviceMemory:8 gpu_present:true hardwareConcurrency:8 intl_locale:en-US intl_timezone:America/New_York keyboard:map[] language:en-US languages:[en-US en] locks:map[] maxTouchPoints:0 media_devices:[] media_query_any_hover:none media_query_any_pointer:fine media_query_hover:none media_query_pointer:fine offscreen_canvas_available:true pdfViewerEnabled:true performance_memory:map[jsHeapSizeLimit:4.294704945e+09 totalJSHeapSize:6.7043491e+07 usedJSHeapSize:4.3027885e+07] permissions_notifications_state:denied platform:Win32 productSub:20030107 scheduling:map[isInputPending:false] screen_color_depth:32 screen_inner_height:1449 screen_inner_width:2404 screen_orientation:landscape-primary screen_outer_height:1512 screen_outer_width:2419 storage_persisted:false storage_quota:1.98789569057e+11 storage_usage:2.89406976e+08 timezone:America/New_York userActivation:map[hasBeenActive:false isActive:false] userAgent:Mozilla/5.0 (Windows NT 10.0; Win64; x64) AppleWebKit/537.36 (KHTML, like Gecko) Chrome/134.0.0.0 Safari/537.36 userAgentData:map[brands:[map[brand:Chromium version:116] map[brand:Not)A;Brand version:24] map[brand:Google Chrome version:116]] mobile:false platform:windows uaFullVersion:116.0.0.0] vendor:Google Inc. webdriver:false webdriverString:function () { [native code] } webrtc_data:map[ice_candidates:[candidate:0 1 UDP 2122252543 027f13ca-b767-505f-6635-050acd372d01.local 58349 typ host candidate:1 1 UDP 2122252542 192.168.1.18 58350 typ host]]]
2026/03/09 13:57:00 NAV_DATA JSON: map[Notification_permission:default appVersion:5.0 (Windows NT 10.0; Win64; x64) AppleWebKit/537.36 (KHTML, like Gecko) Chrome/134.0.0.0 Safari/537.36 audio_worklet_available:true battery_status:map[charging:true chargingTime:741 dischargingTime:1e+308 level:0.9086975372986722] chrome:map[] chrome_app:map[InstallState:map[DISABLED:disabled INSTALLED:installed NOT_INSTALLED:not_installed] RunningState:map[CANNOT_RUN:cannot_run READY_TO_RUN:ready_to_run RUNNING:running] isInstalled:false] chrome_csi:map[onloadT:2649 pageT:2448 startE:1.773026818201e+12 tran:15] chrome_loadTimes:map[commitLoadTime:1.773026818911419e+09 connectionInfo:h2 finishDocumentLoadTime:1.7730268195982687e+09 finishLoadTime:1.7730268197613497e+09 firstPaintAfterLoadTime:0 firstPaintTime:1.7730268192357647e+09 navigationType:Other npnNegotiatedProtocol:h2 requestTime:1.7730268182015777e+09 startLoadTime:1.7730268184522817e+09 wasAlternateProtocolAvailable:false wasFetchedViaSpdy:true wasNpnNegotiated:true] connection:map[downlink:5.265006870387706 effectiveType:4g rtt:68.77893123189568] cookieEnabled:true deviceMemory:4 gpu_present:true hardwareConcurrency:4 intl_locale:en-US intl_timezone:America/New_York keyboard:map[] language:en-US languages:[en-US en] locks:map[] maxTouchPoints:0 media_devices:[map[deviceId:51e1b88889ae81243549b74b0ff9be622f8b6bbf13ceda7f248b8e7246af6162 groupId:a80ae1f6df0eb408634c724bfbb2e568ded523743a01ea6703b8196b9075be78 kind:audioinput label:Internal Microphone] map[deviceId:default groupId:a80ae1f6df0eb408634c724bfbb2e568ded523743a01ea6703b8196b9075be78 kind:audiooutput label:Default - Speakers] map[deviceId:b26409cf6236499681ad0c627baa13071eeb004fea56ee3417d602ca862f7bed groupId:a80ae1f6df0eb408634c724bfbb2e568ded523743a01ea6703b8196b9075be78 kind:audiooutput label:Built-in Output] map[deviceId:953ceac799388488d21610ba34f6ec7e5ae789523ec45f641dfa897a0b9296ff groupId:2365343a89139f06e28d5c6ea07e91dabcd615bf5c4424150f268319b32ad315 kind:videoinput label:FaceTime HD Camera]] media_query_any_hover:hover media_query_any_pointer:coarse media_query_hover:hover media_query_pointer:coarse offscreen_canvas_available:true pdfViewerEnabled:true performance_memory:map[jsHeapSizeLimit:2.172641359e+09 totalJSHeapSize:2.3900734e+07 usedJSHeapSize:1.4783051e+07] permissions_notifications_state:denied platform:Win32 productSub:20030107 scheduling:map[isInputPending:false] screen_color_depth:32 screen_inner_height:1719 screen_inner_width:3170 screen_orientation:landscape-primary screen_outer_height:1792 screen_outer_width:3185 storage_persisted:false storage_quota:0 storage_usage:9.2274688e+07 timezone:America/New_York userActivation:map[hasBeenActive:false isActive:false] userAgent:Mozilla/5.0 (Windows NT 10.0; Win64; x64) AppleWebKit/537.36 (KHTML, like Gecko) Chrome/134.0.0.0 Safari/537.36 userAgentData:map[brands:[map[brand:Chromium version:116] map[brand:Not)A;Brand version:24] map[brand:Google Chrome version:116]] mobile:false platform:windows uaFullVersion:116.0.0.0] vendor:Google Inc. webdriver:false webdriverString:function () { [native code] } webrtc_data:map[ice_candidates:[candidate:0 1 UDP 2122252543 8904d909-a4e3-1ea0-49a6-eacfad9142b7.local 58349 typ host candidate:1 1 UDP 2122252542 192.168.1.145 58350 typ host]]]
2026/03/09 13:57:00 NAV_DATA JSON: map[Notification_permission:default appVersion:5.0 (Windows NT 10.0; Win64; x64) AppleWebKit/537.36 (KHTML, like Gecko) Chrome/134.0.0.0 Safari/537.36 audio_worklet_available:true battery_status:map[charging:false chargingTime:0 dischargingTime:13603 level:0.5747975713997108] chrome:map[] chrome_app:map[InstallState:map[DISABLED:disabled INSTALLED:installed NOT_INSTALLED:not_installed] RunningState:map[CANNOT_RUN:cannot_run READY_TO_RUN:ready_to_run RUNNING:running] isInstalled:false] chrome_csi:map[onloadT:3456 pageT:2950 startE:1.773026817701e+12 tran:15] chrome_loadTimes:map[commitLoadTime:1.7730268182550876e+09 connectionInfo:h2 finishDocumentLoadTime:1.77302681876129e+09 finishLoadTime:1.7730268189897807e+09 firstPaintAfterLoadTime:0 firstPaintTime:1.773026818537357e+09 navigationType:Other npnNegotiatedProtocol:h2 requestTime:1.7730268177014704e+09 startLoadTime:1.7730268178182192e+09 wasAlternateProtocolAvailable:false wasFetchedViaSpdy:true wasNpnNegotiated:true] connection:map[downlink:7.335371013657758 effectiveType:4g rtt:52.31394743870874] cookieEnabled:true deviceMemory:4 gpu_present:true hardwareConcurrency:4 intl_locale:en-US intl_timezone:America/New_York keyboard:map[] language:en-US languages:[en-US en] locks:map[] maxTouchPoints:0 media_devices:[map[deviceId:5bf58319fc5315b29a03338c8c0cab3e16160a7400e2d89bf1a5100788bdc202 groupId:47ca92d03ad050fdd9451fbe4a4c979757a538d3f9821669b10e1eb3f86223e4 kind:audioinput label:Internal Microphone] map[deviceId:default groupId:47ca92d03ad050fdd9451fbe4a4c979757a538d3f9821669b10e1eb3f86223e4 kind:audiooutput label:Default - Speakers] map[deviceId:055908ad1e51ad9a34bb2237f7b4e53641a933eb1c859ca4ec29da29cf5a770e groupId:47ca92d03ad050fdd9451fbe4a4c979757a538d3f9821669b10e1eb3f86223e4 kind:audiooutput label:Built-in Output] map[deviceId:ebd9e1a248c75a47d00f3c1d8a2209850ba829afca241e7dee19856414e8519d groupId:f09b6f5261e762007cf923ede91220a812b56825b19a2d60e99f0380b50c60b0 kind:videoinput label:FaceTime HD Camera]] media_query_any_hover:none media_query_any_pointer:fine media_query_hover:none media_query_pointer:fine offscreen_canvas_available:true pdfViewerEnabled:true performance_memory:map[jsHeapSizeLimit:2.172641721e+09 totalJSHeapSize:2.1540879e+07 usedJSHeapSize:7.219302e+06] permissions_notifications_state:denied platform:Win32 productSub:20030107 scheduling:map[isInputPending:false] screen_color_depth:24 screen_inner_height:1554 screen_inner_width:2954 screen_orientation:portrait-primary screen_outer_height:1624 screen_outer_width:2971 storage_persisted:false storage_quota:7.1506330186e+10 storage_usage:2.70532608e+08 timezone:America/New_York userActivation:map[hasBeenActive:false isActive:false] userAgent:Mozilla/5.0 (Windows NT 10.0; Win64; x64) AppleWebKit/537.36 (KHTML, like Gecko) Chrome/134.0.0.0 Safari/537.36 userAgentData:map[brands:[map[brand:Chromium version:116] map[brand:Not)A;Brand version:24] map[brand:Google Chrome version:116]] mobile:false platform:windows uaFullVersion:116.0.0.0] vendor:Google Inc. webdriver:false webdriverString:function () { [native code] } webrtc_data:map[ice_candidates:[candidate:0 1 UDP 2122252543 93d89097-4b61-91c2-322d-75537b7e545c.local 58349 typ host]]]
2026/03/09 13:57:00 NAV_DATA JSON: map[Notification_permission:default appVersion:5.0 (Windows NT 10.0; Win64; x64) AppleWebKit/537.36 (KHTML, like Gecko) Chrome/134.0.0.0 Safari/537.36 audio_worklet_available:true battery_status:map[charging:true chargingTime:0 dischargingTime:1e+308 level:1] chrome:map[] chrome_app:map[InstallState:map[DISABLED:disabled INSTALLED:installed NOT_INSTALLED:not_installed] RunningState:map[CANNOT_RUN:cannot_run READY_TO_RUN:ready_to_run RUNNING:running] isInstalled:false] chrome_csi:map[onloadT:3269 pageT:2781 startE:1.773026817872e+12 tran:15] chrome_loadTimes:map[commitLoadTime:1.7730268187301955e+09 connectionInfo:h2 finishDocumentLoadTime:1.7730268192614744e+09 finishLoadTime:1.7730268194563992e+09 firstPaintAfterLoadTime:0 firstPaintTime:1.7730268188987968e+09 navigationType:Other npnNegotiatedProtocol:h2 requestTime:1.7730268178722756e+09 startLoadTime:1.7730268182516208e+09 wasAlternateProtocolAvailable:false wasFetchedViaSpdy:true wasNpnNegotiated:true] connection:map[downlink:9.196473969181442 effectiveType:4g rtt:135.85257305364513] cookieEnabled:true deviceMemory:32 gpu_present:true hardwareConcurrency:16 intl_locale:en-US intl_timezone:America/New_York keyboard:map[] language:en-US languages:[en-US en] locks:map[] maxTouchPoints:0 media_devices:[map[deviceId:cbea7fa552e1b595d0e452c5dbab3c13b407b6b08567e5bc7507e6bc2884387b groupId:95c917b01840e061c7ca1283ae76e8a830edabce5a2f45fdad4e30c4b429edda kind:audioinput label:Internal Microphone] map[deviceId:default groupId:95c917b01840e061c7ca1283ae76e8a830edabce5a2f45fdad4e30c4b429edda kind:audiooutput label:Default - Speakers] map[deviceId:318b21b67e4e9b933932452dd715fe782f9b7b90916c06e3b98cfae59bdb57ac groupId:95c917b01840e061c7ca1283ae76e8a830edabce5a2f45fdad4e30c4b429edda kind:audiooutput label:Built-in Output] map[deviceId:71515f1acec5d52f0dba932c6d1eed1301cbb0fe9a132f4ec384a47f1b99b1e7 groupId:5c0a769190abe9ee302304f86a05a7c5ecb028b30b4e3da8c104da22bc701b54 kind:videoinput label:FaceTime HD Camera]] media_query_any_hover:hover media_query_any_pointer:none media_query_hover:hover media_query_pointer:none offscreen_canvas_available:true pdfViewerEnabled:true performance_memory:map[jsHeapSizeLimit:4.294705067e+09 totalJSHeapSize:2.9754635e+07 usedJSHeapSize:1.8439125e+07] permissions_notifications_state:denied platform:Win32 productSub:20030107 scheduling:map[isInputPending:false] screen_color_depth:24 screen_inner_height:1098 screen_inner_width:2495 screen_orientation:landscape-primary screen_outer_height:1168 screen_outer_width:2512 storage_persisted:false storage_quota:4.3650966959e+11 storage_usage:3.08281344e+08 timezone:America/New_York userActivation:map[hasBeenActive:false isActive:false] userAgent:Mozilla/5.0 (Windows NT 10.0; Win64; x64) AppleWebKit/537.36 (KHTML, like Gecko) Chrome/134.0.0.0 Safari/537.36 userAgentData:map[brands:[map[brand:Chromium version:116] map[brand:Not)A;Brand version:24] map[brand:Google Chrome version:116]] mobile:false platform:windows uaFullVersion:116.0.0.0] vendor:Google Inc. webdriver:false webdriverString:function () { [native code] }]
2026/03/09 13:57:00 NAV_DATA JSON: map[Notification_permission:default appVersion:5.0 (Windows NT 10.0; Win64; x64) AppleWebKit/537.36 (KHTML, like Gecko) Chrome/134.0.0.0 Safari/537.36 audio_worklet_available:true battery_status:map[charging:false chargingTime:0 dischargingTime:16491 level:0.804427622628028] chrome:map[] chrome_app:map[InstallState:map[DISABLED:disabled INSTALLED:installed NOT_INSTALLED:not_installed] RunningState:map[CANNOT_RUN:cannot_run READY_TO_RUN:ready_to_run RUNNING:running] isInstalled:false] chrome_csi:map[onloadT:3585 pageT:2977 startE:1.773026817679e+12 tran:15] chrome_loadTimes:map[commitLoadTime:1.7730268185178683e+09 connectionInfo:h2 finishDocumentLoadTime:1.7730268191707726e+09 finishLoadTime:1.7730268193536391e+09 firstPaintAfterLoadTime:0 firstPaintTime:1.773026818762704e+09 navigationType:Other npnNegotiatedProtocol:h2 requestTime:1.7730268176799958e+09 startLoadTime:1.773026817971972e+09 wasAlternateProtocolAvailable:false wasFetchedViaSpdy:true wasNpnNegotiated:true] connection:map[downlink:5.9116075885946415 effectiveType:4g rtt:155.87966522366992] cookieEnabled:true deviceMemory:32 gpu_present:true hardwareConcurrency:7 intl_locale:en-US intl_timezone:America/New_York keyboard:map[] language:en-US languages:[en-US en] locks:map[] maxTouchPoints:0 media_devices:[map[deviceId:204097f1653c7c3fd8773908724a144967fb83d717281383b497c5021024fbc8 groupId:e39c94a2efeaeadd2e700b91ff91580c4346f0214d5c17bf6993c55e4476ff27 kind:audioinput label:Internal Microphone] map[deviceId:default groupId:e39c94a2efeaeadd2e700b91ff91580c4346f0214d5c17bf6993c55e4476ff27 kind:audiooutput label:Default - Speakers] map[deviceId:5e9761b8f10c12aca72d8a3554eee601ef4b8abcd4237e034e416a5704deb0e3 groupId:e39c94a2efeaeadd2e700b91ff91580c4346f0214d5c17bf6993c55e4476ff27 kind:audiooutput label:Built-in Output]] media_query_any_hover:none media_query_any_pointer:fine media_query_hover:none media_query_pointer:fine offscreen_canvas_available:true pdfViewerEnabled:true performance_memory:map[jsHeapSizeLimit:4.294704676e+09 totalJSHeapSize:2.1178331e+07 usedJSHeapSize:1.0814097e+07] permissions_notifications_state:default platform:Win32 productSub:20030107 scheduling:map[isInputPending:false] screen_color_depth:24 screen_inner_height:1459 screen_inner_width:2694 screen_orientation:landscape-primary screen_outer_height:1523 screen_outer_width:2709 storage_persisted:false storage_quota:1.86501296425e+11 storage_usage:2.5690112e+08 timezone:America/New_York userActivation:map[hasBeenActive:false isActive:false] userAgent:Mozilla/5.0 (Windows NT 10.0; Win64; x64) AppleWebKit/537.36 (KHTML, like Gecko) Chrome/134.0.0.0 Safari/537.36 userAgentData:map[brands:[map[brand:Chromium version:116] map[brand:Not)A;Brand version:24] map[brand:Google Chrome version:116]] mobile:false platform:windows uaFullVersion:116.0.0.0] vendor:Google Inc. webdriver:false webdriverString:function () { [native code] } webrtc_data:map[ice_candidates:[candidate:0 1 UDP 2122252543 4a5671e8-3073-1b29-8f2e-962e4b8b0428.local 58349 typ host candidate:1 1 UDP 2122252542 192.168.1.203 58350 typ host]]]
2026/03/09 13:57:00 NAV_DATA JSON: map[Notification_permission:default appVersion:5.0 (Windows NT 10.0; Win64; x64) AppleWebKit/537.36 (KHTML, like Gecko) Chrome/134.0.0.0 Safari/537.36 audio_worklet_available:true battery_status:map[charging:false chargingTime:0 dischargingTime:15437 level:0.26488501216748733] chrome:map[] chrome_app:map[InstallState:map[DISABLED:disabled INSTALLED:installed NOT_INSTALLED:not_installed] RunningState:map[CANNOT_RUN:cannot_run READY_TO_RUN:ready_to_run RUNNING:running] isInstalled:false] chrome_csi:map[onloadT:2427 pageT:2128 startE:1.773026818531e+12 tran:15] chrome_loadTimes:map[commitLoadTime:1.7730268191962023e+09 connectionInfo:h2 finishDocumentLoadTime:1.77302681959446e+09 finishLoadTime:1.773026819891427e+09 firstPaintAfterLoadTime:0 firstPaintTime:1.7730268193240814e+09 navigationType:Other npnNegotiatedProtocol:h2 requestTime:1.7730268185311308e+09 startLoadTime:1.7730268187360318e+09 wasAlternateProtocolAvailable:false wasFetchedViaSpdy:true wasNpnNegotiated:true] connection:map[downlink:5.749710022428928 effectiveType:4g rtt:170.03226023175114] cookieEnabled:true deviceMemory:4 gpu_present:false hardwareConcurrency:13 intl_locale:en-US intl_timezone:America/New_York keyboard:map[] language:en-US languages:[en-US en] locks:map[] maxTouchPoints:0 media_devices:[map[deviceId:bfb35e8eff721a9635de14c1f5d49effe5494cc8e00cd31582653148525d1fef groupId:f98584a4b879048eff78331c4650c8c1968dbbd70d15a3834e52e6daf583dd44 kind:audioinput label:Internal Microphone] map[deviceId:default groupId:f98584a4b879048eff78331c4650c8c1968dbbd70d15a3834e52e6daf583dd44 kind:audiooutput label:Default - Speakers] map[deviceId:8e6868a97df85b8e82346ac06b2cc5a803b47f3c6d12afeffe104f37401081a3 groupId:f98584a4b879048eff78331c4650c8c1968dbbd70d15a3834e52e6daf583dd44 kind:audiooutput label:Built-in Output] map[deviceId:3f13ff1a96a33b8380b1cbbd958f6217db4f7cf05db2a522c96a785ee0a35106 groupId:0893b8b2e72b6f7d0b14eb3c44b8205586eb82fefefb2f324217a887057ba639 kind:videoinput label:FaceTime HD Camera]] media_query_any_hover:none media_query_any_pointer:fine media_query_hover:none media_query_pointer:fine offscreen_canvas_available:true pdfViewerEnabled:true performance_memory:map[jsHeapSizeLimit:2.172641606e+09 totalJSHeapSize:5.961378e+07 usedJSHeapSize:2.7692401e+07] permissions_notifications_state:denied platform:Win32 productSub:20030107 scheduling:map[isInputPending:false] screen_color_depth:24 screen_inner_height:1072 screen_inner_width:2503 screen_orientation:landscape-primary screen_outer_height:1153 screen_outer_width:2520 storage_persisted:false storage_quota:4.15637532147e+11 storage_usage:1.71966464e+08 timezone:America/New_York userActivation:map[hasBeenActive:false isActive:false] userAgent:Mozilla/5.0 (Windows NT 10.0; Win64; x64) AppleWebKit/537.36 (KHTML, like Gecko) Chrome/134.0.0.0 Safari/537.36 userAgentData:map[brands:[map[brand:Chromium version:116] map[brand:Not)A;Brand version:24] map[brand:Google Chrome version:116]] mobile:false platform:windows uaFullVersion:116.0.0.0] vendor:Google Inc. webdriver:false webdriverString:function () { [native code] } webrtc_data:map[ice_candidates:[candidate:0 1 UDP 2122252543 8ab8a627-4013-a642-2fbf-fcd684ef1b64.local 58349 typ host candidate:1 1 UDP 2122252542 192.168.1.178 58350 typ host]]]
2026/03/09 13:57:00 NAV_DATA JSON: map[Notification_permission:default appVersion:5.0 (Windows NT 10.0; Win64; x64) AppleWebKit/537.36 (KHTML, like Gecko) Chrome/134.0.0.0 Safari/537.36 audio_worklet_available:true battery_status:map[charging:false chargingTime:0 dischargingTime:15702 level:0.40569753599905245] chrome:map[] chrome_app:map[InstallState:map[DISABLED:disabled INSTALLED:installed NOT_INSTALLED:not_installed] RunningState:map[CANNOT_RUN:cannot_run READY_TO_RUN:ready_to_run RUNNING:running] isInstalled:false] chrome_csi:map[onloadT:3013 pageT:2321 startE:1.77302681834e+12 tran:15] chrome_loadTimes:map[commitLoadTime:1.773026819275254e+09 connectionInfo:h2 finishDocumentLoadTime:1.7730268198926115e+09 finishLoadTime:1.7730268200166006e+09 firstPaintAfterLoadTime:0 firstPaintTime:1.7730268196257918e+09 navigationType:Other npnNegotiatedProtocol:h2 requestTime:1.7730268183402517e+09 startLoadTime:1.773026818540824e+09 wasAlternateProtocolAvailable:false wasFetchedViaSpdy:true wasNpnNegotiated:true] connection:map[downlink:7.120114298043056 effectiveType:4g rtt:78.87229997837848] cookieEnabled:true deviceMemory:16 gpu_present:true hardwareConcurrency:12 intl_locale:en-US intl_timezone:America/New_York keyboard:map[] language:en-US languages:[en-US en] locks:map[] maxTouchPoints:0 media_devices:[map[deviceId:4ed387c5687e680eff3014f16c9b498b9fe009e2c4b3f20ff3620b60dedabf5b groupId:000ef5800bc7c39affda3a7e2b9a1c4dd70941d40de7cac034d8095e5b2df1aa kind:audioinput label:Internal Microphone] map[deviceId:default groupId:000ef5800bc7c39affda3a7e2b9a1c4dd70941d40de7cac034d8095e5b2df1aa kind:audiooutput label:Default - Speakers] map[deviceId:82bf7d32a90626d679c6a0f004d011381e0f80177a6c6df4f5ada170f81973c1 groupId:000ef5800bc7c39affda3a7e2b9a1c4dd70941d40de7cac034d8095e5b2df1aa kind:audiooutput label:Built-in Output] map[deviceId:7a2bef3bff4e66d4e13b4c4ec0ed48474d84ef245c952c6eafd879932c35b6ca groupId:a17338eb1a0b87237d6d4a27b25bab52fffbe5a15e65cf59ccb3682d2ed26fe5 kind:videoinput label:FaceTime HD Camera]] media_query_any_hover:none media_query_any_pointer:coarse media_query_hover:none media_query_pointer:coarse offscreen_canvas_available:true pdfViewerEnabled:true performance_memory:map[jsHeapSizeLimit:4.294705615e+09 totalJSHeapSize:7.2775655e+07 usedJSHeapSize:3.8132694e+07] permissions_notifications_state:default platform:Win32 productSub:20030107 scheduling:map[isInputPending:false] screen_color_depth:24 screen_inner_height:1025 screen_inner_width:2408 screen_orientation:landscape-primary screen_outer_height:1111 screen_outer_width:2425 storage_persisted:false storage_quota:5.23661158308e+11 storage_usage:2.08666624e+08 timezone:America/New_York userActivation:map[hasBeenActive:false isActive:false] userAgent:Mozilla/5.0 (Windows NT 10.0; Win64; x64) AppleWebKit/537.36 (KHTML, like Gecko) Chrome/134.0.0.0 Safari/537.36 userAgentData:map[brands:[map[brand:Chromium version:116] map[brand:Not)A;Brand version:24] map[brand:Google Chrome version:116]] mobile:false platform:windows uaFullVersion:116.0.0.0] vendor:Google Inc. webdriver:false webdriverString:function () { [native code] } webrtc_data:map[ice_candidates:[candidate:0 1 UDP 2122252543 41110a26-0a2e-fe4d-4b39-3f7554d4f9aa.local 58349 typ host]]]
2026/03/09 13:57:00 NAV_DATA JSON: map[Notification_permission:default appVersion:5.0 (Windows NT 10.0; Win64; x64) AppleWebKit/537.36 (KHTML, like Gecko) Chrome/134.0.0.0 Safari/537.36 audio_worklet_available:true battery_status:map[charging:false chargingTime:0 dischargingTime:7521 level:0.4823243163608734] chrome:map[] chrome_app:map[InstallState:map[DISABLED:disabled INSTALLED:installed NOT_INSTALLED:not_installed] RunningState:map[CANNOT_RUN:cannot_run READY_TO_RUN:ready_to_run RUNNING:running] isInstalled:false] chrome_csi:map[onloadT:3307 pageT:2712 startE:1.773026817951e+12 tran:15] chrome_loadTimes:map[commitLoadTime:1.7730268189114528e+09 connectionInfo:h2 finishDocumentLoadTime:1.773026819463053e+09 finishLoadTime:1.773026819653433e+09 firstPaintAfterLoadTime:0 firstPaintTime:1.773026819153355e+09 navigationType:Other npnNegotiatedProtocol:h2 requestTime:1.7730268179512048e+09 startLoadTime:1.7730268181520882e+09 wasAlternateProtocolAvailable:false wasFetchedViaSpdy:true wasNpnNegotiated:true] connection:map[downlink:6.651227991370631 effectiveType:4g rtt:106.73434573439275] cookieEnabled:true deviceMemory:16 gpu_present:true hardwareConcurrency:8 intl_locale:en-US intl_timezone:America/New_York keyboard:map[] language:en-US languages:[en-US en] locks:map[] maxTouchPoints:0 media_devices:[map[deviceId:409c476a5d5cc6b5e5583289f3c835d54813446b63a87840e50e47e39b2f1fc0 groupId:e914783781905c8756fedf52a57fb2b0b24f0367424dbdf6d75d8234b0d8d19a kind:audioinput label:Internal Microphone] map[deviceId:default groupId:e914783781905c8756fedf52a57fb2b0b24f0367424dbdf6d75d8234b0d8d19a kind:audiooutput label:Default - Speakers] map[deviceId:064cda9afe9a185181d16b16c663bd2343c8eb452d117323eb8a9ea603a54307 groupId:e914783781905c8756fedf52a57fb2b0b24f0367424dbdf6d75d8234b0d8d19a kind:audiooutput label:Built-in Output] map[deviceId:cecb487b96b8fe3929b41f36a92e68b2868d9ed6f94d88b01963aac5f8273e1e groupId:203cf26eb0e64cea66bc04a5bed1816c30724e96ec878ad23f078eb0b3c3cfff kind:videoinput label:FaceTime HD Camera]] media_query_any_hover:none media_query_any_pointer:coarse media_query_hover:none media_query_pointer:coarse offscreen_canvas_available:true pdfViewerEnabled:true performance_memory:map[jsHeapSizeLimit:4.294705545e+09 totalJSHeapSize:5.1214023e+07 usedJSHeapSize:3.9002271e+07] permissions_notifications_state:default platform:Win32 productSub:20030107 scheduling:map[isInputPending:false] screen_color_depth:24 screen_inner_height:2312 screen_inner_width:4227 screen_orientation:landscape-primary screen_outer_height:2386 screen_outer_width:4243 storage_persisted:false storage_quota:0 storage_usage:4.01604608e+08 timezone:America/New_York userActivation:map[hasBeenActive:false isActive:false] userAgent:Mozilla/5.0 (Windows NT 10.0; Win64; x64) AppleWebKit/537.36 (KHTML, like Gecko) Chrome/134.0.0.0 Safari/537.36 userAgentData:map[brands:[map[brand:Chromium version:116] map[brand:Not)A;Brand version:24] map[brand:Google Chrome version:116]] mobile:false platform:windows uaFullVersion:116.0.0.0] vendor:Google Inc. webdriver:false webdriverString:function () { [native code] } webrtc_data:map[ice_candidates:[candidate:0 1 UDP 2122252543 dda16024-e9bd-a90d-8b63-b48db7e97f3e.local 58349 typ host]]]
2026/03/09 13:57:00 NAV_DATA JSON: map[Notification_permission:default appVersion:5.0 (Windows NT 10.0; Win64; x64) AppleWebKit/537.36 (KHTML, like Gecko) Chrome/134.0.0.0 Safari/537.36 audio_worklet_available:true battery_status:map[charging:true chargingTime:943 dischargingTime:1e+308 level:0.5667556757096499] chrome:map[] chrome_app:map[InstallState:map[DISABLED:disabled INSTALLED:installed NOT_INSTALLED:not_installed] RunningState:map[CANNOT_RUN:cannot_run READY_TO_RUN:ready_to_run RUNNING:running] isInstalled:false] chrome_csi:map[onloadT:2568 pageT:2108 startE:1.773026818558e+12 tran:15] chrome_loadTimes:map[commitLoadTime:1.773026819295195e+09 connectionInfo:h2 finishDocumentLoadTime:1.773026819908699e+09 finishLoadTime:1.7730268201538677e+09 firstPaintAfterLoadTime:0 firstPaintTime:1.773026819565035e+09 navigationType:Other npnNegotiatedProtocol:h2 requestTime:1.773026818558064e+09 startLoadTime:1.7730268186931193e+09 wasAlternateProtocolAvailable:false wasFetchedViaSpdy:true wasNpnNegotiated:true] connection:map[downlink:5.285654428824165 effectiveType:4g rtt:56.23848385606285] cookieEnabled:true deviceMemory:8 gpu_present:true hardwareConcurrency:8 intl_locale:en-US intl_timezone:America/New_York keyboard:map[] language:en-US languages:[en-US en] locks:map[] maxTouchPoints:0 media_devices:[map[deviceId:3d5987c4a8bff5cf6e239dd21498cc7b550e60b1ecde1a9fcd0f9e6a982849ae groupId:2f77f255230b8543f4917db48b75c44603cda40fbfd8fc7033098bd1bac54702 kind:audioinput label:Internal Microphone] map[deviceId:default groupId:2f77f255230b8543f4917db48b75c44603cda40fbfd8fc7033098bd1bac54702 kind:audiooutput label:Default - Speakers] map[deviceId:adbf4989397a1b936b3128916e62a8544b497064cb14c0a56341e70a96918edc groupId:2f77f255230b8543f4917db48b75c44603cda40fbfd8fc7033098bd1bac54702 kind:audiooutput label:Built-in Output]] media_query_any_hover:none media_query_any_pointer:coarse media_query_hover:none media_query_pointer:coarse offscreen_canvas_available:true pdfViewerEnabled:true performance_memory:map[jsHeapSizeLimit:4.294704791e+09 totalJSHeapSize:7.3723951e+07 usedJSHeapSize:5.1646272e+07] permissions_notifications_state:denied platform:Win32 productSub:20030107 scheduling:map[isInputPending:false] screen_color_depth:24 screen_inner_height:1541 screen_inner_width:3244 screen_orientation:portrait-primary screen_outer_height:1626 screen_outer_width:3260 storage_persisted:false storage_quota:0 storage_usage:3.32398592e+08 timezone:America/New_York userActivation:map[hasBeenActive:false isActive:false] userAgent:Mozilla/5.0 (Windows NT 10.0; Win64; x64) AppleWebKit/537.36 (KHTML, like Gecko) Chrome/134.0.0.0 Safari/537.36 userAgentData:map[brands:[map[brand:Chromium version:116] map[brand:Not)A;Brand version:24] map[brand:Google Chrome version:116]] mobile:false platform:windows uaFullVersion:116.0.0.0] vendor:Google Inc. webdriver:false webdriverString:function () { [native code] } webrtc_data:map[ice_candidates:[]]]
2026/03/09 13:57:00 NAV_DATA JSON: map[Notification_permission:default appVersion:5.0 (Windows NT 10.0; Win64; x64) AppleWebKit/537.36 (KHTML, like Gecko) Chrome/134.0.0.0 Safari/537.36 audio_worklet_available:true battery_status:map[charging:false chargingTime:0 dischargingTime:12567 level:0.4011538150244751] chrome:map[] chrome_app:map[InstallState:map[DISABLED:disabled INSTALLED:installed NOT_INSTALLED:not_installed] RunningState:map[CANNOT_RUN:cannot_run READY_TO_RUN:ready_to_run RUNNING:running] isInstalled:false] chrome_csi:map[onloadT:3134 pageT:2744 startE:1.773026817923e+12 tran:15] chrome_loadTimes:map[commitLoadTime:1.7730268188081732e+09 connectionInfo:h2 finishDocumentLoadTime:1.773026819368048e+09 finishLoadTime:1.7730268195891132e+09 firstPaintAfterLoadTime:0 firstPaintTime:1.7730268189552016e+09 navigationType:Other npnNegotiatedProtocol:h2 requestTime:1.7730268179236588e+09 startLoadTime:1.773026818194718e+09 wasAlternateProtocolAvailable:false wasFetchedViaSpdy:true wasNpnNegotiated:true] connection:map[downlink:9.429387702430995 effectiveType:4g rtt:158.5989168890009] cookieEnabled:true deviceMemory:8 gpu_present:true hardwareConcurrency:8 intl_locale:en-US intl_timezone:America/New_York keyboard:map[] language:en-US languages:[en-US en] locks:map[] maxTouchPoints:0 media_devices:[] media_query_any_hover:hover media_query_any_pointer:fine media_query_hover:hover media_query_pointer:fine offscreen_canvas_available:true pdfViewerEnabled:true performance_memory:map[jsHeapSizeLimit:4.294705036e+09 totalJSHeapSize:5.177786e+07 usedJSHeapSize:3.7614083e+07] permissions_notifications_state:default platform:Win32 productSub:20030107 scheduling:map[isInputPending:false] screen_color_depth:32 screen_inner_height:863 screen_inner_width:2086 screen_orientation:landscape-primary screen_outer_height:933 screen_outer_width:2102 storage_persisted:false storage_quota:3.90707814486e+11 storage_usage:1.75112192e+08 timezone:America/New_York userActivation:map[hasBeenActive:false isActive:false] userAgent:Mozilla/5.0 (Windows NT 10.0; Win64; x64) AppleWebKit/537.36 (KHTML, like Gecko) Chrome/134.0.0.0 Safari/537.36 userAgentData:map[brands:[map[brand:Chromium version:116] map[brand:Not)A;Brand version:24] map[brand:Google Chrome version:116]] mobile:false platform:windows uaFullVersion:116.0.0.0] vendor:Google Inc. webdriver:false webdriverString:function () { [native code] } webrtc_data:map[ice_candidates:[candidate:0 1 UDP 2122252543 638562cb-b85b-f213-28eb-536807e142c2.local 58349 typ host]]]
2026/03/09 13:57:00 NAV_DATA JSON: map[Notification_permission:default appVersion:5.0 (Windows NT 10.0; Win64; x64) AppleWebKit/537.36 (KHTML, like Gecko) Chrome/134.0.0.0 Safari/537.36 audio_worklet_available:true battery_status:map[charging:true chargingTime:0 dischargingTime:1e+308 level:1] chrome:map[] chrome_app:map[InstallState:map[DISABLED:disabled INSTALLED:installed NOT_INSTALLED:not_installed] RunningState:map[CANNOT_RUN:cannot_run READY_TO_RUN:ready_to_run RUNNING:running] isInstalled:false] chrome_csi:map[onloadT:2386 pageT:2002 startE:1.773026818667e+12 tran:15] chrome_loadTimes:map[commitLoadTime:1.7730268192214406e+09 connectionInfo:h2 finishDocumentLoadTime:1.773026819695288e+09 finishLoadTime:1.7730268199628494e+09 firstPaintAfterLoadTime:0 firstPaintTime:1.773026819400668e+09 navigationType:Other npnNegotiatedProtocol:h2 requestTime:1.7730268186677568e+09 startLoadTime:1.773026818864723e+09 wasAlternateProtocolAvailable:false wasFetchedViaSpdy:true wasNpnNegotiated:true] connection:map[downlink:4.380226778399948 effectiveType:4g rtt:177.25329114970523] cookieEnabled:true deviceMemory:8 gpu_present:true hardwareConcurrency:8 intl_locale:en-US intl_timezone:America/New_York keyboard:map[] language:en-US languages:[en-US en] locks:map[] maxTouchPoints:0 media_devices:[map[deviceId:bd2db173cc09cde1bcf52ef7db3da6219457e2a77eed7bf108b561cba4bd566c groupId:894f4b1880c84ef36353bc6fe93aac2bff09520fe8f72177c64a9ee69059ffe8 kind:audioinput label:Internal Microphone] map[deviceId:default groupId:894f4b1880c84ef36353bc6fe93aac2bff09520fe8f72177c64a9ee69059ffe8 kind:audiooutput label:Default - Speakers] map[deviceId:0a96acf4a7f67f346fba5cbc701fa0c195ed179a717942f1795080ef1f1b48e6 groupId:894f4b1880c84ef36353bc6fe93aac2bff09520fe8f72177c64a9ee69059ffe8 kind:audiooutput label:Built-in Output] map[deviceId:f9f974f4b0355a509481febc63f929229a80723798a043f8b295d598cc0dd160 groupId:a130aa3f0567d52489b3d2cf21381c6519b8cf91a0eeff25f35c94618d9ed586 kind:videoinput label:FaceTime HD Camera]] media_query_any_hover:hover media_query_any_pointer:none media_query_hover:hover media_query_pointer:none offscreen_canvas_available:true pdfViewerEnabled:true performance_memory:map[jsHeapSizeLimit:4.294705139e+09 totalJSHeapSize:7.8374277e+07 usedJSHeapSize:6.2670874e+07] permissions_notifications_state:default platform:Win32 productSub:20030107 scheduling:map[isInputPending:false] screen_color_depth:24 screen_inner_height:1772 screen_inner_width:2954 screen_orientation:landscape-primary screen_outer_height:1856 screen_outer_width:2970 storage_persisted:false storage_quota:5.08539616057e+11 storage_usage:1.4680064e+07 timezone:America/New_York userActivation:map[hasBeenActive:false isActive:false] userAgent:Mozilla/5.0 (Windows NT 10.0; Win64; x64) AppleWebKit/537.36 (KHTML, like Gecko) Chrome/134.0.0.0 Safari/537.36 userAgentData:map[brands:[map[brand:Chromium version:116] map[brand:Not)A;Brand version:24] map[brand:Google Chrome version:116]] mobile:false platform:windows uaFullVersion:116.0.0.0] vendor:Google Inc. webdriver:false webdriverString:function () { [native code] } webrtc_data:map[ice_candidates:[candidate:0 1 UDP 2122252543 3a15f025-59fe-e205-7d63-78c616ac1a97.local 58349 typ host]]]
2026/03/09 13:57:00 NAV_DATA JSON: map[Notification_permission:default appVersion:5.0 (Windows NT 10.0; Win64; x64) AppleWebKit/537.36 (KHTML, like Gecko) Chrome/134.0.0.0 Safari/537.36 audio_worklet_available:true battery_status:map[charging:true chargingTime:0 dischargingTime:1e+308 level:1] chrome:map[] chrome_app:map[InstallState:map[DISABLED:disabled INSTALLED:installed NOT_INSTALLED:not_installed] RunningState:map[CANNOT_RUN:cannot_run READY_TO_RUN:ready_to_run RUNNING:running] isInstalled:false] chrome_csi:map[onloadT:2705 pageT:2043 startE:1.773026818628e+12 tran:15] chrome_loadTimes:map[commitLoadTime:1.773026819102972e+09 connectionInfo:h2 finishDocumentLoadTime:1.7730268196261466e+09 finishLoadTime:1.773026819909189e+09 firstPaintAfterLoadTime:0 firstPaintTime:1.7730268193795967e+09 navigationType:Other npnNegotiatedProtocol:h2 requestTime:1.7730268186284776e+09 startLoadTime:1.7730268187512932e+09 wasAlternateProtocolAvailable:false wasFetchedViaSpdy:true wasNpnNegotiated:true] connection:map[downlink:4.211434938374608 effectiveType:4g rtt:47.854818368819764] cookieEnabled:true deviceMemory:16 gpu_present:false hardwareConcurrency:8 intl_locale:en-US intl_timezone:America/New_York keyboard:map[] language:en-US languages:[en-US en] locks:map[] maxTouchPoints:0 media_devices:[] media_query_any_hover:none media_query_any_pointer:fine media_query_hover:none media_query_pointer:fine offscreen_canvas_available:true pdfViewerEnabled:true performance_memory:map[jsHeapSizeLimit:4.294705518e+09 totalJSHeapSize:4.5645767e+07 usedJSHeapSize:1.6323307e+07] permissions_notifications_state:default platform:Win32 productSub:20030107 scheduling:map[isInputPending:false] screen_color_depth:24 screen_inner_height:1422 screen_inner_width:2649 screen_orientation:landscape-primary screen_outer_height:1499 screen_outer_width:2666 storage_persisted:false storage_quota:3.00673299068e+11 storage_usage:1.4680064e+07 timezone:America/New_York userActivation:map[hasBeenActive:false isActive:false] userAgent:Mozilla/5.0 (Windows NT 10.0; Win64; x64) AppleWebKit/537.36 (KHTML, like Gecko) Chrome/134.0.0.0 Safari/537.36 userAgentData:map[brands:[map[brand:Chromium version:116] map[brand:Not)A;Brand version:24] map[brand:Google Chrome version:116]] mobile:false platform:windows uaFullVersion:116.0.0.0] vendor:Google Inc. webdriver:false webdriverString:function () { [native code] } webrtc_data:map[ice_candidates:[candidate:0 1 UDP 2122252543 2a648253-e362-f42d-b841-26d95507bdbe.local 58349 typ host candidate:1 1 UDP 2122252542 192.168.1.159 58350 typ host]]]
2026/03/09 13:57:00 NAV_DATA JSON: map[Notification_permission:default appVersion:5.0 (Windows NT 10.0; Win64; x64) AppleWebKit/537.36 (KHTML, like Gecko) Chrome/134.0.0.0 Safari/537.36 audio_worklet_available:true battery_status:map[charging:false chargingTime:0 dischargingTime:12971 level:0.7184220905191648] chrome:map[] chrome_app:map[InstallState:map[DISABLED:disabled INSTALLED:installed NOT_INSTALLED:not_installed] RunningState:map[CANNOT_RUN:cannot_run READY_TO_RUN:ready_to_run RUNNING:running] isInstalled:false] chrome_csi:map[onloadT:2537 pageT:2024 startE:1.773026818648e+12 tran:15] chrome_loadTimes:map[commitLoadTime:1.7730268197653406e+09 connectionInfo:h2 finishDocumentLoadTime:1.773026820124178e+09 finishLoadTime:1.7730268203679125e+09 firstPaintAfterLoadTime:0 firstPaintTime:1.7730268199068723e+09 navigationType:Other npnNegotiatedProtocol:h2 requestTime:1.773026818648152e+09 startLoadTime:1.7730268189942093e+09 wasAlternateProtocolAvailable:false wasFetchedViaSpdy:true wasNpnNegotiated:true] connection:map[downlink:3.5387838906190594 effectiveType:4g rtt:30.867576908656815] cookieEnabled:true deviceMemory:16 gpu_present:true hardwareConcurrency:8 intl_locale:en-US intl_timezone:America/New_York keyboard:map[] language:en-US languages:[en-US en] locks:map[] maxTouchPoints:0 media_devices:[] media_query_any_hover:hover media_query_any_pointer:fine media_query_hover:hover media_query_pointer:fine offscreen_canvas_available:true pdfViewerEnabled:true performance_memory:map[jsHeapSizeLimit:4.294705461e+09 totalJSHeapSize:6.2841629e+07 usedJSHeapSize:2.6176252e+07] permissions_notifications_state:default platform:Win32 productSub:20030107 scheduling:map[isInputPending:false] screen_color_depth:24 screen_inner_height:1342 screen_inner_width:2492 screen_orientation:landscape-primary screen_outer_height:1409 screen_outer_width:2507 storage_persisted:false storage_quota:3.96163229348e+11 storage_usage:1.3631488e+08 timezone:America/New_York userActivation:map[hasBeenActive:false isActive:false] userAgent:Mozilla/5.0 (Windows NT 10.0; Win64; x64) AppleWebKit/537.36 (KHTML, like Gecko) Chrome/134.0.0.0 Safari/537.36 userAgentData:map[brands:[map[brand:Chromium version:116] map[brand:Not)A;Brand version:24] map[brand:Google Chrome version:116]] mobile:false platform:windows uaFullVersion:116.0.0.0] vendor:Google Inc. webdriver:false webdriverString:function () { [native code] } webrtc_data:map[ice_candidates:[candidate:0 1 UDP 2122252543 70d9b433-fb80-92b7-8e36-22f24c9280d2.local 58349 typ host]]]
2026/03/09 13:57:00 NAV_DATA JSON: map[Notification_permission:default appVersion:5.0 (Windows NT 10.0; Win64; x64) AppleWebKit/537.36 (KHTML, like Gecko) Chrome/134.0.0.0 Safari/537.36 audio_worklet_available:true battery_status:map[charging:false chargingTime:0 dischargingTime:11108 level:0.8007124154146933] chrome:map[] chrome_app:map[InstallState:map[DISABLED:disabled INSTALLED:installed NOT_INSTALLED:not_installed] RunningState:map[CANNOT_RUN:cannot_run READY_TO_RUN:ready_to_run RUNNING:running] isInstalled:false] chrome_csi:map[onloadT:2551 pageT:2143 startE:1.773026818531e+12 tran:15] chrome_loadTimes:map[commitLoadTime:1.7730268194703753e+09 connectionInfo:h2 finishDocumentLoadTime:1.7730268200345132e+09 finishLoadTime:1.7730268203343618e+09 firstPaintAfterLoadTime:0 firstPaintTime:1.773026819772978e+09 navigationType:Other npnNegotiatedProtocol:h2 requestTime:1.77302681853145e+09 startLoadTime:1.7730268186867912e+09 wasAlternateProtocolAvailable:false wasFetchedViaSpdy:true wasNpnNegotiated:true] connection:map[downlink:2.0533003931506846 effectiveType:4g rtt:142.9714285169348] cookieEnabled:true deviceMemory:16 gpu_present:false hardwareConcurrency:12 intl_locale:en-US intl_timezone:America/New_York keyboard:map[] language:en-US languages:[en-US en] locks:map[] maxTouchPoints:0 media_devices:[] media_query_any_hover:hover media_query_any_pointer:fine media_query_hover:hover media_query_pointer:fine offscreen_canvas_available:true pdfViewerEnabled:true performance_memory:map[jsHeapSizeLimit:4.294705463e+09 totalJSHeapSize:3.3289772e+07 usedJSHeapSize:2.3234599e+07] permissions_notifications_state:denied platform:Win32 productSub:20030107 scheduling:map[isInputPending:false] screen_color_depth:24 screen_inner_height:1178 screen_inner_width:2600 screen_orientation:landscape-primary screen_outer_height:1259 screen_outer_width:2616 storage_persisted:false storage_quota:8.9016818339e+10 storage_usage:3.83778816e+08 timezone:America/New_York userActivation:map[hasBeenActive:false isActive:false] userAgent:Mozilla/5.0 (Windows NT 10.0; Win64; x64) AppleWebKit/537.36 (KHTML, like Gecko) Chrome/134.0.0.0 Safari/537.36 userAgentData:map[brands:[map[brand:Chromium version:116] map[brand:Not)A;Brand version:24] map[brand:Google Chrome version:116]] mobile:false platform:windows uaFullVersion:116.0.0.0] vendor:Google Inc. webdriver:false webdriverString:function () { [native code] } webrtc_data:map[ice_candidates:[]]]
  Chrome 134 Windows: 20/20 detected (100%)
2026/03/09 13:57:00 NAV_DATA JSON: map[Notification_permission:default appVersion:5.0 (Macintosh; Intel Mac OS X 10_15_7) AppleWebKit/537.36 (KHTML, like Gecko) Chrome/134.0.0.0 Safari/537.36 audio_worklet_available:true battery_status:map[charging:false chargingTime:0 dischargingTime:1997 level:0.3280780120615299] chrome:map[] chrome_app:map[InstallState:map[DISABLED:disabled INSTALLED:installed NOT_INSTALLED:not_installed] RunningState:map[CANNOT_RUN:cannot_run READY_TO_RUN:ready_to_run RUNNING:running] isInstalled:false] chrome_csi:map[onloadT:3001 pageT:2338 startE:1.773026818338e+12 tran:15] chrome_loadTimes:map[commitLoadTime:1.7730268192649302e+09 connectionInfo:h2 finishDocumentLoadTime:1.7730268198439388e+09 finishLoadTime:1.77302681995267e+09 firstPaintAfterLoadTime:0 firstPaintTime:1.773026819470148e+09 navigationType:Other npnNegotiatedProtocol:h2 requestTime:1.773026818338583e+09 startLoadTime:1.7730268185661058e+09 wasAlternateProtocolAvailable:false wasFetchedViaSpdy:true wasNpnNegotiated:true] connection:map[downlink:1.7160492703950012 effectiveType:4g rtt:51.74917227692395] cookieEnabled:true deviceMemory:32 gpu_present:true hardwareConcurrency:12 intl_locale:en-US intl_timezone:America/Los_Angeles keyboard:map[] language:en-US languages:[en-US en] locks:map[] maxTouchPoints:0 media_devices:[map[deviceId:35e7e640e7e5d812ad360b3df12b667bdb7f4c084d22e732ed269e1c4f2c6649 groupId:71c5ab83a5746ddb5cb8dcf57a15f1964104a02d0be27d093db78b2e1fc33731 kind:audioinput label:Internal Microphone] map[deviceId:default groupId:71c5ab83a5746ddb5cb8dcf57a15f1964104a02d0be27d093db78b2e1fc33731 kind:audiooutput label:Default - Speakers] map[deviceId:a9845da44ffe2b61690ccc413d3e37a94bd80749055d5a0f20761a9535f3b3ea groupId:71c5ab83a5746ddb5cb8dcf57a15f1964104a02d0be27d093db78b2e1fc33731 kind:audiooutput label:Built-in Output] map[deviceId:549548bfc6f2f470fddf35248890227b19583d5f983f3309415ead0e5f0c6090 groupId:d58e4e3033bacc50ec1e73d41c5d1561086cc197fb9850527132b38484d41875 kind:videoinput label:FaceTime HD Camera]] media_query_any_hover:hover media_query_any_pointer:fine media_query_hover:hover media_query_pointer:fine offscreen_canvas_available:true pdfViewerEnabled:true performance_memory:map[jsHeapSizeLimit:4.294705201e+09 totalJSHeapSize:5.685091e+07 usedJSHeapSize:2.4317303e+07] permissions_notifications_state:default platform:MacIntel productSub:20030107 scheduling:map[isInputPending:false] screen_color_depth:24 screen_inner_height:2561 screen_inner_width:4567 screen_orientation:landscape-primary screen_outer_height:2647 screen_outer_width:4582 storage_persisted:false storage_quota:8.6053832019e+10 storage_usage:3.85875968e+08 timezone:America/Los_Angeles userActivation:map[hasBeenActive:false isActive:false] userAgent:Mozilla/5.0 (Macintosh; Intel Mac OS X 10_15_7) AppleWebKit/537.36 (KHTML, like Gecko) Chrome/134.0.0.0 Safari/537.36 userAgentData:map[brands:[map[brand:Chromium version:116] map[brand:Not)A;Brand version:24] map[brand:Google Chrome version:116]] mobile:false platform:macos uaFullVersion:116.0.0.0] vendor:Google Inc. webdriver:false webdriverString:function () { [native code] } webrtc_data:map[ice_candidates:[candidate:0 1 UDP 2122252543 162383a4-73b3-5a50-d60b-bbe070df21fe.local 58349 typ host]]]
  Caught: improbable_device_memory: 32.0 (expected <= 8)
  Caught: missing_connection_saveData
  Caught: non_quantized_rtt: 52ms (not multiple of 25)
  Caught: non_quantized_network_rtt: 52ms
  Caught: non_quantized_network_downlink: 1.7160Mbps
  Caught: non_standard_media_device_id_format
  Caught: canvas_idat_high_entropy
  Caught: canvas_spatial_inconsistency
  Caught: missing_webgl_viewport_dims
  Caught: insufficient_webgl_extensions
  Caught: missing_webgl_draft_extensions
  Caught: non_quantized_dpr
  Caught: suspicious_taskbar_gap
2026/03/09 13:57:00 NAV_DATA JSON: map[Notification_permission:default appVersion:5.0 (Macintosh; Intel Mac OS X 10_15_7) AppleWebKit/537.36 (KHTML, like Gecko) Chrome/134.0.0.0 Safari/537.36 audio_worklet_available:true battery_status:map[charging:false chargingTime:0 dischargingTime:14191 level:0.6730449199514185] chrome:map[] chrome_app:map[InstallState:map[DISABLED:disabled INSTALLED:installed NOT_INSTALLED:not_installed] RunningState:map[CANNOT_RUN:cannot_run READY_TO_RUN:ready_to_run RUNNING:running] isInstalled:false] chrome_csi:map[onloadT:2703 pageT:2152 startE:1.773026818526e+12 tran:15] chrome_loadTimes:map[commitLoadTime:1.7730268193414857e+09 connectionInfo:h2 finishDocumentLoadTime:1.7730268200663102e+09 finishLoadTime:1.773026820227703e+09 firstPaintAfterLoadTime:0 firstPaintTime:1.7730268197285314e+09 navigationType:Other npnNegotiatedProtocol:h2 requestTime:1.7730268185265362e+09 startLoadTime:1.7730268188306012e+09 wasAlternateProtocolAvailable:false wasFetchedViaSpdy:true wasNpnNegotiated:true] connection:map[downlink:7.174966164366965 effectiveType:4g rtt:57.32133136475862] cookieEnabled:true deviceMemory:32 gpu_present:true hardwareConcurrency:16 intl_locale:en-US intl_timezone:America/Los_Angeles keyboard:map[] language:en-US languages:[en-US en] locks:map[] maxTouchPoints:0 media_devices:[map[deviceId:ff6f5969b13cecca0d092b3eb91c3c9e26f055d2da44818234e710b06d28a719 groupId:6c62a7d66744e806ea8cd618d59f777e3dfec09128fed2a5ff2e13b6d5765f0c kind:audioinput label:Internal Microphone] map[deviceId:default groupId:6c62a7d66744e806ea8cd618d59f777e3dfec09128fed2a5ff2e13b6d5765f0c kind:audiooutput label:Default - Speakers] map[deviceId:7140b3635d5665bc183f011005fe257041caa4eaab2c55f33bcef2617fddd90b groupId:6c62a7d66744e806ea8cd618d59f777e3dfec09128fed2a5ff2e13b6d5765f0c kind:audiooutput label:Built-in Output] map[deviceId:f03566e5459917c77de7a3b598b2a5dcbe34fae86127d2b3aa9f4721c4353ba8 groupId:ae50a7132d6a95a5859718b9f1e498c3e2ce2695a29ad5d85f277602c51e7daf kind:videoinput label:FaceTime HD Camera]] media_query_any_hover:hover media_query_any_pointer:coarse media_query_hover:hover media_query_pointer:coarse offscreen_canvas_available:true pdfViewerEnabled:true performance_memory:map[jsHeapSizeLimit:4.294705629e+09 totalJSHeapSize:6.0655064e+07 usedJSHeapSize:2.3001305e+07] permissions_notifications_state:default platform:MacIntel productSub:20030107 scheduling:map[isInputPending:false] screen_color_depth:30 screen_inner_height:2887 screen_inner_width:5054 screen_orientation:landscape-primary screen_outer_height:2962 screen_outer_width:5070 storage_persisted:false storage_quota:5.22756294976e+11 storage_usage:2.86261248e+08 timezone:America/Los_Angeles userActivation:map[hasBeenActive:false isActive:false] userAgent:Mozilla/5.0 (Macintosh; Intel Mac OS X 10_15_7) AppleWebKit/537.36 (KHTML, like Gecko) Chrome/134.0.0.0 Safari/537.36 userAgentData:map[brands:[map[brand:Chromium version:116] map[brand:Not)A;Brand version:24] map[brand:Google Chrome version:116]] mobile:false platform:macos uaFullVersion:116.0.0.0] vendor:Google Inc. webdriver:false webdriverString:function () { [native code] }]
2026/03/09 13:57:00 NAV_DATA JSON: map[Notification_permission:default appVersion:5.0 (Macintosh; Intel Mac OS X 10_15_7) AppleWebKit/537.36 (KHTML, like Gecko) Chrome/134.0.0.0 Safari/537.36 audio_worklet_available:true battery_status:map[charging:false chargingTime:0 dischargingTime:11548 level:0.9130196151379225] chrome:map[] chrome_app:map[InstallState:map[DISABLED:disabled INSTALLED:installed NOT_INSTALLED:not_installed] RunningState:map[CANNOT_RUN:cannot_run READY_TO_RUN:ready_to_run RUNNING:running] isInstalled:false] chrome_csi:map[onloadT:3225 pageT:2667 startE:1.773026818014e+12 tran:15] chrome_loadTimes:map[commitLoadTime:1.7730268189424195e+09 connectionInfo:h2 finishDocumentLoadTime:1.77302681951045e+09 finishLoadTime:1.7730268198037424e+09 firstPaintAfterLoadTime:0 firstPaintTime:1.7730268192247481e+09 navigationType:Other npnNegotiatedProtocol:h2 requestTime:1.7730268180148041e+09 startLoadTime:1.7730268183770802e+09 wasAlternateProtocolAvailable:false wasFetchedViaSpdy:true wasNpnNegotiated:true] connection:map[downlink:4.203951152689034 effectiveType:4g rtt:189.6180423716139] cookieEnabled:true deviceMemory:32 gpu_present:true hardwareConcurrency:12 intl_locale:en-US intl_timezone:America/Los_Angeles keyboard:map[] language:en-US languages:[en-US en] locks:map[] maxTouchPoints:0 media_devices:[map[deviceId:6e5e64747d7d6021e59ba0d226dd979312ed2944a0fece4a7454c9247a0b4b5b groupId:ce3384f58ef360c2f0d5e24bf2116ed68d8c7f5e8f2e6004067bb78527883498 kind:audioinput label:Internal Microphone] map[deviceId:default groupId:ce3384f58ef360c2f0d5e24bf2116ed68d8c7f5e8f2e6004067bb78527883498 kind:audiooutput label:Default - Speakers] map[deviceId:902a01526e82eb14ba519be7f9a6658dab69241962c1a09e4b798b52ec05ce12 groupId:ce3384f58ef360c2f0d5e24bf2116ed68d8c7f5e8f2e6004067bb78527883498 kind:audiooutput label:Built-in Output] map[deviceId:3de3803774e62c1fd1fa9434c0399c7e7d0e7ccd5c01ad9425e79c4d7f81a803 groupId:88b44cb36ba8390e1208d85dc4e68129d6fe008d3b6784e42dc5a410aef7eec7 kind:videoinput label:FaceTime HD Camera]] media_query_any_hover:none media_query_any_pointer:fine media_query_hover:none media_query_pointer:fine offscreen_canvas_available:true pdfViewerEnabled:true performance_memory:map[jsHeapSizeLimit:4.29470517e+09 totalJSHeapSize:7.1791774e+07 usedJSHeapSize:5.1964378e+07] permissions_notifications_state:default platform:MacIntel productSub:20030107 scheduling:map[isInputPending:false] screen_color_depth:30 screen_inner_height:615 screen_inner_width:1426 screen_orientation:landscape-primary screen_outer_height:691 screen_outer_width:1442 storage_persisted:false storage_quota:3.13373966317e+11 storage_usage:4.55081984e+08 timezone:America/Los_Angeles userActivation:map[hasBeenActive:false isActive:false] userAgent:Mozilla/5.0 (Macintosh; Intel Mac OS X 10_15_7) AppleWebKit/537.36 (KHTML, like Gecko) Chrome/134.0.0.0 Safari/537.36 userAgentData:map[brands:[map[brand:Chromium version:116] map[brand:Not)A;Brand version:24] map[brand:Google Chrome version:116]] mobile:false platform:macos uaFullVersion:116.0.0.0] vendor:Google Inc. webdriver:false webdriverString:function () { [native code] } webrtc_data:map[ice_candidates:[]]]
2026/03/09 13:57:00 NAV_DATA JSON: map[Notification_permission:default appVersion:5.0 (Macintosh; Intel Mac OS X 10_15_7) AppleWebKit/537.36 (KHTML, like Gecko) Chrome/134.0.0.0 Safari/537.36 audio_worklet_available:true battery_status:map[charging:false chargingTime:0 dischargingTime:7542 level:0.33264661899570813] chrome:map[] chrome_app:map[InstallState:map[DISABLED:disabled INSTALLED:installed NOT_INSTALLED:not_installed] RunningState:map[CANNOT_RUN:cannot_run READY_TO_RUN:ready_to_run RUNNING:running] isInstalled:false] chrome_csi:map[onloadT:3513 pageT:2887 startE:1.773026817797e+12 tran:15] chrome_loadTimes:map[commitLoadTime:1.7730268187460787e+09 connectionInfo:h2 finishDocumentLoadTime:1.7730268194420133e+09 finishLoadTime:1.7730268196802273e+09 firstPaintAfterLoadTime:0 firstPaintTime:1.7730268190085409e+09 navigationType:Other npnNegotiatedProtocol:h2 requestTime:1.773026817797722e+09 startLoadTime:1.7730268179461856e+09 wasAlternateProtocolAvailable:false wasFetchedViaSpdy:true wasNpnNegotiated:true] connection:map[downlink:9.775135341641079 effectiveType:4g rtt:35.39058632696838] cookieEnabled:true deviceMemory:32 gpu_present:true hardwareConcurrency:12 intl_locale:en-US intl_timezone:America/Los_Angeles keyboard:map[] language:en-US languages:[en-US en] locks:map[] maxTouchPoints:0 media_devices:[map[deviceId:b93afc5af6ee9d21e0dd26996889369460da40d89a22a8819187b28357f2ea93 groupId:dac16a1c8b99cea4a32cb83a41b0d7f725714ca0249e214d469291974c45437e kind:audioinput label:Internal Microphone] map[deviceId:default groupId:dac16a1c8b99cea4a32cb83a41b0d7f725714ca0249e214d469291974c45437e kind:audiooutput label:Default - Speakers] map[deviceId:a3705f2f0ff87bc9511a76d2ccf5344cc19130b3dba91e809ff61c4390a317e0 groupId:dac16a1c8b99cea4a32cb83a41b0d7f725714ca0249e214d469291974c45437e kind:audiooutput label:Built-in Output] map[deviceId:aded5807ba0c64b39f9c582a9aa4a64df016fbad26ba3fbedee1b814224e574d groupId:9e02809759623a09c1d3e353e8ab4c8e0f78ffc3397f939da578c37c19054b07 kind:videoinput label:FaceTime HD Camera]] media_query_any_hover:hover media_query_any_pointer:coarse media_query_hover:hover media_query_pointer:coarse offscreen_canvas_available:true pdfViewerEnabled:true performance_memory:map[jsHeapSizeLimit:4.294705586e+09 totalJSHeapSize:4.6747006e+07 usedJSHeapSize:1.5932444e+07] permissions_notifications_state:default platform:MacIntel productSub:20030107 scheduling:map[isInputPending:false] screen_color_depth:24 screen_inner_height:912 screen_inner_width:2015 screen_orientation:landscape-primary screen_outer_height:999 screen_outer_width:2032 storage_persisted:false storage_quota:0 storage_usage:2.16006656e+08 timezone:America/Los_Angeles userActivation:map[hasBeenActive:false isActive:false] userAgent:Mozilla/5.0 (Macintosh; Intel Mac OS X 10_15_7) AppleWebKit/537.36 (KHTML, like Gecko) Chrome/134.0.0.0 Safari/537.36 userAgentData:map[brands:[map[brand:Chromium version:116] map[brand:Not)A;Brand version:24] map[brand:Google Chrome version:116]] mobile:false platform:macos uaFullVersion:116.0.0.0] vendor:Google Inc. webdriver:false webdriverString:function () { [native code] } webrtc_data:map[ice_candidates:[candidate:0 1 UDP 2122252543 9dc7296d-f444-09b7-595c-c3c580cf8457.local 58349 typ host candidate:1 1 UDP 2122252542 192.168.1.122 58350 typ host]]]
2026/03/09 13:57:00 NAV_DATA JSON: map[Notification_permission:default appVersion:5.0 (Macintosh; Intel Mac OS X 10_15_7) AppleWebKit/537.36 (KHTML, like Gecko) Chrome/134.0.0.0 Safari/537.36 audio_worklet_available:true battery_status:map[charging:false chargingTime:0 dischargingTime:7966 level:0.5536082608828774] chrome:map[] chrome_app:map[InstallState:map[DISABLED:disabled INSTALLED:installed NOT_INSTALLED:not_installed] RunningState:map[CANNOT_RUN:cannot_run READY_TO_RUN:ready_to_run RUNNING:running] isInstalled:false] chrome_csi:map[onloadT:2604 pageT:2197 startE:1.773026818489e+12 tran:15] chrome_loadTimes:map[commitLoadTime:1.773026819443273e+09 connectionInfo:h2 finishDocumentLoadTime:1.7730268200980492e+09 finishLoadTime:1.7730268203818498e+09 firstPaintAfterLoadTime:0 firstPaintTime:1.7730268198237972e+09 navigationType:Other npnNegotiatedProtocol:h2 requestTime:1.7730268184895937e+09 startLoadTime:1.7730268188425672e+09 wasAlternateProtocolAvailable:false wasFetchedViaSpdy:true wasNpnNegotiated:true] connection:map[downlink:4.7899554244166 effectiveType:4g rtt:60.51181598865616] cookieEnabled:true deviceMemory:4 gpu_present:true hardwareConcurrency:8 intl_locale:en-US intl_timezone:America/Los_Angeles keyboard:map[] language:en-US languages:[en-US en] locks:map[] maxTouchPoints:0 media_devices:[map[deviceId:6064ae89423a281c4e347738156aee32155191e667e8245392e269a39d92b248 groupId:11d3172c5bb92a7eccc8312f255209eb1ff0191ad14102750a83aa46030e126b kind:audioinput label:Internal Microphone] map[deviceId:default groupId:11d3172c5bb92a7eccc8312f255209eb1ff0191ad14102750a83aa46030e126b kind:audiooutput label:Default - Speakers] map[deviceId:93d818804ef183e62ed53621d7fddf4de58d8d7aa0b4c95eab4cb1b8c7b63f00 groupId:11d3172c5bb92a7eccc8312f255209eb1ff0191ad14102750a83aa46030e126b kind:audiooutput label:Built-in Output] map[deviceId:99a20217f920b813fbe428f5cde98164f4e25474e0ea5b9430a13d18b586513c groupId:fd467e1a3c04f8411333f94354169ad7a52ae587cc044383e004fd135cb4e6fc kind:videoinput label:FaceTime HD Camera]] media_query_any_hover:none media_query_any_pointer:fine media_query_hover:none media_query_pointer:fine offscreen_canvas_available:true pdfViewerEnabled:true performance_memory:map[jsHeapSizeLimit:2.172641633e+09 totalJSHeapSize:3.2915613e+07 usedJSHeapSize:1.5967684e+07] permissions_notifications_state:default platform:MacIntel productSub:20030107 scheduling:map[isInputPending:false] screen_color_depth:24 screen_inner_height:1543 screen_inner_width:2570 screen_orientation:landscape-primary screen_outer_height:1617 screen_outer_width:2587 storage_persisted:false storage_quota:4.46668616096e+11 storage_usage:3.48127232e+08 timezone:America/Los_Angeles userActivation:map[hasBeenActive:false isActive:false] userAgent:Mozilla/5.0 (Macintosh; Intel Mac OS X 10_15_7) AppleWebKit/537.36 (KHTML, like Gecko) Chrome/134.0.0.0 Safari/537.36 userAgentData:map[brands:[map[brand:Chromium version:116] map[brand:Not)A;Brand version:24] map[brand:Google Chrome version:116]] mobile:false platform:macos uaFullVersion:116.0.0.0] vendor:Google Inc. webdriver:false webdriverString:function () { [native code] } webrtc_data:map[ice_candidates:[candidate:0 1 UDP 2122252543 cd36e704-be3f-fd12-d1ff-2e846c08dbb5.local 58349 typ host]]]
2026/03/09 13:57:00 NAV_DATA JSON: map[Notification_permission:default appVersion:5.0 (Macintosh; Intel Mac OS X 10_15_7) AppleWebKit/537.36 (KHTML, like Gecko) Chrome/134.0.0.0 Safari/537.36 audio_worklet_available:true battery_status:map[charging:true chargingTime:2175 dischargingTime:1e+308 level:0.7903172910736551] chrome:map[] chrome_app:map[InstallState:map[DISABLED:disabled INSTALLED:installed NOT_INSTALLED:not_installed] RunningState:map[CANNOT_RUN:cannot_run READY_TO_RUN:ready_to_run RUNNING:running] isInstalled:false] chrome_csi:map[onloadT:2457 pageT:2103 startE:1.773026818586e+12 tran:15] chrome_loadTimes:map[commitLoadTime:1.7730268193846622e+09 connectionInfo:h2 finishDocumentLoadTime:1.7730268201138008e+09 finishLoadTime:1.773026820400883e+09 firstPaintAfterLoadTime:0 firstPaintTime:1.77302681971743e+09 navigationType:Other npnNegotiatedProtocol:h2 requestTime:1.7730268185862992e+09 startLoadTime:1.7730268189577467e+09 wasAlternateProtocolAvailable:false wasFetchedViaSpdy:true wasNpnNegotiated:true] connection:map[downlink:6.153037935017088 effectiveType:4g rtt:192.87441610091898] cookieEnabled:true deviceMemory:16 gpu_present:false hardwareConcurrency:8 intl_locale:en-US intl_timezone:America/Los_Angeles keyboard:map[] language:en-US languages:[en-US en] locks:map[] maxTouchPoints:0 media_devices:[map[deviceId:f6f46541b3a9d9ae234cc86c90a440ff798cc095728bb95907819968982d5591 groupId:9331fcd5b06d69bc6cc265ae9828fd70f6d3c754377ed31d898cf36174774d13 kind:audioinput label:Internal Microphone] map[deviceId:default groupId:9331fcd5b06d69bc6cc265ae9828fd70f6d3c754377ed31d898cf36174774d13 kind:audiooutput label:Default - Speakers] map[deviceId:3e3d83418355d0b9ef21c7ff9dfc4444114acfe21b8119a9c7a7896b6fc94637 groupId:9331fcd5b06d69bc6cc265ae9828fd70f6d3c754377ed31d898cf36174774d13 kind:audiooutput label:Built-in Output] map[deviceId:454e906578c75e343b23013cb15f6af6f7a2d81869e75711e184ac40c36ee2d9 groupId:a043d758e8447c5827f0c5c059b467afd116dbcb058ffdef1b7570a3a8f9e4c9 kind:videoinput label:FaceTime HD Camera]] media_query_any_hover:hover media_query_any_pointer:fine media_query_hover:hover media_query_pointer:fine offscreen_canvas_available:true pdfViewerEnabled:true performance_memory:map[jsHeapSizeLimit:4.294705337e+09 totalJSHeapSize:4.3722677e+07 usedJSHeapSize:2.6012513e+07] permissions_notifications_state:default platform:MacIntel productSub:20030107 scheduling:map[isInputPending:false] screen_color_depth:24 screen_inner_height:1039 screen_inner_width:2229 screen_orientation:landscape-primary screen_outer_height:1128 screen_outer_width:2244 storage_persisted:false storage_quota:3.55043816728e+11 storage_usage:3.57564416e+08 timezone:America/Los_Angeles userActivation:map[hasBeenActive:false isActive:false] userAgent:Mozilla/5.0 (Macintosh; Intel Mac OS X 10_15_7) AppleWebKit/537.36 (KHTML, like Gecko) Chrome/134.0.0.0 Safari/537.36 userAgentData:map[brands:[map[brand:Chromium version:116] map[brand:Not)A;Brand version:24] map[brand:Google Chrome version:116]] mobile:false platform:macos uaFullVersion:116.0.0.0] vendor:Google Inc. webdriver:false webdriverString:function () { [native code] } webrtc_data:map[ice_candidates:[candidate:0 1 UDP 2122252543 882a951f-414f-1455-903c-c1436ec220b6.local 58349 typ host]]]
2026/03/09 13:57:00 NAV_DATA JSON: map[Notification_permission:default appVersion:5.0 (Macintosh; Intel Mac OS X 10_15_7) AppleWebKit/537.36 (KHTML, like Gecko) Chrome/134.0.0.0 Safari/537.36 audio_worklet_available:true battery_status:map[charging:true chargingTime:884 dischargingTime:1e+308 level:0.6238344540923624] chrome:map[] chrome_app:map[InstallState:map[DISABLED:disabled INSTALLED:installed NOT_INSTALLED:not_installed] RunningState:map[CANNOT_RUN:cannot_run READY_TO_RUN:ready_to_run RUNNING:running] isInstalled:false] chrome_csi:map[onloadT:3457 pageT:2786 startE:1.773026817905e+12 tran:15] chrome_loadTimes:map[commitLoadTime:1.7730268187396786e+09 connectionInfo:h2 finishDocumentLoadTime:1.7730268194201543e+09 finishLoadTime:1.773026819603104e+09 firstPaintAfterLoadTime:0 firstPaintTime:1.7730268189824417e+09 navigationType:Other npnNegotiatedProtocol:h2 requestTime:1.7730268179054875e+09 startLoadTime:1.7730268181600347e+09 wasAlternateProtocolAvailable:false wasFetchedViaSpdy:true wasNpnNegotiated:true] connection:map[downlink:8.819896491793493 effectiveType:4g rtt:80.49681170958887] cookieEnabled:true deviceMemory:32 gpu_present:true hardwareConcurrency:12 intl_locale:en-US intl_timezone:America/Los_Angeles keyboard:map[] language:en-US languages:[en-US en] locks:map[] maxTouchPoints:0 media_devices:[] media_query_any_hover:hover media_query_any_pointer:fine media_query_hover:hover media_query_pointer:fine offscreen_canvas_available:true pdfViewerEnabled:true performance_memory:map[jsHeapSizeLimit:4.29470507e+09 totalJSHeapSize:3.4847891e+07 usedJSHeapSize:2.4042656e+07] permissions_notifications_state:default platform:MacIntel productSub:20030107 scheduling:map[isInputPending:false] screen_color_depth:30 screen_inner_height:1173 screen_inner_width:1984 screen_orientation:portrait-primary screen_outer_height:1250 screen_outer_width:2000 storage_persisted:false storage_quota:0 storage_usage:3.69098752e+08 timezone:America/Los_Angeles userActivation:map[hasBeenActive:false isActive:false] userAgent:Mozilla/5.0 (Macintosh; Intel Mac OS X 10_15_7) AppleWebKit/537.36 (KHTML, like Gecko) Chrome/134.0.0.0 Safari/537.36 userAgentData:map[brands:[map[brand:Chromium version:116] map[brand:Not)A;Brand version:24] map[brand:Google Chrome version:116]] mobile:false platform:macos uaFullVersion:116.0.0.0] vendor:Google Inc. webdriver:false webdriverString:function () { [native code] } webrtc_data:map[ice_candidates:[]]]
2026/03/09 13:57:00 NAV_DATA JSON: map[Notification_permission:default appVersion:5.0 (Macintosh; Intel Mac OS X 10_15_7) AppleWebKit/537.36 (KHTML, like Gecko) Chrome/134.0.0.0 Safari/537.36 audio_worklet_available:true battery_status:map[charging:true chargingTime:0 dischargingTime:1e+308 level:1] chrome:map[] chrome_app:map[InstallState:map[DISABLED:disabled INSTALLED:installed NOT_INSTALLED:not_installed] RunningState:map[CANNOT_RUN:cannot_run READY_TO_RUN:ready_to_run RUNNING:running] isInstalled:false] chrome_csi:map[onloadT:2722 pageT:2313 startE:1.773026818382e+12 tran:15] chrome_loadTimes:map[commitLoadTime:1.7730268190328116e+09 connectionInfo:h2 finishDocumentLoadTime:1.7730268196109748e+09 finishLoadTime:1.7730268197790656e+09 firstPaintAfterLoadTime:0 firstPaintTime:1.7730268193334942e+09 navigationType:Other npnNegotiatedProtocol:h2 requestTime:1.7730268183826025e+09 startLoadTime:1.7730268185852077e+09 wasAlternateProtocolAvailable:false wasFetchedViaSpdy:true wasNpnNegotiated:true] connection:map[downlink:8.578332232923925 effectiveType:4g rtt:43.24426856539165] cookieEnabled:true deviceMemory:8 gpu_present:true hardwareConcurrency:7 intl_locale:en-US intl_timezone:America/Los_Angeles keyboard:map[] language:en-US languages:[en-US en] locks:map[] maxTouchPoints:0 media_devices:[map[deviceId:63a3774b825c3a933dce11ae1dfda3b5a0ed6b50ede4dfeaef5bf5bb5419ce00 groupId:ea0699f194779fbe3d43176bcf753eccbd19728a957def7f1f984da27384481b kind:audioinput label:Internal Microphone] map[deviceId:default groupId:ea0699f194779fbe3d43176bcf753eccbd19728a957def7f1f984da27384481b kind:audiooutput label:Default - Speakers] map[deviceId:30a701212cf6221e3a72ed40f465d2860741c41bfa27520b4204d14d5a45fa0a groupId:ea0699f194779fbe3d43176bcf753eccbd19728a957def7f1f984da27384481b kind:audiooutput label:Built-in Output] map[deviceId:a36d12d4aa8c59705f061735ee83dcb912526ab2a674c971e01c00bbe6d9de3b groupId:7f51495a59c7f503f473135000a3cecf98f5d856d0d56c6ab810935bbef1c786 kind:videoinput label:FaceTime HD Camera]] media_query_any_hover:hover media_query_any_pointer:none media_query_hover:hover media_query_pointer:none offscreen_canvas_available:true pdfViewerEnabled:true performance_memory:map[jsHeapSizeLimit:4.294705553e+09 totalJSHeapSize:7.2029944e+07 usedJSHeapSize:3.679629e+07] permissions_notifications_state:default platform:MacIntel productSub:20030107 scheduling:map[isInputPending:false] screen_color_depth:30 screen_inner_height:2842 screen_inner_width:4638 screen_orientation:portrait-primary screen_outer_height:2908 screen_outer_width:4653 storage_persisted:false storage_quota:0 storage_usage:5.0855936e+08 timezone:America/Los_Angeles userActivation:map[hasBeenActive:false isActive:false] userAgent:Mozilla/5.0 (Macintosh; Intel Mac OS X 10_15_7) AppleWebKit/537.36 (KHTML, like Gecko) Chrome/134.0.0.0 Safari/537.36 userAgentData:map[brands:[map[brand:Chromium version:116] map[brand:Not)A;Brand version:24] map[brand:Google Chrome version:116]] mobile:false platform:macos uaFullVersion:116.0.0.0] vendor:Google Inc. webdriver:false webdriverString:function () { [native code] } webrtc_data:map[ice_candidates:[]]]
2026/03/09 13:57:00 NAV_DATA JSON: map[Notification_permission:default appVersion:5.0 (Macintosh; Intel Mac OS X 10_15_7) AppleWebKit/537.36 (KHTML, like Gecko) Chrome/134.0.0.0 Safari/537.36 audio_worklet_available:true battery_status:map[charging:false chargingTime:0 dischargingTime:10202 level:0.20399355859880422] chrome:map[] chrome_app:map[InstallState:map[DISABLED:disabled INSTALLED:installed NOT_INSTALLED:not_installed] RunningState:map[CANNOT_RUN:cannot_run READY_TO_RUN:ready_to_run RUNNING:running] isInstalled:false] chrome_csi:map[onloadT:3367 pageT:2854 startE:1.773026817843e+12 tran:15] chrome_loadTimes:map[commitLoadTime:1.773026818604921e+09 connectionInfo:h2 finishDocumentLoadTime:1.7730268190645418e+09 finishLoadTime:1.7730268191991315e+09 firstPaintAfterLoadTime:0 firstPaintTime:1.773026818743468e+09 navigationType:Other npnNegotiatedProtocol:h2 requestTime:1.7730268178437622e+09 startLoadTime:1.7730268179829237e+09 wasAlternateProtocolAvailable:false wasFetchedViaSpdy:true wasNpnNegotiated:true] connection:map[downlink:4.286811456561271 effectiveType:4g rtt:144.9336663991744] cookieEnabled:true deviceMemory:4 gpu_present:true hardwareConcurrency:3 intl_locale:en-US intl_timezone:America/Los_Angeles keyboard:map[] language:en-US languages:[en-US en] locks:map[] maxTouchPoints:0 media_devices:[map[deviceId:4787c2fdf2d309d7c9c990792710bf3f8182df96862e3c14ceea5c7c6f5450e4 groupId:0703b547f996180d0dc845f5d4750d8192f455b30a7d2d4abaab9ab406145159 kind:audioinput label:Internal Microphone] map[deviceId:default groupId:0703b547f996180d0dc845f5d4750d8192f455b30a7d2d4abaab9ab406145159 kind:audiooutput label:Default - Speakers] map[deviceId:e57064bff0917ed41e64e006b7253e572cedbd9c2a00825bd08e12b15da2caf9 groupId:0703b547f996180d0dc845f5d4750d8192f455b30a7d2d4abaab9ab406145159 kind:audiooutput label:Built-in Output]] media_query_any_hover:hover media_query_any_pointer:fine media_query_hover:hover media_query_pointer:fine offscreen_canvas_available:true pdfViewerEnabled:true performance_memory:map[jsHeapSizeLimit:2.172641764e+09 totalJSHeapSize:2.1633486e+07 usedJSHeapSize:7.368192e+06] permissions_notifications_state:denied platform:MacIntel productSub:20030107 scheduling:map[isInputPending:false] screen_color_depth:24 screen_inner_height:1617 screen_inner_width:2686 screen_orientation:landscape-primary screen_outer_height:1688 screen_outer_width:2702 storage_persisted:false storage_quota:0 storage_usage:1.48897792e+08 timezone:America/Los_Angeles userActivation:map[hasBeenActive:false isActive:false] userAgent:Mozilla/5.0 (Macintosh; Intel Mac OS X 10_15_7) AppleWebKit/537.36 (KHTML, like Gecko) Chrome/134.0.0.0 Safari/537.36 userAgentData:map[brands:[map[brand:Chromium version:116] map[brand:Not)A;Brand version:24] map[brand:Google Chrome version:116]] mobile:false platform:macos uaFullVersion:116.0.0.0] vendor:Google Inc. webdriver:false webdriverString:function () { [native code] } webrtc_data:map[ice_candidates:[candidate:0 1 UDP 2122252543 6ff41513-6690-23a2-5f9a-0b9131ccfa20.local 58349 typ host]]]
2026/03/09 13:57:00 NAV_DATA JSON: map[Notification_permission:default appVersion:5.0 (Macintosh; Intel Mac OS X 10_15_7) AppleWebKit/537.36 (KHTML, like Gecko) Chrome/134.0.0.0 Safari/537.36 audio_worklet_available:true battery_status:map[charging:false chargingTime:0 dischargingTime:7086 level:0.8994944133701731] chrome:map[] chrome_app:map[InstallState:map[DISABLED:disabled INSTALLED:installed NOT_INSTALLED:not_installed] RunningState:map[CANNOT_RUN:cannot_run READY_TO_RUN:ready_to_run RUNNING:running] isInstalled:false] chrome_csi:map[onloadT:3176 pageT:2966 startE:1.773026817733e+12 tran:15] chrome_loadTimes:map[commitLoadTime:1.773026818863059e+09 connectionInfo:h2 finishDocumentLoadTime:1.77302681941061e+09 finishLoadTime:1.773026819597257e+09 firstPaintAfterLoadTime:0 firstPaintTime:1.773026819203703e+09 navigationType:Other npnNegotiatedProtocol:h2 requestTime:1.7730268177332106e+09 startLoadTime:1.7730268180914698e+09 wasAlternateProtocolAvailable:false wasFetchedViaSpdy:true wasNpnNegotiated:true] connection:map[downlink:6.7232880923499065 effectiveType:4g rtt:151.70796329804526] cookieEnabled:true deviceMemory:8 gpu_present:false hardwareConcurrency:13 intl_locale:en-US intl_timezone:America/Los_Angeles keyboard:map[] language:en-US languages:[en-US en] locks:map[] maxTouchPoints:0 media_devices:[map[deviceId:78387a731b058ba0d9988b34ac37fe0c506fc082f2e21861639f374164efa0b9 groupId:d98072b983c0d143967882394fc00d32fb7e76bffe5d1b976cf3302e9634e808 kind:audioinput label:Internal Microphone] map[deviceId:default groupId:d98072b983c0d143967882394fc00d32fb7e76bffe5d1b976cf3302e9634e808 kind:audiooutput label:Default - Speakers] map[deviceId:e9e5a4f66f4385e5d5fc3914f866d5dcb335d57d019bff34d3e735c2473c60e9 groupId:d98072b983c0d143967882394fc00d32fb7e76bffe5d1b976cf3302e9634e808 kind:audiooutput label:Built-in Output] map[deviceId:ddd3fb9edef2096335d99a7bef6df709dc5dc58080fb5016114b7e12349555f0 groupId:54caa7f86ddfb298259d8606467fcc5478a29d7d624d34c2f6e174d193f48639 kind:videoinput label:FaceTime HD Camera]] media_query_any_hover:hover media_query_any_pointer:fine media_query_hover:hover media_query_pointer:fine offscreen_canvas_available:true pdfViewerEnabled:true performance_memory:map[jsHeapSizeLimit:4.294705435e+09 totalJSHeapSize:3.8209097e+07 usedJSHeapSize:2.880726e+07] permissions_notifications_state:default platform:MacIntel productSub:20030107 scheduling:map[isInputPending:false] screen_color_depth:30 screen_inner_height:1704 screen_inner_width:2812 screen_orientation:landscape-primary screen_outer_height:1767 screen_outer_width:2827 storage_persisted:false storage_quota:0 storage_usage:7.5497472e+07 timezone:America/Los_Angeles userActivation:map[hasBeenActive:false isActive:false] userAgent:Mozilla/5.0 (Macintosh; Intel Mac OS X 10_15_7) AppleWebKit/537.36 (KHTML, like Gecko) Chrome/134.0.0.0 Safari/537.36 userAgentData:map[brands:[map[brand:Chromium version:116] map[brand:Not)A;Brand version:24] map[brand:Google Chrome version:116]] mobile:false platform:macos uaFullVersion:116.0.0.0] vendor:Google Inc. webdriver:false webdriverString:function () { [native code] } webrtc_data:map[ice_candidates:[]]]
2026/03/09 13:57:00 NAV_DATA JSON: map[Notification_permission:default appVersion:5.0 (Macintosh; Intel Mac OS X 10_15_7) AppleWebKit/537.36 (KHTML, like Gecko) Chrome/134.0.0.0 Safari/537.36 audio_worklet_available:true battery_status:map[charging:true chargingTime:0 dischargingTime:1e+308 level:1] chrome:map[] chrome_app:map[InstallState:map[DISABLED:disabled INSTALLED:installed NOT_INSTALLED:not_installed] RunningState:map[CANNOT_RUN:cannot_run READY_TO_RUN:ready_to_run RUNNING:running] isInstalled:false] chrome_csi:map[onloadT:3230 pageT:2771 startE:1.773026817931e+12 tran:15] chrome_loadTimes:map[commitLoadTime:1.7730268190207317e+09 connectionInfo:h2 finishDocumentLoadTime:1.7730268194800408e+09 finishLoadTime:1.7730268196555843e+09 firstPaintAfterLoadTime:0 firstPaintTime:1.773026819124759e+09 navigationType:Other npnNegotiatedProtocol:h2 requestTime:1.7730268179312804e+09 startLoadTime:1.7730268182302618e+09 wasAlternateProtocolAvailable:false wasFetchedViaSpdy:true wasNpnNegotiated:true] connection:map[downlink:8.126620304989986 effectiveType:4g rtt:38.174315039697355] cookieEnabled:true deviceMemory:32 gpu_present:true hardwareConcurrency:12 intl_locale:en-US intl_timezone:America/Los_Angeles keyboard:map[] language:en-US languages:[en-US en] locks:map[] maxTouchPoints:0 media_devices:[] media_query_any_hover:hover media_query_any_pointer:none media_query_hover:hover media_query_pointer:none offscreen_canvas_available:true pdfViewerEnabled:true performance_memory:map[jsHeapSizeLimit:4.294705075e+09 totalJSHeapSize:4.9422362e+07 usedJSHeapSize:3.6929394e+07] permissions_notifications_state:denied platform:MacIntel productSub:20030107 scheduling:map[isInputPending:false] screen_color_depth:30 screen_inner_height:1636 screen_inner_width:3458 screen_orientation:landscape-primary screen_outer_height:1698 screen_outer_width:3474 storage_persisted:false storage_quota:0 storage_usage:4.11041792e+08 timezone:America/Los_Angeles userActivation:map[hasBeenActive:false isActive:false] userAgent:Mozilla/5.0 (Macintosh; Intel Mac OS X 10_15_7) AppleWebKit/537.36 (KHTML, like Gecko) Chrome/134.0.0.0 Safari/537.36 userAgentData:map[brands:[map[brand:Chromium version:116] map[brand:Not)A;Brand version:24] map[brand:Google Chrome version:116]] mobile:false platform:macos uaFullVersion:116.0.0.0] vendor:Google Inc. webdriver:false webdriverString:function () { [native code] }]
2026/03/09 13:57:00 NAV_DATA JSON: map[Notification_permission:default appVersion:5.0 (Macintosh; Intel Mac OS X 10_15_7) AppleWebKit/537.36 (KHTML, like Gecko) Chrome/134.0.0.0 Safari/537.36 audio_worklet_available:true battery_status:map[charging:true chargingTime:3046 dischargingTime:1e+308 level:0.2042272966166923] chrome:map[] chrome_app:map[InstallState:map[DISABLED:disabled INSTALLED:installed NOT_INSTALLED:not_installed] RunningState:map[CANNOT_RUN:cannot_run READY_TO_RUN:ready_to_run RUNNING:running] isInstalled:false] chrome_csi:map[onloadT:2308 pageT:2058 startE:1.773026818647e+12 tran:15] chrome_loadTimes:map[commitLoadTime:1.7730268194213097e+09 connectionInfo:h2 finishDocumentLoadTime:1.7730268197533054e+09 finishLoadTime:1.773026819886315e+09 firstPaintAfterLoadTime:0 firstPaintTime:1.7730268195214584e+09 navigationType:Other npnNegotiatedProtocol:h2 requestTime:1.773026818647465e+09 startLoadTime:1.7730268187869604e+09 wasAlternateProtocolAvailable:false wasFetchedViaSpdy:true wasNpnNegotiated:true] connection:map[downlink:9.524431187958404 effectiveType:4g rtt:142.509990229055] cookieEnabled:true deviceMemory:4 gpu_present:true hardwareConcurrency:8 intl_locale:en-US intl_timezone:America/Los_Angeles keyboard:map[] language:en-US languages:[en-US en] locks:map[] maxTouchPoints:0 media_devices:[map[deviceId:d0d21327624c389754f75940fe9b6a3afffb55c20128ef01004c8406591c7a19 groupId:2075fc918ecb28f1f29b49ed8839b943e1022c5533c83f42f30d87f2e6e67454 kind:audioinput label:Internal Microphone] map[deviceId:default groupId:2075fc918ecb28f1f29b49ed8839b943e1022c5533c83f42f30d87f2e6e67454 kind:audiooutput label:Default - Speakers] map[deviceId:39e7386524a559e63fce69b44e95d6b64fa37d0ca574b6ae2462fec2aa5a690b groupId:2075fc918ecb28f1f29b49ed8839b943e1022c5533c83f42f30d87f2e6e67454 kind:audiooutput label:Built-in Output] map[deviceId:442a97eb51d2cc8ae922a622436c04a750d3af4c33c64bb5f5280fc34c908bdf groupId:52a3483fc14a0e7d4a4efb41ae5900d58bedb8a2fefb714bf31f6b1791f48625 kind:videoinput label:FaceTime HD Camera]] media_query_any_hover:hover media_query_any_pointer:fine media_query_hover:hover media_query_pointer:fine offscreen_canvas_available:true pdfViewerEnabled:true performance_memory:map[jsHeapSizeLimit:2.172641015e+09 totalJSHeapSize:6.8498336e+07 usedJSHeapSize:2.7802915e+07] permissions_notifications_state:default platform:MacIntel productSub:20030107 scheduling:map[isInputPending:false] screen_color_depth:24 screen_inner_height:2500 screen_inner_width:4121 screen_orientation:portrait-primary screen_outer_height:2585 screen_outer_width:4137 storage_persisted:false storage_quota:0 storage_usage:4.07896064e+08 timezone:America/Los_Angeles userActivation:map[hasBeenActive:false isActive:false] userAgent:Mozilla/5.0 (Macintosh; Intel Mac OS X 10_15_7) AppleWebKit/537.36 (KHTML, like Gecko) Chrome/134.0.0.0 Safari/537.36 userAgentData:map[brands:[map[brand:Chromium version:116] map[brand:Not)A;Brand version:24] map[brand:Google Chrome version:116]] mobile:false platform:macos uaFullVersion:116.0.0.0] vendor:Google Inc. webdriver:false webdriverString:function () { [native code] } webrtc_data:map[ice_candidates:[candidate:0 1 UDP 2122252543 164ea1a0-019d-4a2c-6156-93a48f65ea34.local 58349 typ host]]]
2026/03/09 13:57:00 NAV_DATA JSON: map[Notification_permission:default appVersion:5.0 (Macintosh; Intel Mac OS X 10_15_7) AppleWebKit/537.36 (KHTML, like Gecko) Chrome/134.0.0.0 Safari/537.36 audio_worklet_available:true battery_status:map[charging:true chargingTime:1811 dischargingTime:1e+308 level:0.5439011465183246] chrome:map[] chrome_app:map[InstallState:map[DISABLED:disabled INSTALLED:installed NOT_INSTALLED:not_installed] RunningState:map[CANNOT_RUN:cannot_run READY_TO_RUN:ready_to_run RUNNING:running] isInstalled:false] chrome_csi:map[onloadT:2978 pageT:2606 startE:1.773026818101e+12 tran:15] chrome_loadTimes:map[commitLoadTime:1.7730268191130903e+09 connectionInfo:h2 finishDocumentLoadTime:1.7730268196346035e+09 finishLoadTime:1.7730268197590654e+09 firstPaintAfterLoadTime:0 firstPaintTime:1.7730268192263906e+09 navigationType:Other npnNegotiatedProtocol:h2 requestTime:1.773026818101517e+09 startLoadTime:1.7730268184519696e+09 wasAlternateProtocolAvailable:false wasFetchedViaSpdy:true wasNpnNegotiated:true] connection:map[downlink:8.911907447992915 effectiveType:4g rtt:79.1621580698133] cookieEnabled:true deviceMemory:32 gpu_present:true hardwareConcurrency:12 intl_locale:en-US intl_timezone:America/Los_Angeles keyboard:map[] language:en-US languages:[en-US en] locks:map[] maxTouchPoints:0 media_devices:[map[deviceId:58a38fc913034fcde0651867307e6d11399b59c230e1bdb9c6fadcd7c830887f groupId:fc674c656877e917eedee9f9a1b248d08cc0a8f751eb675b219ce49876a29ed3 kind:audioinput label:Internal Microphone] map[deviceId:default groupId:fc674c656877e917eedee9f9a1b248d08cc0a8f751eb675b219ce49876a29ed3 kind:audiooutput label:Default - Speakers] map[deviceId:e78a144394c065d24484b9dd0b396243a00e1ba280a87ed536d652146e1d1cfd groupId:fc674c656877e917eedee9f9a1b248d08cc0a8f751eb675b219ce49876a29ed3 kind:audiooutput label:Built-in Output] map[deviceId:f7f66d06b05da1d325ed1628ec74aeacf4b1686a6aa6a314216d02c15341e457 groupId:d80c9b02cafcc6926938c6dac01b1e5b2d8e51ce0655e8a9bc96c796cbac6e43 kind:videoinput label:FaceTime HD Camera]] media_query_any_hover:hover media_query_any_pointer:fine media_query_hover:hover media_query_pointer:fine offscreen_canvas_available:true pdfViewerEnabled:true performance_memory:map[jsHeapSizeLimit:4.294705138e+09 totalJSHeapSize:3.68492e+07 usedJSHeapSize:2.4871158e+07] permissions_notifications_state:denied platform:MacIntel productSub:20030107 scheduling:map[isInputPending:false] screen_color_depth:30 screen_inner_height:942 screen_inner_width:2221 screen_orientation:landscape-primary screen_outer_height:1010 screen_outer_width:2236 storage_persisted:false storage_quota:1.90831037667e+11 storage_usage:7.2351744e+07 timezone:America/Los_Angeles userActivation:map[hasBeenActive:false isActive:false] userAgent:Mozilla/5.0 (Macintosh; Intel Mac OS X 10_15_7) AppleWebKit/537.36 (KHTML, like Gecko) Chrome/134.0.0.0 Safari/537.36 userAgentData:map[brands:[map[brand:Chromium version:116] map[brand:Not)A;Brand version:24] map[brand:Google Chrome version:116]] mobile:false platform:macos uaFullVersion:116.0.0.0] vendor:Google Inc. webdriver:false webdriverString:function () { [native code] } webrtc_data:map[ice_candidates:[]]]
2026/03/09 13:57:00 NAV_DATA JSON: map[Notification_permission:default appVersion:5.0 (Macintosh; Intel Mac OS X 10_15_7) AppleWebKit/537.36 (KHTML, like Gecko) Chrome/134.0.0.0 Safari/537.36 audio_worklet_available:true battery_status:map[charging:true chargingTime:3059 dischargingTime:1e+308 level:0.7823813921083562] chrome:map[] chrome_app:map[InstallState:map[DISABLED:disabled INSTALLED:installed NOT_INSTALLED:not_installed] RunningState:map[CANNOT_RUN:cannot_run READY_TO_RUN:ready_to_run RUNNING:running] isInstalled:false] chrome_csi:map[onloadT:3030 pageT:2674 startE:1.773026818036e+12 tran:15] chrome_loadTimes:map[commitLoadTime:1.7730268185506876e+09 connectionInfo:h2 finishDocumentLoadTime:1.7730268189954367e+09 finishLoadTime:1.7730268191653776e+09 firstPaintAfterLoadTime:0 firstPaintTime:1.7730268186857073e+09 navigationType:Other npnNegotiatedProtocol:h2 requestTime:1.7730268180360062e+09 startLoadTime:1.7730268181713793e+09 wasAlternateProtocolAvailable:false wasFetchedViaSpdy:true wasNpnNegotiated:true] connection:map[downlink:7.111874092118966 effectiveType:4g rtt:94.91472515185403] cookieEnabled:true deviceMemory:4 gpu_present:true hardwareConcurrency:8 intl_locale:en-US intl_timezone:America/Los_Angeles keyboard:map[] language:en-US languages:[en-US en] locks:map[] maxTouchPoints:0 media_devices:[map[deviceId:3c399c29b66005c37f36615ade9c964c1642f02226367a563a93bb77ba822f44 groupId:f8f7471849d7c02b2d062c72cd5dbf7fb2acca8b1ceae5cdb39aa63cf7334a19 kind:audioinput label:Internal Microphone] map[deviceId:default groupId:f8f7471849d7c02b2d062c72cd5dbf7fb2acca8b1ceae5cdb39aa63cf7334a19 kind:audiooutput label:Default - Speakers] map[deviceId:3f1b4f90012aac8ba4fa516f59dc80c568f61ed737be783542c51c9d8642ec70 groupId:f8f7471849d7c02b2d062c72cd5dbf7fb2acca8b1ceae5cdb39aa63cf7334a19 kind:audiooutput label:Built-in Output] map[deviceId:6d8e8c6389512845f3819b8515057377bd75c935f80122d31766b845c82a87fe groupId:b0f53876aabab34669eec5cebc5f8289297a7e655775fcbc9c4341eba3f6afef kind:videoinput label:FaceTime HD Camera]] media_query_any_hover:hover media_query_any_pointer:coarse media_query_hover:hover media_query_pointer:coarse offscreen_canvas_available:true pdfViewerEnabled:true performance_memory:map[jsHeapSizeLimit:2.17264143e+09 totalJSHeapSize:7.5046594e+07 usedJSHeapSize:3.6075441e+07] permissions_notifications_state:default platform:MacIntel productSub:20030107 scheduling:map[isInputPending:false] screen_color_depth:30 screen_inner_height:1084 screen_inner_width:1825 screen_orientation:landscape-primary screen_outer_height:1150 screen_outer_width:1840 storage_persisted:false storage_quota:0 storage_usage:5.12753664e+08 timezone:America/Los_Angeles userActivation:map[hasBeenActive:false isActive:false] userAgent:Mozilla/5.0 (Macintosh; Intel Mac OS X 10_15_7) AppleWebKit/537.36 (KHTML, like Gecko) Chrome/134.0.0.0 Safari/537.36 userAgentData:map[brands:[map[brand:Chromium version:116] map[brand:Not)A;Brand version:24] map[brand:Google Chrome version:116]] mobile:false platform:macos uaFullVersion:116.0.0.0] vendor:Google Inc. webdriver:false webdriverString:function () { [native code] } webrtc_data:map[ice_candidates:[candidate:0 1 UDP 2122252543 1bfa82a3-93f5-ebf9-b7b4-9a084fd36e77.local 58349 typ host candidate:1 1 UDP 2122252542 192.168.1.198 58350 typ host]]]
2026/03/09 13:57:00 NAV_DATA JSON: map[Notification_permission:default appVersion:5.0 (Macintosh; Intel Mac OS X 10_15_7) AppleWebKit/537.36 (KHTML, like Gecko) Chrome/134.0.0.0 Safari/537.36 audio_worklet_available:true battery_status:map[charging:true chargingTime:0 dischargingTime:1e+308 level:1] chrome:map[] chrome_app:map[InstallState:map[DISABLED:disabled INSTALLED:installed NOT_INSTALLED:not_installed] RunningState:map[CANNOT_RUN:cannot_run READY_TO_RUN:ready_to_run RUNNING:running] isInstalled:false] chrome_csi:map[onloadT:2758 pageT:2447 startE:1.773026818265e+12 tran:15] chrome_loadTimes:map[commitLoadTime:1.7730268187279394e+09 connectionInfo:h2 finishDocumentLoadTime:1.773026819150467e+09 finishLoadTime:1.7730268193568335e+09 firstPaintAfterLoadTime:0 firstPaintTime:1.7730268188537276e+09 navigationType:Other npnNegotiatedProtocol:h2 requestTime:1.7730268182651002e+09 startLoadTime:1.7730268184242516e+09 wasAlternateProtocolAvailable:false wasFetchedViaSpdy:true wasNpnNegotiated:true] connection:map[downlink:5.097344754399137 effectiveType:4g rtt:145.99703642419146] cookieEnabled:true deviceMemory:4 gpu_present:true hardwareConcurrency:8 intl_locale:en-US intl_timezone:America/Los_Angeles keyboard:map[] language:en-US languages:[en-US en] locks:map[] maxTouchPoints:0 media_devices:[map[deviceId:1672024340cd096658ed678be412eb7014ee3fbe593c5b44914c592385ea774b groupId:039e763a383ca75dfaacdd5934cea0de6fdb075da3d4b10cef4edcae7bfec816 kind:audioinput label:Internal Microphone] map[deviceId:default groupId:039e763a383ca75dfaacdd5934cea0de6fdb075da3d4b10cef4edcae7bfec816 kind:audiooutput label:Default - Speakers] map[deviceId:8864422cd4d91505dea4a7022a29809c215b8891c2c094033d1154860dc21f55 groupId:039e763a383ca75dfaacdd5934cea0de6fdb075da3d4b10cef4edcae7bfec816 kind:audiooutput label:Built-in Output] map[deviceId:22744abb9512f83c77b16330db9e90e01bcd7684ce7fb7697a27252cab474a27 groupId:8ffa6ed9507dfd326ee2724f7b596f814d2bf9bf93ec4bf55d479148fcd2d4bd kind:videoinput label:FaceTime HD Camera]] media_query_any_hover:none media_query_any_pointer:fine media_query_hover:none media_query_pointer:fine offscreen_canvas_available:true pdfViewerEnabled:true performance_memory:map[jsHeapSizeLimit:2.172641286e+09 totalJSHeapSize:5.3893752e+07 usedJSHeapSize:3.9507478e+07] permissions_notifications_state:default platform:MacIntel productSub:20030107 scheduling:map[isInputPending:false] screen_color_depth:30 screen_inner_height:1200 screen_inner_width:2447 screen_orientation:landscape-primary screen_outer_height:1271 screen_outer_width:2464 storage_persisted:false storage_quota:4.69179095775e+11 storage_usage:1.1010048e+08 timezone:America/Los_Angeles userActivation:map[hasBeenActive:false isActive:false] userAgent:Mozilla/5.0 (Macintosh; Intel Mac OS X 10_15_7) AppleWebKit/537.36 (KHTML, like Gecko) Chrome/134.0.0.0 Safari/537.36 userAgentData:map[brands:[map[brand:Chromium version:116] map[brand:Not)A;Brand version:24] map[brand:Google Chrome version:116]] mobile:false platform:macos uaFullVersion:116.0.0.0] vendor:Google Inc. webdriver:false webdriverString:function () { [native code] } webrtc_data:map[ice_candidates:[]]]
2026/03/09 13:57:00 NAV_DATA JSON: map[Notification_permission:default appVersion:5.0 (Macintosh; Intel Mac OS X 10_15_7) AppleWebKit/537.36 (KHTML, like Gecko) Chrome/134.0.0.0 Safari/537.36 audio_worklet_available:true battery_status:map[charging:false chargingTime:0 dischargingTime:1682 level:0.654053347497471] chrome:map[] chrome_app:map[InstallState:map[DISABLED:disabled INSTALLED:installed NOT_INSTALLED:not_installed] RunningState:map[CANNOT_RUN:cannot_run READY_TO_RUN:ready_to_run RUNNING:running] isInstalled:false] chrome_csi:map[onloadT:3222 pageT:2554 startE:1.77302681816e+12 tran:15] chrome_loadTimes:map[commitLoadTime:1.7730268188347394e+09 connectionInfo:h2 finishDocumentLoadTime:1.7730268193592846e+09 finishLoadTime:1.773026819619467e+09 firstPaintAfterLoadTime:0 firstPaintTime:1.7730268190515385e+09 navigationType:Other npnNegotiatedProtocol:h2 requestTime:1.773026818160911e+09 startLoadTime:1.7730268183954198e+09 wasAlternateProtocolAvailable:false wasFetchedViaSpdy:true wasNpnNegotiated:true] connection:map[downlink:2.1031608938899495 effectiveType:4g rtt:69.6428758578063] cookieEnabled:true deviceMemory:32 gpu_present:true hardwareConcurrency:8 intl_locale:en-US intl_timezone:America/Los_Angeles keyboard:map[] language:en-US languages:[en-US en] locks:map[] maxTouchPoints:0 media_devices:[map[deviceId:e5dbef9d03d6b2dd50159bac4d27fa5224573eec1dd2a08fb9b4a9c06f5e0f8f groupId:a25b014b031541345cc0610486e1dda6e726bff350cb77ed083ce43bee274f54 kind:audioinput label:Internal Microphone] map[deviceId:default groupId:a25b014b031541345cc0610486e1dda6e726bff350cb77ed083ce43bee274f54 kind:audiooutput label:Default - Speakers] map[deviceId:8c311baaed8d0fabb105d6ab78cfd1059497e65f9d7e9de123ce881b599a3233 groupId:a25b014b031541345cc0610486e1dda6e726bff350cb77ed083ce43bee274f54 kind:audiooutput label:Built-in Output] map[deviceId:180ded8f8ce13b00827a2ae46674671cc7cbe38ae0332f4c83924cfea7ceb1f7 groupId:683e3737054fdf7177b74eb1ceb714ad32eec5057f7d28ddedd2f085275b39fe kind:videoinput label:FaceTime HD Camera]] media_query_any_hover:hover media_query_any_pointer:fine media_query_hover:hover media_query_pointer:fine offscreen_canvas_available:true pdfViewerEnabled:true performance_memory:map[jsHeapSizeLimit:4.294705518e+09 totalJSHeapSize:7.7048514e+07 usedJSHeapSize:2.5472806e+07] permissions_notifications_state:denied platform:MacIntel productSub:20030107 scheduling:map[isInputPending:false] screen_color_depth:24 screen_inner_height:1909 screen_inner_width:3160 screen_orientation:portrait-primary screen_outer_height:1985 screen_outer_width:3177 storage_persisted:false storage_quota:0 storage_usage:1.50994944e+08 timezone:America/Los_Angeles userActivation:map[hasBeenActive:false isActive:false] userAgent:Mozilla/5.0 (Macintosh; Intel Mac OS X 10_15_7) AppleWebKit/537.36 (KHTML, like Gecko) Chrome/134.0.0.0 Safari/537.36 userAgentData:map[brands:[map[brand:Chromium version:116] map[brand:Not)A;Brand version:24] map[brand:Google Chrome version:116]] mobile:false platform:macos uaFullVersion:116.0.0.0] vendor:Google Inc. webdriver:false webdriverString:function () { [native code] } webrtc_data:map[ice_candidates:[candidate:0 1 UDP 2122252543 905ae4b7-060a-8d85-2bfa-8086af740ef0.local 58349 typ host candidate:1 1 UDP 2122252542 192.168.1.178 58350 typ host]]]
2026/03/09 13:57:00 NAV_DATA JSON: map[Notification_permission:default appVersion:5.0 (Macintosh; Intel Mac OS X 10_15_7) AppleWebKit/537.36 (KHTML, like Gecko) Chrome/134.0.0.0 Safari/537.36 audio_worklet_available:true battery_status:map[charging:false chargingTime:0 dischargingTime:6103 level:0.8807065232972497] chrome:map[] chrome_app:map[InstallState:map[DISABLED:disabled INSTALLED:installed NOT_INSTALLED:not_installed] RunningState:map[CANNOT_RUN:cannot_run READY_TO_RUN:ready_to_run RUNNING:running] isInstalled:false] chrome_csi:map[onloadT:2620 pageT:2010 startE:1.773026818707e+12 tran:15] chrome_loadTimes:map[commitLoadTime:1.7730268191617165e+09 connectionInfo:h2 finishDocumentLoadTime:1.7730268196563423e+09 finishLoadTime:1.773026819773708e+09 firstPaintAfterLoadTime:0 firstPaintTime:1.7730268193745697e+09 navigationType:Other npnNegotiatedProtocol:h2 requestTime:1.7730268187078967e+09 startLoadTime:1.7730268188474483e+09 wasAlternateProtocolAvailable:false wasFetchedViaSpdy:true wasNpnNegotiated:true] connection:map[downlink:1.0317702232062422 effectiveType:4g rtt:126.49270040020419] cookieEnabled:true deviceMemory:16 gpu_present:false hardwareConcurrency:7 intl_locale:en-US intl_timezone:America/Los_Angeles keyboard:map[] language:en-US languages:[en-US en] locks:map[] maxTouchPoints:0 media_devices:[map[deviceId:6229352873d0124ea15a10b60b24b1c99a9e09072b66b1a1d5ca4b3f5f631f38 groupId:ea745f2ab58ca973c2ed1913e18251ae762c627ec206dbc86fa54ddaab831fd0 kind:audioinput label:Internal Microphone] map[deviceId:default groupId:ea745f2ab58ca973c2ed1913e18251ae762c627ec206dbc86fa54ddaab831fd0 kind:audiooutput label:Default - Speakers] map[deviceId:bac60c8e8dd6e8ab8e7fcadea4dd64276ea4e22cef8be0bb57f607f315a53196 groupId:ea745f2ab58ca973c2ed1913e18251ae762c627ec206dbc86fa54ddaab831fd0 kind:audiooutput label:Built-in Output] map[deviceId:dd4eebfb81a7b128a2fd1e71b2f480282ee124d4be95eba3783f01e1f26078a4 groupId:4fc9038eba93649a887cf00797c0e101f71fdf64283b5da0bb1b9ccd334641b2 kind:videoinput label:FaceTime HD Camera]] media_query_any_hover:hover media_query_any_pointer:coarse media_query_hover:hover media_query_pointer:coarse offscreen_canvas_available:true pdfViewerEnabled:true performance_memory:map[jsHeapSizeLimit:4.294705424e+09 totalJSHeapSize:5.8196412e+07 usedJSHeapSize:4.1041066e+07] permissions_notifications_state:default platform:MacIntel productSub:20030107 scheduling:map[isInputPending:false] screen_color_depth:30 screen_inner_height:840 screen_inner_width:1815 screen_orientation:landscape-primary screen_outer_height:900 screen_outer_width:1830 storage_persisted:false storage_quota:0 storage_usage:3.81681664e+08 timezone:America/Los_Angeles userActivation:map[hasBeenActive:false isActive:false] userAgent:Mozilla/5.0 (Macintosh; Intel Mac OS X 10_15_7) AppleWebKit/537.36 (KHTML, like Gecko) Chrome/134.0.0.0 Safari/537.36 userAgentData:map[brands:[map[brand:Chromium version:116] map[brand:Not)A;Brand version:24] map[brand:Google Chrome version:116]] mobile:false platform:macos uaFullVersion:116.0.0.0] vendor:Google Inc. webdriver:false webdriverString:function () { [native code] } webrtc_data:map[ice_candidates:[candidate:0 1 UDP 2122252543 cea0dfc5-eab9-e754-ea36-67df2f55d2c9.local 58349 typ host]]]
2026/03/09 13:57:00 NAV_DATA JSON: map[Notification_permission:default appVersion:5.0 (Macintosh; Intel Mac OS X 10_15_7) AppleWebKit/537.36 (KHTML, like Gecko) Chrome/134.0.0.0 Safari/537.36 audio_worklet_available:true battery_status:map[charging:true chargingTime:0 dischargingTime:1e+308 level:1] chrome:map[] chrome_app:map[InstallState:map[DISABLED:disabled INSTALLED:installed NOT_INSTALLED:not_installed] RunningState:map[CANNOT_RUN:cannot_run READY_TO_RUN:ready_to_run RUNNING:running] isInstalled:false] chrome_csi:map[onloadT:3072 pageT:2636 startE:1.773026818084e+12 tran:15] chrome_loadTimes:map[commitLoadTime:1.7730268189750524e+09 connectionInfo:h2 finishDocumentLoadTime:1.7730268197740293e+09 finishLoadTime:1.7730268199203126e+09 firstPaintAfterLoadTime:0 firstPaintTime:1.773026819366721e+09 navigationType:Other npnNegotiatedProtocol:h2 requestTime:1.773026818084064e+09 startLoadTime:1.7730268182884624e+09 wasAlternateProtocolAvailable:false wasFetchedViaSpdy:true wasNpnNegotiated:true] connection:map[downlink:9.345661990277584 effectiveType:4g rtt:79.22618604631792] cookieEnabled:true deviceMemory:4 gpu_present:false hardwareConcurrency:3 intl_locale:en-US intl_timezone:America/Los_Angeles keyboard:map[] language:en-US languages:[en-US en] locks:map[] maxTouchPoints:0 media_devices:[map[deviceId:39cfd0b9e3dc163f6e991b860685226e7e06e79b48411bf5e202e593b7a2e0aa groupId:6079534c057142e313bb5d708069c966fbc97328669f025ff5e6ec0f5a10b959 kind:audioinput label:Internal Microphone] map[deviceId:default groupId:6079534c057142e313bb5d708069c966fbc97328669f025ff5e6ec0f5a10b959 kind:audiooutput label:Default - Speakers] map[deviceId:aa7fbe6e07ea756ce0f19c96d894c3f14f60cb02946aa1496038c2a269082c65 groupId:6079534c057142e313bb5d708069c966fbc97328669f025ff5e6ec0f5a10b959 kind:audiooutput label:Built-in Output] map[deviceId:1a004a9c4c823b163ff12cfca8745d8bda7b2f1884173ab2d9ad78d9a20e7036 groupId:4a3ddb344d1c3fe0dbc5bd49dcc6a7e1f92edddff9ef46b1836a27e28a9119c4 kind:videoinput label:FaceTime HD Camera]] media_query_any_hover:none media_query_any_pointer:none media_query_hover:none media_query_pointer:none offscreen_canvas_available:true pdfViewerEnabled:true performance_memory:map[jsHeapSizeLimit:2.172641051e+09 totalJSHeapSize:7.2508746e+07 usedJSHeapSize:2.2599727e+07] permissions_notifications_state:denied platform:MacIntel productSub:20030107 scheduling:map[isInputPending:false] screen_color_depth:30 screen_inner_height:2683 screen_inner_width:4739 screen_orientation:landscape-primary screen_outer_height:2743 screen_outer_width:4755 storage_persisted:false storage_quota:3.26002064794e+11 storage_usage:1.7825792e+07 timezone:America/Los_Angeles userActivation:map[hasBeenActive:false isActive:false] userAgent:Mozilla/5.0 (Macintosh; Intel Mac OS X 10_15_7) AppleWebKit/537.36 (KHTML, like Gecko) Chrome/134.0.0.0 Safari/537.36 userAgentData:map[brands:[map[brand:Chromium version:116] map[brand:Not)A;Brand version:24] map[brand:Google Chrome version:116]] mobile:false platform:macos uaFullVersion:116.0.0.0] vendor:Google Inc. webdriver:false webdriverString:function () { [native code] } webrtc_data:map[ice_candidates:[]]]
2026/03/09 13:57:00 NAV_DATA JSON: map[Notification_permission:default appVersion:5.0 (Macintosh; Intel Mac OS X 10_15_7) AppleWebKit/537.36 (KHTML, like Gecko) Chrome/134.0.0.0 Safari/537.36 audio_worklet_available:true battery_status:map[charging:true chargingTime:1276 dischargingTime:1e+308 level:0.2930856369302569] chrome:map[] chrome_app:map[InstallState:map[DISABLED:disabled INSTALLED:installed NOT_INSTALLED:not_installed] RunningState:map[CANNOT_RUN:cannot_run READY_TO_RUN:ready_to_run RUNNING:running] isInstalled:false] chrome_csi:map[onloadT:2804 pageT:2455 startE:1.773026818267e+12 tran:15] chrome_loadTimes:map[commitLoadTime:1.7730268192263033e+09 connectionInfo:h2 finishDocumentLoadTime:1.773026819613139e+09 finishLoadTime:1.773026819794164e+09 firstPaintAfterLoadTime:0 firstPaintTime:1.7730268193862875e+09 navigationType:Other npnNegotiatedProtocol:h2 requestTime:1.773026818267221e+09 startLoadTime:1.7730268185644872e+09 wasAlternateProtocolAvailable:false wasFetchedViaSpdy:true wasNpnNegotiated:true] connection:map[downlink:2.9707545824881763 effectiveType:4g rtt:141.17542298205623] cookieEnabled:true deviceMemory:4 gpu_present:true hardwareConcurrency:8 intl_locale:en-US intl_timezone:America/Los_Angeles keyboard:map[] language:en-US languages:[en-US en] locks:map[] maxTouchPoints:0 media_devices:[] media_query_any_hover:hover media_query_any_pointer:fine media_query_hover:hover media_query_pointer:fine offscreen_canvas_available:true pdfViewerEnabled:true performance_memory:map[jsHeapSizeLimit:2.172641408e+09 totalJSHeapSize:7.8050341e+07 usedJSHeapSize:2.5527569e+07] permissions_notifications_state:default platform:MacIntel productSub:20030107 scheduling:map[isInputPending:false] screen_color_depth:24 screen_inner_height:1853 screen_inner_width:3061 screen_orientation:landscape-primary screen_outer_height:1924 screen_outer_width:3078 storage_persisted:false storage_quota:1.00794058673e+11 storage_usage:5.5574528e+07 timezone:America/Los_Angeles userActivation:map[hasBeenActive:false isActive:false] userAgent:Mozilla/5.0 (Macintosh; Intel Mac OS X 10_15_7) AppleWebKit/537.36 (KHTML, like Gecko) Chrome/134.0.0.0 Safari/537.36 userAgentData:map[brands:[map[brand:Chromium version:116] map[brand:Not)A;Brand version:24] map[brand:Google Chrome version:116]] mobile:false platform:macos uaFullVersion:116.0.0.0] vendor:Google Inc. webdriver:false webdriverString:function () { [native code] } webrtc_data:map[ice_candidates:[candidate:0 1 UDP 2122252543 0f24adcd-690c-9bf5-ba57-19ddcd526108.local 58349 typ host candidate:1 1 UDP 2122252542 192.168.1.206 58350 typ host]]]
2026/03/09 13:57:00 NAV_DATA JSON: map[Notification_permission:default appVersion:5.0 (Macintosh; Intel Mac OS X 10_15_7) AppleWebKit/537.36 (KHTML, like Gecko) Chrome/134.0.0.0 Safari/537.36 audio_worklet_available:true battery_status:map[charging:true chargingTime:1673 dischargingTime:1e+308 level:0.6886667477283633] chrome:map[] chrome_app:map[InstallState:map[DISABLED:disabled INSTALLED:installed NOT_INSTALLED:not_installed] RunningState:map[CANNOT_RUN:cannot_run READY_TO_RUN:ready_to_run RUNNING:running] isInstalled:false] chrome_csi:map[onloadT:2747 pageT:2212 startE:1.773026818513e+12 tran:15] chrome_loadTimes:map[commitLoadTime:1.7730268193285372e+09 connectionInfo:h2 finishDocumentLoadTime:1.7730268198438396e+09 finishLoadTime:1.773026820091945e+09 firstPaintAfterLoadTime:0 firstPaintTime:1.7730268195334692e+09 navigationType:Other npnNegotiatedProtocol:h2 requestTime:1.7730268185137968e+09 startLoadTime:1.773026818765074e+09 wasAlternateProtocolAvailable:false wasFetchedViaSpdy:true wasNpnNegotiated:true] connection:map[downlink:9.082738956159194 effectiveType:4g rtt:77.56095487909161] cookieEnabled:true deviceMemory:4 gpu_present:true hardwareConcurrency:4 intl_locale:en-US intl_timezone:America/Los_Angeles keyboard:map[] language:en-US languages:[en-US en] locks:map[] maxTouchPoints:0 media_devices:[] media_query_any_hover:hover media_query_any_pointer:fine media_query_hover:hover media_query_pointer:fine offscreen_canvas_available:true pdfViewerEnabled:true performance_memory:map[jsHeapSizeLimit:2.172641002e+09 totalJSHeapSize:7.4516806e+07 usedJSHeapSize:5.2368792e+07] permissions_notifications_state:default platform:MacIntel productSub:20030107 scheduling:map[isInputPending:false] screen_color_depth:30 screen_inner_height:1266 screen_inner_width:2875 screen_orientation:landscape-primary screen_outer_height:1334 screen_outer_width:2891 storage_persisted:false storage_quota:1.17916457726e+11 storage_usage:1.2582912e+08 timezone:America/Los_Angeles userActivation:map[hasBeenActive:false isActive:false] userAgent:Mozilla/5.0 (Macintosh; Intel Mac OS X 10_15_7) AppleWebKit/537.36 (KHTML, like Gecko) Chrome/134.0.0.0 Safari/537.36 userAgentData:map[brands:[map[brand:Chromium version:116] map[brand:Not)A;Brand version:24] map[brand:Google Chrome version:116]] mobile:false platform:macos uaFullVersion:116.0.0.0] vendor:Google Inc. webdriver:false webdriverString:function () { [native code] } webrtc_data:map[ice_candidates:[candidate:0 1 UDP 2122252543 76d726d4-7647-7f03-6b95-f1619e02632d.local 58349 typ host candidate:1 1 UDP 2122252542 192.168.1.100 58350 typ host]]]
  Chrome 134 macOS: 20/20 detected (100%)
2026/03/09 13:57:00 NAV_DATA JSON: map[Notification_permission:default appVersion:5.0 (X11; Linux x86_64) AppleWebKit/537.36 (KHTML, like Gecko) Chrome/134.0.0.0 Safari/537.36 audio_worklet_available:true battery_status:map[charging:false chargingTime:0 dischargingTime:13876 level:0.7941707175329531] chrome:map[] chrome_app:map[InstallState:map[DISABLED:disabled INSTALLED:installed NOT_INSTALLED:not_installed] RunningState:map[CANNOT_RUN:cannot_run READY_TO_RUN:ready_to_run RUNNING:running] isInstalled:false] chrome_csi:map[onloadT:3247 pageT:2866 startE:1.773026817862e+12 tran:15] chrome_loadTimes:map[commitLoadTime:1.7730268185149646e+09 connectionInfo:h2 finishDocumentLoadTime:1.7730268192835548e+09 finishLoadTime:1.7730268195703921e+09 firstPaintAfterLoadTime:0 firstPaintTime:1.7730268188848162e+09 navigationType:Other npnNegotiatedProtocol:h2 requestTime:1.7730268178629062e+09 startLoadTime:1.7730268181359735e+09 wasAlternateProtocolAvailable:false wasFetchedViaSpdy:true wasNpnNegotiated:true] connection:map[downlink:4.724099659812449 effectiveType:4g rtt:122.77169328241263] cookieEnabled:true deviceMemory:16 gpu_present:true hardwareConcurrency:8 intl_locale:en-US intl_timezone:America/Chicago keyboard:map[] language:en-US languages:[en-US en] locks:map[] maxTouchPoints:0 media_devices:[map[deviceId:f89538592681cc6383c7bdcabfd174e8b22b759b4028bd8cfac1e57192a2e97b groupId:625bbc357ed31c10f12c7d4434cf2b775ea836d0137a633f0351ed8e5919c72e kind:audioinput label:Internal Microphone] map[deviceId:default groupId:625bbc357ed31c10f12c7d4434cf2b775ea836d0137a633f0351ed8e5919c72e kind:audiooutput label:Default - Speakers] map[deviceId:d72de3cb05f9b656698586783421d6345540f55483f3d5c218cba864d04d1283 groupId:625bbc357ed31c10f12c7d4434cf2b775ea836d0137a633f0351ed8e5919c72e kind:audiooutput label:Built-in Output] map[deviceId:38fd662954c27a44165068e3686e03b33b14765453fae8db45ba51d924f7fca2 groupId:71939467c773b51e535fc100458efb5c42d2b7edbcd9e4d749d3e1c7292f1dfe kind:videoinput label:FaceTime HD Camera]] media_query_any_hover:hover media_query_any_pointer:fine media_query_hover:hover media_query_pointer:fine offscreen_canvas_available:true pdfViewerEnabled:true performance_memory:map[jsHeapSizeLimit:4.294705298e+09 totalJSHeapSize:7.4463298e+07 usedJSHeapSize:4.7257031e+07] permissions_notifications_state:default platform:Linux x86_64 productSub:20030107 scheduling:map[isInputPending:false] screen_color_depth:32 screen_inner_height:1092 screen_inner_width:2456 screen_orientation:landscape-primary screen_outer_height:1167 screen_outer_width:2471 storage_persisted:false storage_quota:4.80960943907e+11 storage_usage:1.98180864e+08 timezone:America/Chicago userActivation:map[hasBeenActive:false isActive:false] userAgent:Mozilla/5.0 (X11; Linux x86_64) AppleWebKit/537.36 (KHTML, like Gecko) Chrome/134.0.0.0 Safari/537.36 userAgentData:map[brands:[map[brand:Chromium version:116] map[brand:Not)A;Brand version:24] map[brand:Google Chrome version:116]] mobile:false platform:linux uaFullVersion:116.0.0.0] vendor:Google Inc. webdriver:false webdriverString:function () { [native code] }]
  Caught: audio_zero_base_latency
  Caught: improbable_device_memory: 16.0 (expected <= 8)
  Caught: missing_connection_saveData
  Caught: non_quantized_rtt: 123ms (not multiple of 25)
  Caught: non_quantized_network_rtt: 123ms
  Caught: non_quantized_network_downlink: 4.7241Mbps
  Caught: non_standard_media_device_id_format
  Caught: missing_webrtc
  Caught: canvas_idat_high_entropy
  Caught: canvas_spatial_inconsistency
  Caught: missing_webgl_viewport_dims
  Caught: insufficient_webgl_extensions
  Caught: missing_webgl_draft_extensions
  Caught: non_quantized_dpr
  Caught: suspicious_taskbar_gap
  Caught: audio_base_latency_out_of_range
2026/03/09 13:57:00 NAV_DATA JSON: map[Notification_permission:default appVersion:5.0 (X11; Linux x86_64) AppleWebKit/537.36 (KHTML, like Gecko) Chrome/134.0.0.0 Safari/537.36 audio_worklet_available:true battery_status:map[charging:true chargingTime:0 dischargingTime:1e+308 level:1] chrome:map[] chrome_app:map[InstallState:map[DISABLED:disabled INSTALLED:installed NOT_INSTALLED:not_installed] RunningState:map[CANNOT_RUN:cannot_run READY_TO_RUN:ready_to_run RUNNING:running] isInstalled:false] chrome_csi:map[onloadT:3115 pageT:2655 startE:1.773026818074e+12 tran:15] chrome_loadTimes:map[commitLoadTime:1.7730268190867348e+09 connectionInfo:h2 finishDocumentLoadTime:1.7730268196885285e+09 finishLoadTime:1.77302681998372e+09 firstPaintAfterLoadTime:0 firstPaintTime:1.773026819419139e+09 navigationType:Other npnNegotiatedProtocol:h2 requestTime:1.7730268180741622e+09 startLoadTime:1.7730268183290422e+09 wasAlternateProtocolAvailable:false wasFetchedViaSpdy:true wasNpnNegotiated:true] connection:map[downlink:1.9360530798155573 effectiveType:4g rtt:38.79657111378424] cookieEnabled:true deviceMemory:16 gpu_present:true hardwareConcurrency:15 intl_locale:en-US intl_timezone:America/Chicago keyboard:map[] language:en-US languages:[en-US en] locks:map[] maxTouchPoints:0 media_devices:[map[deviceId:00754476c3e61759fc6ffd2f5c9e66b6a3fbcb20b25034777dff9529eaabf5fb groupId:399c9561ed1f9e421828fa87cd08213ec786ccec3e832b430af6ee94b11dae1f kind:audioinput label:Internal Microphone] map[deviceId:default groupId:399c9561ed1f9e421828fa87cd08213ec786ccec3e832b430af6ee94b11dae1f kind:audiooutput label:Default - Speakers] map[deviceId:6ea5c4bba298409f5b81a7b8aca6a96cd4fc04de452fcc5c58dd36ad0bb65550 groupId:399c9561ed1f9e421828fa87cd08213ec786ccec3e832b430af6ee94b11dae1f kind:audiooutput label:Built-in Output]] media_query_any_hover:none media_query_any_pointer:coarse media_query_hover:none media_query_pointer:coarse offscreen_canvas_available:true pdfViewerEnabled:true performance_memory:map[jsHeapSizeLimit:4.294704648e+09 totalJSHeapSize:3.4320635e+07 usedJSHeapSize:1.898826e+07] permissions_notifications_state:denied platform:Linux x86_64 productSub:20030107 scheduling:map[isInputPending:false] screen_color_depth:24 screen_inner_height:2427 screen_inner_width:4896 screen_orientation:landscape-primary screen_outer_height:2516 screen_outer_width:4911 storage_persisted:false storage_quota:0 storage_usage:4.23624704e+08 timezone:America/Chicago userActivation:map[hasBeenActive:false isActive:false] userAgent:Mozilla/5.0 (X11; Linux x86_64) AppleWebKit/537.36 (KHTML, like Gecko) Chrome/134.0.0.0 Safari/537.36 userAgentData:map[brands:[map[brand:Chromium version:116] map[brand:Not)A;Brand version:24] map[brand:Google Chrome version:116]] mobile:false platform:linux uaFullVersion:116.0.0.0] vendor:Google Inc. webdriver:false webdriverString:function () { [native code] }]
2026/03/09 13:57:00 NAV_DATA JSON: map[Notification_permission:default appVersion:5.0 (X11; Linux x86_64) AppleWebKit/537.36 (KHTML, like Gecko) Chrome/134.0.0.0 Safari/537.36 audio_worklet_available:true battery_status:map[charging:true chargingTime:0 dischargingTime:1e+308 level:1] chrome:map[] chrome_app:map[InstallState:map[DISABLED:disabled INSTALLED:installed NOT_INSTALLED:not_installed] RunningState:map[CANNOT_RUN:cannot_run READY_TO_RUN:ready_to_run RUNNING:running] isInstalled:false] chrome_csi:map[onloadT:2946 pageT:2698 startE:1.773026818033e+12 tran:15] chrome_loadTimes:map[commitLoadTime:1.7730268188569016e+09 connectionInfo:h2 finishDocumentLoadTime:1.7730268194393194e+09 finishLoadTime:1.7730268195944574e+09 firstPaintAfterLoadTime:0 firstPaintTime:1.7730268191382654e+09 navigationType:Other npnNegotiatedProtocol:h2 requestTime:1.7730268180333807e+09 startLoadTime:1.7730268183117316e+09 wasAlternateProtocolAvailable:false wasFetchedViaSpdy:true wasNpnNegotiated:true] connection:map[downlink:2.7139505524933076 effectiveType:4g rtt:106.61202665054687] cookieEnabled:true deviceMemory:4 gpu_present:false hardwareConcurrency:15 intl_locale:en-US intl_timezone:America/Chicago keyboard:map[] language:en-US languages:[en-US en] locks:map[] maxTouchPoints:0 media_devices:[] media_query_any_hover:hover media_query_any_pointer:fine media_query_hover:hover media_query_pointer:fine offscreen_canvas_available:true pdfViewerEnabled:true performance_memory:map[jsHeapSizeLimit:2.172641357e+09 totalJSHeapSize:6.2369832e+07 usedJSHeapSize:3.831125e+07] permissions_notifications_state:default platform:Linux x86_64 productSub:20030107 scheduling:map[isInputPending:false] screen_color_depth:32 screen_inner_height:2248 screen_inner_width:4570 screen_orientation:landscape-primary screen_outer_height:2311 screen_outer_width:4585 storage_persisted:false storage_quota:8.1853433488e+10 storage_usage:9.0177536e+07 timezone:America/Chicago userActivation:map[hasBeenActive:false isActive:false] userAgent:Mozilla/5.0 (X11; Linux x86_64) AppleWebKit/537.36 (KHTML, like Gecko) Chrome/134.0.0.0 Safari/537.36 userAgentData:map[brands:[map[brand:Chromium version:116] map[brand:Not)A;Brand version:24] map[brand:Google Chrome version:116]] mobile:false platform:linux uaFullVersion:116.0.0.0] vendor:Google Inc. webdriver:false webdriverString:function () { [native code] } webrtc_data:map[ice_candidates:[candidate:0 1 UDP 2122252543 d5ca3488-9144-aff7-f295-f29d2ac41029.local 58349 typ host]]]
2026/03/09 13:57:00 NAV_DATA JSON: map[Notification_permission:default appVersion:5.0 (X11; Linux x86_64) AppleWebKit/537.36 (KHTML, like Gecko) Chrome/134.0.0.0 Safari/537.36 audio_worklet_available:true battery_status:map[charging:false chargingTime:0 dischargingTime:15681 level:0.4570401257660577] chrome:map[] chrome_app:map[InstallState:map[DISABLED:disabled INSTALLED:installed NOT_INSTALLED:not_installed] RunningState:map[CANNOT_RUN:cannot_run READY_TO_RUN:ready_to_run RUNNING:running] isInstalled:false] chrome_csi:map[onloadT:3565 pageT:2907 startE:1.773026817827e+12 tran:15] chrome_loadTimes:map[commitLoadTime:1.773026818337004e+09 connectionInfo:h2 finishDocumentLoadTime:1.7730268189418695e+09 finishLoadTime:1.7730268190910358e+09 firstPaintAfterLoadTime:0 firstPaintTime:1.7730268184580503e+09 navigationType:Other npnNegotiatedProtocol:h2 requestTime:1.773026817827094e+09 startLoadTime:1.7730268179880102e+09 wasAlternateProtocolAvailable:false wasFetchedViaSpdy:true wasNpnNegotiated:true] connection:map[downlink:7.74004109609662 effectiveType:4g rtt:180.09215302660505] cookieEnabled:true deviceMemory:32 gpu_present:true hardwareConcurrency:8 intl_locale:en-US intl_timezone:America/Chicago keyboard:map[] language:en-US languages:[en-US en] locks:map[] maxTouchPoints:0 media_devices:[map[deviceId:cf6e376f847171bb23398079e19c18985cf9d1292554b7b5447be9096aecfc73 groupId:3848566ece6c393cbb0f8adfed416a4b47c6c0ebbb4eb06e8c11e1745b39c5ac kind:audioinput label:Internal Microphone] map[deviceId:default groupId:3848566ece6c393cbb0f8adfed416a4b47c6c0ebbb4eb06e8c11e1745b39c5ac kind:audiooutput label:Default - Speakers] map[deviceId:4f391297140ee730d2c42f85103eb701387ac89fcf376fc7c5b9b47cfc9b45f6 groupId:3848566ece6c393cbb0f8adfed416a4b47c6c0ebbb4eb06e8c11e1745b39c5ac kind:audiooutput label:Built-in Output] map[deviceId:420b16b38ae9b9f798583a2d97f0fa754b4285231a636722e6e5daaca174cc83 groupId:ae06ecd01e398f210927b121749c034c42259d5d742814d74d515207b550a9fb kind:videoinput label:FaceTime HD Camera]] media_query_any_hover:hover media_query_any_pointer:fine media_query_hover:hover media_query_pointer:fine offscreen_canvas_available:true pdfViewerEnabled:true performance_memory:map[jsHeapSizeLimit:4.294704996e+09 totalJSHeapSize:7.3273146e+07 usedJSHeapSize:5.2955312e+07] permissions_notifications_state:default platform:Linux x86_64 productSub:20030107 scheduling:map[isInputPending:false] screen_color_depth:32 screen_inner_height:1475 screen_inner_width:3139 screen_orientation:landscape-primary screen_outer_height:1544 screen_outer_width:3154 storage_persisted:false storage_quota:3.82654639982e+11 storage_usage:1.4680064e+08 timezone:America/Chicago userActivation:map[hasBeenActive:false isActive:false] userAgent:Mozilla/5.0 (X11; Linux x86_64) AppleWebKit/537.36 (KHTML, like Gecko) Chrome/134.0.0.0 Safari/537.36 userAgentData:map[brands:[map[brand:Chromium version:116] map[brand:Not)A;Brand version:24] map[brand:Google Chrome version:116]] mobile:false platform:linux uaFullVersion:116.0.0.0] vendor:Google Inc. webdriver:false webdriverString:function () { [native code] } webrtc_data:map[ice_candidates:[candidate:0 1 UDP 2122252543 ec69b49e-4ef0-dc45-b5e8-2330d1e6c813.local 58349 typ host]]]
2026/03/09 13:57:00 NAV_DATA JSON: map[Notification_permission:default appVersion:5.0 (X11; Linux x86_64) AppleWebKit/537.36 (KHTML, like Gecko) Chrome/134.0.0.0 Safari/537.36 audio_worklet_available:true battery_status:map[charging:true chargingTime:206 dischargingTime:1e+308 level:0.7989142779294307] chrome:map[] chrome_app:map[InstallState:map[DISABLED:disabled INSTALLED:installed NOT_INSTALLED:not_installed] RunningState:map[CANNOT_RUN:cannot_run READY_TO_RUN:ready_to_run RUNNING:running] isInstalled:false] chrome_csi:map[onloadT:2946 pageT:2641 startE:1.773026818096e+12 tran:15] chrome_loadTimes:map[commitLoadTime:1.7730268191425354e+09 connectionInfo:h2 finishDocumentLoadTime:1.7730268198138983e+09 finishLoadTime:1.773026820094096e+09 firstPaintAfterLoadTime:0 firstPaintTime:1.7730268193320289e+09 navigationType:Other npnNegotiatedProtocol:h2 requestTime:1.7730268180967383e+09 startLoadTime:1.773026818390257e+09 wasAlternateProtocolAvailable:false wasFetchedViaSpdy:true wasNpnNegotiated:true] connection:map[downlink:8.531146192877886 effectiveType:4g rtt:66.84312292535583] cookieEnabled:true deviceMemory:16 gpu_present:true hardwareConcurrency:8 intl_locale:en-US intl_timezone:America/Chicago keyboard:map[] language:en-US languages:[en-US en] locks:map[] maxTouchPoints:0 media_devices:[] media_query_any_hover:hover media_query_any_pointer:fine media_query_hover:hover media_query_pointer:fine offscreen_canvas_available:true pdfViewerEnabled:true performance_memory:map[jsHeapSizeLimit:4.294705571e+09 totalJSHeapSize:5.446309e+07 usedJSHeapSize:3.3517919e+07] permissions_notifications_state:default platform:Linux x86_64 productSub:20030107 scheduling:map[isInputPending:false] screen_color_depth:24 screen_inner_height:867 screen_inner_width:2075 screen_orientation:landscape-primary screen_outer_height:935 screen_outer_width:2090 storage_persisted:false storage_quota:0 storage_usage:4.42499072e+08 timezone:America/Chicago userActivation:map[hasBeenActive:false isActive:false] userAgent:Mozilla/5.0 (X11; Linux x86_64) AppleWebKit/537.36 (KHTML, like Gecko) Chrome/134.0.0.0 Safari/537.36 userAgentData:map[brands:[map[brand:Chromium version:116] map[brand:Not)A;Brand version:24] map[brand:Google Chrome version:116]] mobile:false platform:linux uaFullVersion:116.0.0.0] vendor:Google Inc. webdriver:false webdriverString:function () { [native code] } webrtc_data:map[ice_candidates:[candidate:0 1 UDP 2122252543 71a32ddf-1a0e-9cd2-bd43-448d60aa1b68.local 58349 typ host]]]
2026/03/09 13:57:00 NAV_DATA JSON: map[Notification_permission:default appVersion:5.0 (X11; Linux x86_64) AppleWebKit/537.36 (KHTML, like Gecko) Chrome/134.0.0.0 Safari/537.36 audio_worklet_available:true battery_status:map[charging:false chargingTime:0 dischargingTime:15805 level:0.39352776028954806] chrome:map[] chrome_app:map[InstallState:map[DISABLED:disabled INSTALLED:installed NOT_INSTALLED:not_installed] RunningState:map[CANNOT_RUN:cannot_run READY_TO_RUN:ready_to_run RUNNING:running] isInstalled:false] chrome_csi:map[onloadT:3525 pageT:2962 startE:1.773026817777e+12 tran:15] chrome_loadTimes:map[commitLoadTime:1.7730268186668677e+09 connectionInfo:h2 finishDocumentLoadTime:1.7730268193431065e+09 finishLoadTime:1.77302681948045e+09 firstPaintAfterLoadTime:0 firstPaintTime:1.7730268189352322e+09 navigationType:Other npnNegotiatedProtocol:h2 requestTime:1.7730268177774463e+09 startLoadTime:1.773026818060493e+09 wasAlternateProtocolAvailable:false wasFetchedViaSpdy:true wasNpnNegotiated:true] connection:map[downlink:4.631718875141455 effectiveType:4g rtt:110.47107359216965] cookieEnabled:true deviceMemory:4 gpu_present:true hardwareConcurrency:4 intl_locale:en-US intl_timezone:America/Chicago keyboard:map[] language:en-US languages:[en-US en] locks:map[] maxTouchPoints:0 media_devices:[map[deviceId:bc944910782ab06acf58eb6d0a03afbe637cf6aed2759c32c5c77be8d9e46304 groupId:88541e4c4fa4aab4a088d6349ddb21174430ecdf52f1794dd50f0755f64310ce kind:audioinput label:Internal Microphone] map[deviceId:default groupId:88541e4c4fa4aab4a088d6349ddb21174430ecdf52f1794dd50f0755f64310ce kind:audiooutput label:Default - Speakers] map[deviceId:89e8ee8d2b94ee729ac54353b7a60c952c70e49ffb8eeba31c07f10727ffcbfa groupId:88541e4c4fa4aab4a088d6349ddb21174430ecdf52f1794dd50f0755f64310ce kind:audiooutput label:Built-in Output] map[deviceId:493397b9bd88214c0408f8a6063d4584e6c2df89a234ca63cf72315605a2ad24 groupId:555f00b0019750cbc16b50e3b006b41aa161a62c0b83886f136bd7ada8e68898 kind:videoinput label:FaceTime HD Camera]] media_query_any_hover:hover media_query_any_pointer:fine media_query_hover:hover media_query_pointer:fine offscreen_canvas_available:true pdfViewerEnabled:true performance_memory:map[jsHeapSizeLimit:2.172641172e+09 totalJSHeapSize:7.5938141e+07 usedJSHeapSize:2.7012829e+07] permissions_notifications_state:denied platform:Linux x86_64 productSub:20030107 scheduling:map[isInputPending:false] screen_color_depth:24 screen_inner_height:1431 screen_inner_width:2651 screen_orientation:landscape-primary screen_outer_height:1499 screen_outer_width:2666 storage_persisted:false storage_quota:2.48430029649e+11 storage_usage:2.0447232e+08 timezone:America/Chicago userActivation:map[hasBeenActive:false isActive:false] userAgent:Mozilla/5.0 (X11; Linux x86_64) AppleWebKit/537.36 (KHTML, like Gecko) Chrome/134.0.0.0 Safari/537.36 userAgentData:map[brands:[map[brand:Chromium version:116] map[brand:Not)A;Brand version:24] map[brand:Google Chrome version:116]] mobile:false platform:linux uaFullVersion:116.0.0.0] vendor:Google Inc. webdriver:false webdriverString:function () { [native code] } webrtc_data:map[ice_candidates:[candidate:0 1 UDP 2122252543 8cb3f1d8-914d-dd3e-d3e2-45f3dcc1bb05.local 58349 typ host candidate:1 1 UDP 2122252542 192.168.1.139 58350 typ host]]]
2026/03/09 13:57:00 NAV_DATA JSON: map[Notification_permission:default appVersion:5.0 (X11; Linux x86_64) AppleWebKit/537.36 (KHTML, like Gecko) Chrome/134.0.0.0 Safari/537.36 audio_worklet_available:true battery_status:map[charging:true chargingTime:0 dischargingTime:1e+308 level:1] chrome:map[] chrome_app:map[InstallState:map[DISABLED:disabled INSTALLED:installed NOT_INSTALLED:not_installed] RunningState:map[CANNOT_RUN:cannot_run READY_TO_RUN:ready_to_run RUNNING:running] isInstalled:false] chrome_csi:map[onloadT:3047 pageT:2653 startE:1.773026818089e+12 tran:15] chrome_loadTimes:map[commitLoadTime:1.7730268190691645e+09 connectionInfo:h2 finishDocumentLoadTime:1.7730268197674708e+09 finishLoadTime:1.7730268200353076e+09 firstPaintAfterLoadTime:0 firstPaintTime:1.7730268193433642e+09 navigationType:Other npnNegotiatedProtocol:h2 requestTime:1.7730268180891702e+09 startLoadTime:1.7730268184869206e+09 wasAlternateProtocolAvailable:false wasFetchedViaSpdy:true wasNpnNegotiated:true] connection:map[downlink:8.826040915697535 effectiveType:4g rtt:48.80420817550299] cookieEnabled:true deviceMemory:4 gpu_present:true hardwareConcurrency:4 intl_locale:en-US intl_timezone:America/Chicago keyboard:map[] language:en-US languages:[en-US en] locks:map[] maxTouchPoints:0 media_devices:[map[deviceId:ccb971a170caf70a722b283067f0fc69b5e22c20a6b4dd5f2fe91c390c9d75e1 groupId:0c5d728d1882a7e4861327879384ea07d4fbecf886424b480fb8f71a7fb39f4b kind:audioinput label:Internal Microphone] map[deviceId:default groupId:0c5d728d1882a7e4861327879384ea07d4fbecf886424b480fb8f71a7fb39f4b kind:audiooutput label:Default - Speakers] map[deviceId:c79bcb3ac1d75d9ca4fb31646e7d156545d4918f9efdeef41826e861387350fd groupId:0c5d728d1882a7e4861327879384ea07d4fbecf886424b480fb8f71a7fb39f4b kind:audiooutput label:Built-in Output] map[deviceId:d09f6fe114debd416cc85e7ae9425e945291c68c7cf7f0fef090cf97e0e6a061 groupId:9f244cd21ccd1dc7b2dd5d3228bca6bb1e1b877456ddc226b7dd0754fef43e5a kind:videoinput label:FaceTime HD Camera]] media_query_any_hover:none media_query_any_pointer:fine media_query_hover:none media_query_pointer:fine offscreen_canvas_available:true pdfViewerEnabled:true performance_memory:map[jsHeapSizeLimit:2.172641517e+09 totalJSHeapSize:5.912732e+07 usedJSHeapSize:2.5023365e+07] permissions_notifications_state:default platform:Linux x86_64 productSub:20030107 scheduling:map[isInputPending:false] screen_color_depth:32 screen_inner_height:1862 screen_inner_width:3438 screen_orientation:landscape-primary screen_outer_height:1942 screen_outer_width:3453 storage_persisted:false storage_quota:1.2220899714e+11 storage_usage:4.37256192e+08 timezone:America/Chicago userActivation:map[hasBeenActive:false isActive:false] userAgent:Mozilla/5.0 (X11; Linux x86_64) AppleWebKit/537.36 (KHTML, like Gecko) Chrome/134.0.0.0 Safari/537.36 userAgentData:map[brands:[map[brand:Chromium version:116] map[brand:Not)A;Brand version:24] map[brand:Google Chrome version:116]] mobile:false platform:linux uaFullVersion:116.0.0.0] vendor:Google Inc. webdriver:false webdriverString:function () { [native code] } webrtc_data:map[ice_candidates:[candidate:0 1 UDP 2122252543 757e2d3a-417f-077f-2b43-7c88951dd308.local 58349 typ host]]]
2026/03/09 13:57:00 NAV_DATA JSON: map[Notification_permission:default appVersion:5.0 (X11; Linux x86_64) AppleWebKit/537.36 (KHTML, like Gecko) Chrome/134.0.0.0 Safari/537.36 audio_worklet_available:true battery_status:map[charging:false chargingTime:0 dischargingTime:10862 level:0.45642426332749914] chrome:map[] chrome_app:map[InstallState:map[DISABLED:disabled INSTALLED:installed NOT_INSTALLED:not_installed] RunningState:map[CANNOT_RUN:cannot_run READY_TO_RUN:ready_to_run RUNNING:running] isInstalled:false] chrome_csi:map[onloadT:2589 pageT:2134 startE:1.773026818612e+12 tran:15] chrome_loadTimes:map[commitLoadTime:1.7730268193525233e+09 connectionInfo:h2 finishDocumentLoadTime:1.7730268199621873e+09 finishLoadTime:1.773026820078358e+09 firstPaintAfterLoadTime:0 firstPaintTime:1.7730268195793018e+09 navigationType:Other npnNegotiatedProtocol:h2 requestTime:1.773026818612306e+09 startLoadTime:1.7730268187255278e+09 wasAlternateProtocolAvailable:false wasFetchedViaSpdy:true wasNpnNegotiated:true] connection:map[downlink:9.093725426058821 effectiveType:4g rtt:188.2847525965306] cookieEnabled:true deviceMemory:32 gpu_present:true hardwareConcurrency:12 intl_locale:en-US intl_timezone:America/Chicago keyboard:map[] language:en-US languages:[en-US en] locks:map[] maxTouchPoints:0 media_devices:[map[deviceId:b16577fe216259e1ca318e6b65a03e732abadcaa578d4e288e91d8378d951d97 groupId:e4ba694d11a2eab3c7626e408ab75a3e6ae5c88c4410c70b5c0fda88f2f2ef1b kind:audioinput label:Internal Microphone] map[deviceId:default groupId:e4ba694d11a2eab3c7626e408ab75a3e6ae5c88c4410c70b5c0fda88f2f2ef1b kind:audiooutput label:Default - Speakers] map[deviceId:c892ef634445d739debdeb2136a61e79937bea952a5361c18983c218fea92399 groupId:e4ba694d11a2eab3c7626e408ab75a3e6ae5c88c4410c70b5c0fda88f2f2ef1b kind:audiooutput label:Built-in Output]] media_query_any_hover:none media_query_any_pointer:fine media_query_hover:none media_query_pointer:fine offscreen_canvas_available:true pdfViewerEnabled:true performance_memory:map[jsHeapSizeLimit:4.294704738e+09 totalJSHeapSize:5.7828439e+07 usedJSHeapSize:4.1156004e+07] permissions_notifications_state:default platform:Linux x86_64 productSub:20030107 scheduling:map[isInputPending:false] screen_color_depth:32 screen_inner_height:1079 screen_inner_width:2010 screen_orientation:landscape-primary screen_outer_height:1139 screen_outer_width:2025 storage_persisted:false storage_quota:1.61489284076e+11 storage_usage:5.04365056e+08 timezone:America/Chicago userActivation:map[hasBeenActive:false isActive:false] userAgent:Mozilla/5.0 (X11; Linux x86_64) AppleWebKit/537.36 (KHTML, like Gecko) Chrome/134.0.0.0 Safari/537.36 userAgentData:map[brands:[map[brand:Chromium version:116] map[brand:Not)A;Brand version:24] map[brand:Google Chrome version:116]] mobile:false platform:linux uaFullVersion:116.0.0.0] vendor:Google Inc. webdriver:false webdriverString:function () { [native code] } webrtc_data:map[ice_candidates:[candidate:0 1 UDP 2122252543 fa19c16f-3fb5-f3c3-e154-2670aa0aae8a.local 58349 typ host]]]
2026/03/09 13:57:00 NAV_DATA JSON: map[Notification_permission:default appVersion:5.0 (X11; Linux x86_64) AppleWebKit/537.36 (KHTML, like Gecko) Chrome/134.0.0.0 Safari/537.36 audio_worklet_available:true battery_status:map[charging:false chargingTime:0 dischargingTime:5447 level:0.24136679666587674] chrome:map[] chrome_app:map[InstallState:map[DISABLED:disabled INSTALLED:installed NOT_INSTALLED:not_installed] RunningState:map[CANNOT_RUN:cannot_run READY_TO_RUN:ready_to_run RUNNING:running] isInstalled:false] chrome_csi:map[onloadT:3151 pageT:2687 startE:1.773026818061e+12 tran:15] chrome_loadTimes:map[commitLoadTime:1.7730268187093534e+09 connectionInfo:h2 finishDocumentLoadTime:1.773026819428411e+09 finishLoadTime:1.7730268197264805e+09 firstPaintAfterLoadTime:0 firstPaintTime:1.7730268189877813e+09 navigationType:Other npnNegotiatedProtocol:h2 requestTime:1.7730268180612392e+09 startLoadTime:1.773026818224263e+09 wasAlternateProtocolAvailable:false wasFetchedViaSpdy:true wasNpnNegotiated:true] connection:map[downlink:5.109500212533569 effectiveType:4g rtt:54.66081969145116] cookieEnabled:true deviceMemory:8 gpu_present:true hardwareConcurrency:15 intl_locale:en-US intl_timezone:America/Chicago keyboard:map[] language:en-US languages:[en-US en] locks:map[] maxTouchPoints:0 media_devices:[map[deviceId:8e827ee8465a7791c2cc22969333560e8727114ccf8301c74be48964371b3016 groupId:2647c6d89e5187f2a04107f6d7d21c4c9eed888608afe243af03ba6a04e03762 kind:audioinput label:Internal Microphone] map[deviceId:default groupId:2647c6d89e5187f2a04107f6d7d21c4c9eed888608afe243af03ba6a04e03762 kind:audiooutput label:Default - Speakers] map[deviceId:e36b3983d94e3ec0193af10b3051d537963fee53858646d8edc24955269821e4 groupId:2647c6d89e5187f2a04107f6d7d21c4c9eed888608afe243af03ba6a04e03762 kind:audiooutput label:Built-in Output] map[deviceId:0a6d138c09049a92d3031933eaa328d77429d39ef50fb3c9388a6de12a555f4c groupId:486e2bbe5b5b5bcad1ee96649760d2ab0852fa387072ac223fe02ffd127bbd50 kind:videoinput label:FaceTime HD Camera]] media_query_any_hover:hover media_query_any_pointer:fine media_query_hover:hover media_query_pointer:fine offscreen_canvas_available:true pdfViewerEnabled:true performance_memory:map[jsHeapSizeLimit:4.294704974e+09 totalJSHeapSize:5.5708014e+07 usedJSHeapSize:2.253718e+07] permissions_notifications_state:default platform:Linux x86_64 productSub:20030107 scheduling:map[isInputPending:false] screen_color_depth:32 screen_inner_height:3522 screen_inner_width:6873 screen_orientation:landscape-primary screen_outer_height:3584 screen_outer_width:6888 storage_persisted:false storage_quota:3.58966425982e+11 storage_usage:3.91118848e+08 timezone:America/Chicago userActivation:map[hasBeenActive:false isActive:false] userAgent:Mozilla/5.0 (X11; Linux x86_64) AppleWebKit/537.36 (KHTML, like Gecko) Chrome/134.0.0.0 Safari/537.36 userAgentData:map[brands:[map[brand:Chromium version:116] map[brand:Not)A;Brand version:24] map[brand:Google Chrome version:116]] mobile:false platform:linux uaFullVersion:116.0.0.0] vendor:Google Inc. webdriver:false webdriverString:function () { [native code] } webrtc_data:map[ice_candidates:[candidate:0 1 UDP 2122252543 22e7504e-b185-5053-6d7b-9d1f8bf02f7c.local 58349 typ host]]]
2026/03/09 13:57:00 NAV_DATA JSON: map[Notification_permission:default appVersion:5.0 (X11; Linux x86_64) AppleWebKit/537.36 (KHTML, like Gecko) Chrome/134.0.0.0 Safari/537.36 audio_worklet_available:true battery_status:map[charging:false chargingTime:0 dischargingTime:9284 level:0.4366255693212698] chrome:map[] chrome_app:map[InstallState:map[DISABLED:disabled INSTALLED:installed NOT_INSTALLED:not_installed] RunningState:map[CANNOT_RUN:cannot_run READY_TO_RUN:ready_to_run RUNNING:running] isInstalled:false] chrome_csi:map[onloadT:3412 pageT:2833 startE:1.773026817918e+12 tran:15] chrome_loadTimes:map[commitLoadTime:1.773026818578702e+09 connectionInfo:h2 finishDocumentLoadTime:1.773026819058446e+09 finishLoadTime:1.7730268192312806e+09 firstPaintAfterLoadTime:0 firstPaintTime:1.7730268188247437e+09 navigationType:Other npnNegotiatedProtocol:h2 requestTime:1.7730268179188197e+09 startLoadTime:1.7730268181305559e+09 wasAlternateProtocolAvailable:false wasFetchedViaSpdy:true wasNpnNegotiated:true] connection:map[downlink:6.346985907077698 effectiveType:4g rtt:81.08911950018854] cookieEnabled:true deviceMemory:32 gpu_present:true hardwareConcurrency:16 intl_locale:en-US intl_timezone:America/Chicago keyboard:map[] language:en-US languages:[en-US en] locks:map[] maxTouchPoints:0 media_devices:[map[deviceId:a6d20863b0cbf304f6dcaff0c8d32b602b64561d3eb2c9a64740d23ce826dc2b groupId:60fbb3be27d271f044b33222eb99c41a2e644a634c9687a6af5e64ed0c7bb72a kind:audioinput label:Internal Microphone] map[deviceId:default groupId:60fbb3be27d271f044b33222eb99c41a2e644a634c9687a6af5e64ed0c7bb72a kind:audiooutput label:Default - Speakers] map[deviceId:2c11511f0cc6df5c9e3d257ca6b9a3e139278199cf5dd7399599a021f86469d3 groupId:60fbb3be27d271f044b33222eb99c41a2e644a634c9687a6af5e64ed0c7bb72a kind:audiooutput label:Built-in Output] map[deviceId:b3d999b6d8fbe3c815d6d96ce574356928d464558f3f92db3ce0599b0fc99fb2 groupId:4585c4f43db130a104e03accdcc1c57a3caeedaeccbc1b56fefb1cafd0452ca5 kind:videoinput label:FaceTime HD Camera]] media_query_any_hover:hover media_query_any_pointer:none media_query_hover:hover media_query_pointer:none offscreen_canvas_available:true pdfViewerEnabled:true performance_memory:map[jsHeapSizeLimit:4.294705042e+09 totalJSHeapSize:4.8422142e+07 usedJSHeapSize:2.6799359e+07] permissions_notifications_state:default platform:Linux x86_64 productSub:20030107 scheduling:map[isInputPending:false] screen_color_depth:24 screen_inner_height:1599 screen_inner_width:2977 screen_orientation:landscape-primary screen_outer_height:1683 screen_outer_width:2993 storage_persisted:false storage_quota:1.72923008798e+11 storage_usage:1.4680064e+07 timezone:America/Chicago userActivation:map[hasBeenActive:false isActive:false] userAgent:Mozilla/5.0 (X11; Linux x86_64) AppleWebKit/537.36 (KHTML, like Gecko) Chrome/134.0.0.0 Safari/537.36 userAgentData:map[brands:[map[brand:Chromium version:116] map[brand:Not)A;Brand version:24] map[brand:Google Chrome version:116]] mobile:false platform:linux uaFullVersion:116.0.0.0] vendor:Google Inc. webdriver:false webdriverString:function () { [native code] }]
2026/03/09 13:57:00 NAV_DATA JSON: map[Notification_permission:default appVersion:5.0 (X11; Linux x86_64) AppleWebKit/537.36 (KHTML, like Gecko) Chrome/134.0.0.0 Safari/537.36 audio_worklet_available:true battery_status:map[charging:false chargingTime:0 dischargingTime:2718 level:0.6690850275043523] chrome:map[] chrome_app:map[InstallState:map[DISABLED:disabled INSTALLED:installed NOT_INSTALLED:not_installed] RunningState:map[CANNOT_RUN:cannot_run READY_TO_RUN:ready_to_run RUNNING:running] isInstalled:false] chrome_csi:map[onloadT:2840 pageT:2304 startE:1.773026818449e+12 tran:15] chrome_loadTimes:map[commitLoadTime:1.7730268192312198e+09 connectionInfo:h2 finishDocumentLoadTime:1.7730268197766254e+09 finishLoadTime:1.773026820075825e+09 firstPaintAfterLoadTime:0 firstPaintTime:1.7730268194824593e+09 navigationType:Other npnNegotiatedProtocol:h2 requestTime:1.7730268184496596e+09 startLoadTime:1.7730268188134043e+09 wasAlternateProtocolAvailable:false wasFetchedViaSpdy:true wasNpnNegotiated:true] connection:map[downlink:1.6219382471988293 effectiveType:4g rtt:48.58411413242508] cookieEnabled:true deviceMemory:8 gpu_present:true hardwareConcurrency:8 intl_locale:en-US intl_timezone:America/Chicago keyboard:map[] language:en-US languages:[en-US en] locks:map[] maxTouchPoints:0 media_devices:[map[deviceId:4cffb09cc70c06e55f0597de7e7abbc6012e1de5d887922c125e27edc0513b38 groupId:b05a4e3715417aefe0164498a89aca3adbbce1f5f59c58f8d4ae3999d1c97260 kind:audioinput label:Internal Microphone] map[deviceId:default groupId:b05a4e3715417aefe0164498a89aca3adbbce1f5f59c58f8d4ae3999d1c97260 kind:audiooutput label:Default - Speakers] map[deviceId:d85ed0b3ecd2ee16748a84eca9ef885f9591f4f34c7a1a1d88646247dd18aa49 groupId:b05a4e3715417aefe0164498a89aca3adbbce1f5f59c58f8d4ae3999d1c97260 kind:audiooutput label:Built-in Output] map[deviceId:0923276f21c773a9c96eda005fd481436bcc2e4b40714ed810ad4c1696648525 groupId:63fb3cbed1bda6e8432518ebfeafb22dfef7c05632706ce2e94421ac1496adda kind:videoinput label:FaceTime HD Camera]] media_query_any_hover:none media_query_any_pointer:coarse media_query_hover:none media_query_pointer:coarse offscreen_canvas_available:true pdfViewerEnabled:true performance_memory:map[jsHeapSizeLimit:4.294705388e+09 totalJSHeapSize:6.9656758e+07 usedJSHeapSize:2.7070211e+07] permissions_notifications_state:default platform:Linux x86_64 productSub:20030107 scheduling:map[isInputPending:false] screen_color_depth:32 screen_inner_height:1564 screen_inner_width:3333 screen_orientation:landscape-primary screen_outer_height:1625 screen_outer_width:3350 storage_persisted:false storage_quota:0 storage_usage:4.97025024e+08 timezone:America/Chicago userActivation:map[hasBeenActive:false isActive:false] userAgent:Mozilla/5.0 (X11; Linux x86_64) AppleWebKit/537.36 (KHTML, like Gecko) Chrome/134.0.0.0 Safari/537.36 userAgentData:map[brands:[map[brand:Chromium version:116] map[brand:Not)A;Brand version:24] map[brand:Google Chrome version:116]] mobile:false platform:linux uaFullVersion:116.0.0.0] vendor:Google Inc. webdriver:false webdriverString:function () { [native code] }]
2026/03/09 13:57:00 NAV_DATA JSON: map[Notification_permission:default appVersion:5.0 (X11; Linux x86_64) AppleWebKit/537.36 (KHTML, like Gecko) Chrome/134.0.0.0 Safari/537.36 audio_worklet_available:true battery_status:map[charging:false chargingTime:0 dischargingTime:12410 level:0.5367492801464885] chrome:map[] chrome_app:map[InstallState:map[DISABLED:disabled INSTALLED:installed NOT_INSTALLED:not_installed] RunningState:map[CANNOT_RUN:cannot_run READY_TO_RUN:ready_to_run RUNNING:running] isInstalled:false] chrome_csi:map[onloadT:3366 pageT:2696 startE:1.77302681806e+12 tran:15] chrome_loadTimes:map[commitLoadTime:1.7730268189508286e+09 connectionInfo:h2 finishDocumentLoadTime:1.7730268196176963e+09 finishLoadTime:1.7730268198351495e+09 firstPaintAfterLoadTime:0 firstPaintTime:1.7730268193460193e+09 navigationType:Other npnNegotiatedProtocol:h2 requestTime:1.773026818060763e+09 startLoadTime:1.7730268183437846e+09 wasAlternateProtocolAvailable:false wasFetchedViaSpdy:true wasNpnNegotiated:true] connection:map[downlink:8.93715057872674 effectiveType:4g rtt:144.57906476290034] cookieEnabled:true deviceMemory:32 gpu_present:true hardwareConcurrency:12 intl_locale:en-US intl_timezone:America/Chicago keyboard:map[] language:en-US languages:[en-US en] locks:map[] maxTouchPoints:0 media_devices:[map[deviceId:7eabdd15f6b0d9f88087fe6fc966c4521ed4a9d793b9b9418f742ff096236d1f groupId:f59e1ac4c46185658b78553b452f70307d08a9d054b50d1135af3eec1556bf76 kind:audioinput label:Internal Microphone] map[deviceId:default groupId:f59e1ac4c46185658b78553b452f70307d08a9d054b50d1135af3eec1556bf76 kind:audiooutput label:Default - Speakers] map[deviceId:4f66400077fdefb1dd8c465df57aa5eeabcde6c8327cd3c3541db3fd0343d5e0 groupId:f59e1ac4c46185658b78553b452f70307d08a9d054b50d1135af3eec1556bf76 kind:audiooutput label:Built-in Output] map[deviceId:0406747dee2b98f24de1c70e3ec70945ca57c74f4ed2b3e9decbd7e6d89b8c24 groupId:43f2ce7e56eec8da70e6502f0b29fd7680db9373ca7e7f41e966571aae7158b6 kind:videoinput label:FaceTime HD Camera]] media_query_any_hover:none media_query_any_pointer:fine media_query_hover:none media_query_pointer:fine offscreen_canvas_available:true pdfViewerEnabled:true performance_memory:map[jsHeapSizeLimit:4.294705248e+09 totalJSHeapSize:4.4581293e+07 usedJSHeapSize:2.6984399e+07] permissions_notifications_state:default platform:Linux x86_64 productSub:20030107 scheduling:map[isInputPending:false] screen_color_depth:32 screen_inner_height:958 screen_inner_width:2277 screen_orientation:portrait-primary screen_outer_height:1022 screen_outer_width:2293 storage_persisted:false storage_quota:0 storage_usage:4.5088768e+07 timezone:America/Chicago userActivation:map[hasBeenActive:false isActive:false] userAgent:Mozilla/5.0 (X11; Linux x86_64) AppleWebKit/537.36 (KHTML, like Gecko) Chrome/134.0.0.0 Safari/537.36 userAgentData:map[brands:[map[brand:Chromium version:116] map[brand:Not)A;Brand version:24] map[brand:Google Chrome version:116]] mobile:false platform:linux uaFullVersion:116.0.0.0] vendor:Google Inc. webdriver:false webdriverString:function () { [native code] } webrtc_data:map[ice_candidates:[candidate:0 1 UDP 2122252543 39811625-edf0-496b-83bc-934156277b75.local 58349 typ host candidate:1 1 UDP 2122252542 192.168.1.247 58350 typ host]]]
2026/03/09 13:57:00 NAV_DATA JSON: map[Notification_permission:default appVersion:5.0 (X11; Linux x86_64) AppleWebKit/537.36 (KHTML, like Gecko) Chrome/134.0.0.0 Safari/537.36 audio_worklet_available:true battery_status:map[charging:false chargingTime:0 dischargingTime:6374 level:0.6715070463439325] chrome:map[] chrome_app:map[InstallState:map[DISABLED:disabled INSTALLED:installed NOT_INSTALLED:not_installed] RunningState:map[CANNOT_RUN:cannot_run READY_TO_RUN:ready_to_run RUNNING:running] isInstalled:false] chrome_csi:map[onloadT:2465 pageT:2000 startE:1.773026818759e+12 tran:15] chrome_loadTimes:map[commitLoadTime:1.7730268197822344e+09 connectionInfo:h2 finishDocumentLoadTime:1.7730268201494672e+09 finishLoadTime:1.7730268203040879e+09 firstPaintAfterLoadTime:0 firstPaintTime:1.7730268198982365e+09 navigationType:Other npnNegotiatedProtocol:h2 requestTime:1.7730268187591e+09 startLoadTime:1.7730268190931253e+09 wasAlternateProtocolAvailable:false wasFetchedViaSpdy:true wasNpnNegotiated:true] connection:map[downlink:2.9916943913180596 effectiveType:4g rtt:183.69050498258235] cookieEnabled:true deviceMemory:8 gpu_present:true hardwareConcurrency:8 intl_locale:en-US intl_timezone:America/Chicago keyboard:map[] language:en-US languages:[en-US en] locks:map[] maxTouchPoints:0 media_devices:[map[deviceId:beb441d201af098d09bfc55b9b3398d974e40d691a416a81e9114efc5e108573 groupId:f7147f12e51479409236f6609a6bd52b16366edc1379a8e57fc6d95bc537df03 kind:audioinput label:Internal Microphone] map[deviceId:default groupId:f7147f12e51479409236f6609a6bd52b16366edc1379a8e57fc6d95bc537df03 kind:audiooutput label:Default - Speakers] map[deviceId:3a84d0d87bddf5e462cc6713005d79f247bbbc2bb1097fab14ad2007b8645360 groupId:f7147f12e51479409236f6609a6bd52b16366edc1379a8e57fc6d95bc537df03 kind:audiooutput label:Built-in Output]] media_query_any_hover:hover media_query_any_pointer:fine media_query_hover:hover media_query_pointer:fine offscreen_canvas_available:true pdfViewerEnabled:true performance_memory:map[jsHeapSizeLimit:4.29470535e+09 totalJSHeapSize:5.76417e+07 usedJSHeapSize:4.0731733e+07] permissions_notifications_state:default platform:Linux x86_64 productSub:20030107 scheduling:map[isInputPending:false] screen_color_depth:32 screen_inner_height:761 screen_inner_width:1949 screen_orientation:landscape-primary screen_outer_height:823 screen_outer_width:1965 storage_persisted:false storage_quota:0 storage_usage:5.14850816e+08 timezone:America/Chicago userActivation:map[hasBeenActive:false isActive:false] userAgent:Mozilla/5.0 (X11; Linux x86_64) AppleWebKit/537.36 (KHTML, like Gecko) Chrome/134.0.0.0 Safari/537.36 userAgentData:map[brands:[map[brand:Chromium version:116] map[brand:Not)A;Brand version:24] map[brand:Google Chrome version:116]] mobile:false platform:linux uaFullVersion:116.0.0.0] vendor:Google Inc. webdriver:false webdriverString:function () { [native code] } webrtc_data:map[ice_candidates:[candidate:0 1 UDP 2122252543 51131b0a-2f44-bd5c-89ca-b48f8b492bc3.local 58349 typ host candidate:1 1 UDP 2122252542 192.168.1.183 58350 typ host]]]
2026/03/09 13:57:00 NAV_DATA JSON: map[Notification_permission:default appVersion:5.0 (X11; Linux x86_64) AppleWebKit/537.36 (KHTML, like Gecko) Chrome/134.0.0.0 Safari/537.36 audio_worklet_available:true battery_status:map[charging:true chargingTime:0 dischargingTime:1e+308 level:1] chrome:map[] chrome_app:map[InstallState:map[DISABLED:disabled INSTALLED:installed NOT_INSTALLED:not_installed] RunningState:map[CANNOT_RUN:cannot_run READY_TO_RUN:ready_to_run RUNNING:running] isInstalled:false] chrome_csi:map[onloadT:3239 pageT:2891 startE:1.773026817871e+12 tran:15] chrome_loadTimes:map[commitLoadTime:1.7730268186425765e+09 connectionInfo:h2 finishDocumentLoadTime:1.773026819282106e+09 finishLoadTime:1.7730268194655771e+09 firstPaintAfterLoadTime:0 firstPaintTime:1.7730268189937112e+09 navigationType:Other npnNegotiatedProtocol:h2 requestTime:1.7730268178715432e+09 startLoadTime:1.7730268181637123e+09 wasAlternateProtocolAvailable:false wasFetchedViaSpdy:true wasNpnNegotiated:true] connection:map[downlink:9.133071455134711 effectiveType:4g rtt:195.9866228765267] cookieEnabled:true deviceMemory:32 gpu_present:true hardwareConcurrency:8 intl_locale:en-US intl_timezone:America/Chicago keyboard:map[] language:en-US languages:[en-US en] locks:map[] maxTouchPoints:0 media_devices:[map[deviceId:d4d68d73897787d89bff30ebe768377376198ad0b8821298e85109c0b859c46f groupId:0b0e6cb74fc7a000080c05cfe92a5d51f6bcc86e745edb7a5b08784489e5074b kind:audioinput label:Internal Microphone] map[deviceId:default groupId:0b0e6cb74fc7a000080c05cfe92a5d51f6bcc86e745edb7a5b08784489e5074b kind:audiooutput label:Default - Speakers] map[deviceId:eb05f1915e4b7bd9c3cacdffce05e3bab89065b82ca79368e6d03744aa7d64d3 groupId:0b0e6cb74fc7a000080c05cfe92a5d51f6bcc86e745edb7a5b08784489e5074b kind:audiooutput label:Built-in Output] map[deviceId:d9c0ba849fb1fa346825d24987eb5ca01ff6074e1509215851eebac3e499a45d groupId:6082f29456e1bb27f2692d6ea85eecf362dacdfd2e2dea3203c59c67629f61c9 kind:videoinput label:FaceTime HD Camera]] media_query_any_hover:none media_query_any_pointer:fine media_query_hover:none media_query_pointer:fine offscreen_canvas_available:true pdfViewerEnabled:true performance_memory:map[jsHeapSizeLimit:4.294705309e+09 totalJSHeapSize:8.2194507e+07 usedJSHeapSize:3.8088914e+07] permissions_notifications_state:default platform:Linux x86_64 productSub:20030107 scheduling:map[isInputPending:false] screen_color_depth:32 screen_inner_height:1465 screen_inner_width:2736 screen_orientation:landscape-primary screen_outer_height:1547 screen_outer_width:2751 storage_persisted:false storage_quota:1.72720785806e+11 storage_usage:2.76824064e+08 timezone:America/Chicago userActivation:map[hasBeenActive:false isActive:false] userAgent:Mozilla/5.0 (X11; Linux x86_64) AppleWebKit/537.36 (KHTML, like Gecko) Chrome/134.0.0.0 Safari/537.36 userAgentData:map[brands:[map[brand:Chromium version:116] map[brand:Not)A;Brand version:24] map[brand:Google Chrome version:116]] mobile:false platform:linux uaFullVersion:116.0.0.0] vendor:Google Inc. webdriver:false webdriverString:function () { [native code] }]
2026/03/09 13:57:00 NAV_DATA JSON: map[Notification_permission:default appVersion:5.0 (X11; Linux x86_64) AppleWebKit/537.36 (KHTML, like Gecko) Chrome/134.0.0.0 Safari/537.36 audio_worklet_available:true battery_status:map[charging:false chargingTime:0 dischargingTime:2034 level:0.5182391474011656] chrome:map[] chrome_app:map[InstallState:map[DISABLED:disabled INSTALLED:installed NOT_INSTALLED:not_installed] RunningState:map[CANNOT_RUN:cannot_run READY_TO_RUN:ready_to_run RUNNING:running] isInstalled:false] chrome_csi:map[onloadT:3120 pageT:2906 startE:1.773026817859e+12 tran:15] chrome_loadTimes:map[commitLoadTime:1.7730268188125117e+09 connectionInfo:h2 finishDocumentLoadTime:1.7730268193610084e+09 finishLoadTime:1.7730268195733979e+09 firstPaintAfterLoadTime:0 firstPaintTime:1.7730268189660137e+09 navigationType:Other npnNegotiatedProtocol:h2 requestTime:1.7730268178593059e+09 startLoadTime:1.7730268181038315e+09 wasAlternateProtocolAvailable:false wasFetchedViaSpdy:true wasNpnNegotiated:true] connection:map[downlink:7.139454729923209 effectiveType:4g rtt:132.7144370039562] cookieEnabled:true deviceMemory:32 gpu_present:true hardwareConcurrency:13 intl_locale:en-US intl_timezone:America/Chicago keyboard:map[] language:en-US languages:[en-US en] locks:map[] maxTouchPoints:0 media_devices:[map[deviceId:ce937db38aa80db756a6aa96af63349d9e253e2368dc12bdd22d4a08d193c628 groupId:89b284d6f3f11e8cd439b6e90cbc7283a70ae5807cdf5d8217bb85bdfb193852 kind:audioinput label:Internal Microphone] map[deviceId:default groupId:89b284d6f3f11e8cd439b6e90cbc7283a70ae5807cdf5d8217bb85bdfb193852 kind:audiooutput label:Default - Speakers] map[deviceId:0f605fa884b0eb4ab1a641d39c2f32545ab3694491b65961d3aab5a4bad67419 groupId:89b284d6f3f11e8cd439b6e90cbc7283a70ae5807cdf5d8217bb85bdfb193852 kind:audiooutput label:Built-in Output] map[deviceId:d9afd4515140e208de258df785e97f8cb3721d3cc566baa7c480acb94f4416f9 groupId:ab4fe16f12e7f480b5b794317c32d88780ead0eff7b19252daa2e8affc5695b4 kind:videoinput label:FaceTime HD Camera]] media_query_any_hover:hover media_query_any_pointer:none media_query_hover:hover media_query_pointer:none offscreen_canvas_available:true pdfViewerEnabled:true performance_memory:map[jsHeapSizeLimit:4.294704876e+09 totalJSHeapSize:7.7416401e+07 usedJSHeapSize:5.2313056e+07] permissions_notifications_state:default platform:Linux x86_64 productSub:20030107 scheduling:map[isInputPending:false] screen_color_depth:24 screen_inner_height:2016 screen_inner_width:3723 screen_orientation:portrait-primary screen_outer_height:2103 screen_outer_width:3739 storage_persisted:false storage_quota:3.28462375231e+11 storage_usage:3.7748736e+08 timezone:America/Chicago userActivation:map[hasBeenActive:false isActive:false] userAgent:Mozilla/5.0 (X11; Linux x86_64) AppleWebKit/537.36 (KHTML, like Gecko) Chrome/134.0.0.0 Safari/537.36 userAgentData:map[brands:[map[brand:Chromium version:116] map[brand:Not)A;Brand version:24] map[brand:Google Chrome version:116]] mobile:false platform:linux uaFullVersion:116.0.0.0] vendor:Google Inc. webdriver:false webdriverString:function () { [native code] } webrtc_data:map[ice_candidates:[candidate:0 1 UDP 2122252543 7a19c7f0-f822-ac0c-9785-9a06ada7b32b.local 58349 typ host candidate:1 1 UDP 2122252542 192.168.1.175 58350 typ host]]]
2026/03/09 13:57:00 NAV_DATA JSON: map[Notification_permission:default appVersion:5.0 (X11; Linux x86_64) AppleWebKit/537.36 (KHTML, like Gecko) Chrome/134.0.0.0 Safari/537.36 audio_worklet_available:true battery_status:map[charging:false chargingTime:0 dischargingTime:10818 level:0.6398892104602278] chrome:map[] chrome_app:map[InstallState:map[DISABLED:disabled INSTALLED:installed NOT_INSTALLED:not_installed] RunningState:map[CANNOT_RUN:cannot_run READY_TO_RUN:ready_to_run RUNNING:running] isInstalled:false] chrome_csi:map[onloadT:3442 pageT:2877 startE:1.773026817891e+12 tran:15] chrome_loadTimes:map[commitLoadTime:1.7730268184958868e+09 connectionInfo:h2 finishDocumentLoadTime:1.7730268191565218e+09 finishLoadTime:1.7730268192825856e+09 firstPaintAfterLoadTime:0 firstPaintTime:1.7730268188890724e+09 navigationType:Other npnNegotiatedProtocol:h2 requestTime:1.773026817891448e+09 startLoadTime:1.7730268180697246e+09 wasAlternateProtocolAvailable:false wasFetchedViaSpdy:true wasNpnNegotiated:true] connection:map[downlink:3.1319959946006137 effectiveType:4g rtt:73.2087145786255] cookieEnabled:true deviceMemory:8 gpu_present:false hardwareConcurrency:4 intl_locale:en-US intl_timezone:America/Chicago keyboard:map[] language:en-US languages:[en-US en] locks:map[] maxTouchPoints:0 media_devices:[map[deviceId:23d5682b251c888c7734e00230a431a878b9f05327788cb35ec74da8bcee8289 groupId:3f07bf33a7dfb63d055dccfb5f6a35a17d5b92c86c483c317e3d00f9416fc1e9 kind:audioinput label:Internal Microphone] map[deviceId:default groupId:3f07bf33a7dfb63d055dccfb5f6a35a17d5b92c86c483c317e3d00f9416fc1e9 kind:audiooutput label:Default - Speakers] map[deviceId:57d59a36d914a81b5aabff44a73efd34305e55c2035c60604db195fb2883e043 groupId:3f07bf33a7dfb63d055dccfb5f6a35a17d5b92c86c483c317e3d00f9416fc1e9 kind:audiooutput label:Built-in Output] map[deviceId:0fb5388687e61017dface822cfe3c4e6b1d2f08175c5460212c030da9953a1fb groupId:d1f8ec864270849eb963ba04726f3d523101ef81ab2a876d9a02c5af0426fe30 kind:videoinput label:FaceTime HD Camera]] media_query_any_hover:hover media_query_any_pointer:fine media_query_hover:hover media_query_pointer:fine offscreen_canvas_available:true pdfViewerEnabled:true performance_memory:map[jsHeapSizeLimit:4.294705641e+09 totalJSHeapSize:5.0422602e+07 usedJSHeapSize:3.0444188e+07] permissions_notifications_state:denied platform:Linux x86_64 productSub:20030107 scheduling:map[isInputPending:false] screen_color_depth:24 screen_inner_height:777 screen_inner_width:1950 screen_orientation:portrait-primary screen_outer_height:866 screen_outer_width:1965 storage_persisted:false storage_quota:2.97600561582e+11 storage_usage:4.78150656e+08 timezone:America/Chicago userActivation:map[hasBeenActive:false isActive:false] userAgent:Mozilla/5.0 (X11; Linux x86_64) AppleWebKit/537.36 (KHTML, like Gecko) Chrome/134.0.0.0 Safari/537.36 userAgentData:map[brands:[map[brand:Chromium version:116] map[brand:Not)A;Brand version:24] map[brand:Google Chrome version:116]] mobile:false platform:linux uaFullVersion:116.0.0.0] vendor:Google Inc. webdriver:false webdriverString:function () { [native code] } webrtc_data:map[ice_candidates:[candidate:0 1 UDP 2122252543 b77e76d6-4acc-7af3-c830-9f6b372c5a62.local 58349 typ host]]]
2026/03/09 13:57:00 NAV_DATA JSON: map[Notification_permission:default appVersion:5.0 (X11; Linux x86_64) AppleWebKit/537.36 (KHTML, like Gecko) Chrome/134.0.0.0 Safari/537.36 audio_worklet_available:true battery_status:map[charging:false chargingTime:0 dischargingTime:6140 level:0.49790549652590466] chrome:map[] chrome_app:map[InstallState:map[DISABLED:disabled INSTALLED:installed NOT_INSTALLED:not_installed] RunningState:map[CANNOT_RUN:cannot_run READY_TO_RUN:ready_to_run RUNNING:running] isInstalled:false] chrome_csi:map[onloadT:3319 pageT:2876 startE:1.773026817895e+12 tran:15] chrome_loadTimes:map[commitLoadTime:1.773026818323411e+09 connectionInfo:h2 finishDocumentLoadTime:1.7730268191361027e+09 finishLoadTime:1.773026819293805e+09 firstPaintAfterLoadTime:0 firstPaintTime:1.773026818643442e+09 navigationType:Other npnNegotiatedProtocol:h2 requestTime:1.7730268178952978e+09 startLoadTime:1.7730268180231707e+09 wasAlternateProtocolAvailable:false wasFetchedViaSpdy:true wasNpnNegotiated:true] connection:map[downlink:3.3737826215305575 effectiveType:4g rtt:123.63628151993039] cookieEnabled:true deviceMemory:8 gpu_present:true hardwareConcurrency:7 intl_locale:en-US intl_timezone:America/Chicago keyboard:map[] language:en-US languages:[en-US en] locks:map[] maxTouchPoints:0 media_devices:[map[deviceId:0a5da9b0199242e688c385649a833d92406d7605889e7d12f5f015f3eded0468 groupId:025ac131f67a2660f4c077ad1e0a77acb3a5599bb2a4b47a74adbe0945be7473 kind:audioinput label:Internal Microphone] map[deviceId:default groupId:025ac131f67a2660f4c077ad1e0a77acb3a5599bb2a4b47a74adbe0945be7473 kind:audiooutput label:Default - Speakers] map[deviceId:aaf8333216f45cf41aa7a9f7d2e3197c2ca75d6134df1e74bca996f002a84e7c groupId:025ac131f67a2660f4c077ad1e0a77acb3a5599bb2a4b47a74adbe0945be7473 kind:audiooutput label:Built-in Output]] media_query_any_hover:hover media_query_any_pointer:fine media_query_hover:hover media_query_pointer:fine offscreen_canvas_available:true pdfViewerEnabled:true performance_memory:map[jsHeapSizeLimit:4.294705517e+09 totalJSHeapSize:4.646295e+07 usedJSHeapSize:2.5931258e+07] permissions_notifications_state:denied platform:Linux x86_64 productSub:20030107 scheduling:map[isInputPending:false] screen_color_depth:32 screen_inner_height:1295 screen_inner_width:2444 screen_orientation:portrait-primary screen_outer_height:1383 screen_outer_width:2460 storage_persisted:false storage_quota:0 storage_usage:7.1303168e+07 timezone:America/Chicago userActivation:map[hasBeenActive:false isActive:false] userAgent:Mozilla/5.0 (X11; Linux x86_64) AppleWebKit/537.36 (KHTML, like Gecko) Chrome/134.0.0.0 Safari/537.36 userAgentData:map[brands:[map[brand:Chromium version:116] map[brand:Not)A;Brand version:24] map[brand:Google Chrome version:116]] mobile:false platform:linux uaFullVersion:116.0.0.0] vendor:Google Inc. webdriver:false webdriverString:function () { [native code] }]
2026/03/09 13:57:00 NAV_DATA JSON: map[Notification_permission:default appVersion:5.0 (X11; Linux x86_64) AppleWebKit/537.36 (KHTML, like Gecko) Chrome/134.0.0.0 Safari/537.36 audio_worklet_available:true battery_status:map[charging:true chargingTime:0 dischargingTime:1e+308 level:1] chrome:map[] chrome_app:map[InstallState:map[DISABLED:disabled INSTALLED:installed NOT_INSTALLED:not_installed] RunningState:map[CANNOT_RUN:cannot_run READY_TO_RUN:ready_to_run RUNNING:running] isInstalled:false] chrome_csi:map[onloadT:3452 pageT:2769 startE:1.773026818005e+12 tran:15] chrome_loadTimes:map[commitLoadTime:1.7730268187072399e+09 connectionInfo:h2 finishDocumentLoadTime:1.773026819355399e+09 finishLoadTime:1.7730268196172297e+09 firstPaintAfterLoadTime:0 firstPaintTime:1.7730268189152825e+09 navigationType:Other npnNegotiatedProtocol:h2 requestTime:1.773026818005268e+09 startLoadTime:1.77302681822201e+09 wasAlternateProtocolAvailable:false wasFetchedViaSpdy:true wasNpnNegotiated:true] connection:map[downlink:7.684743417231941 effectiveType:4g rtt:73.69446468811708] cookieEnabled:true deviceMemory:4 gpu_present:true hardwareConcurrency:3 intl_locale:en-US intl_timezone:America/Chicago keyboard:map[] language:en-US languages:[en-US en] locks:map[] maxTouchPoints:0 media_devices:[map[deviceId:3be052c421167abad3d2c59810c423776c0ab2ece2fced38f3d771a9c93e1816 groupId:dffb5dbd6796d5fadaeb39016ee08c0cd0568823e1c3aed8fde313e1ebb744fb kind:audioinput label:Internal Microphone] map[deviceId:default groupId:dffb5dbd6796d5fadaeb39016ee08c0cd0568823e1c3aed8fde313e1ebb744fb kind:audiooutput label:Default - Speakers] map[deviceId:372fabef1a99504c005c05ad86e5be6ec30221373e25774ea67e96d0b781e517 groupId:dffb5dbd6796d5fadaeb39016ee08c0cd0568823e1c3aed8fde313e1ebb744fb kind:audiooutput label:Built-in Output]] media_query_any_hover:none media_query_any_pointer:fine media_query_hover:none media_query_pointer:fine offscreen_canvas_available:true pdfViewerEnabled:true performance_memory:map[jsHeapSizeLimit:2.172641174e+09 totalJSHeapSize:6.8551822e+07 usedJSHeapSize:3.4291958e+07] permissions_notifications_state:default platform:Linux x86_64 productSub:20030107 scheduling:map[isInputPending:false] screen_color_depth:24 screen_inner_height:933 screen_inner_width:2261 screen_orientation:landscape-primary screen_outer_height:1020 screen_outer_width:2276 storage_persisted:false storage_quota:1.63887469877e+11 storage_usage:1.42606336e+08 timezone:America/Chicago userActivation:map[hasBeenActive:false isActive:false] userAgent:Mozilla/5.0 (X11; Linux x86_64) AppleWebKit/537.36 (KHTML, like Gecko) Chrome/134.0.0.0 Safari/537.36 userAgentData:map[brands:[map[brand:Chromium version:116] map[brand:Not)A;Brand version:24] map[brand:Google Chrome version:116]] mobile:false platform:linux uaFullVersion:116.0.0.0] vendor:Google Inc. webdriver:false webdriverString:function () { [native code] } webrtc_data:map[ice_candidates:[candidate:0 1 UDP 2122252543 68ab372b-8a5b-18ef-0bf8-e3b3ff92d084.local 58349 typ host]]]
2026/03/09 13:57:00 NAV_DATA JSON: map[Notification_permission:default appVersion:5.0 (X11; Linux x86_64) AppleWebKit/537.36 (KHTML, like Gecko) Chrome/134.0.0.0 Safari/537.36 audio_worklet_available:true battery_status:map[charging:false chargingTime:0 dischargingTime:14445 level:0.31202943133275346] chrome:map[] chrome_app:map[InstallState:map[DISABLED:disabled INSTALLED:installed NOT_INSTALLED:not_installed] RunningState:map[CANNOT_RUN:cannot_run READY_TO_RUN:ready_to_run RUNNING:running] isInstalled:false] chrome_csi:map[onloadT:3483 pageT:2974 startE:1.773026817803e+12 tran:15] chrome_loadTimes:map[commitLoadTime:1.7730268188439622e+09 connectionInfo:h2 finishDocumentLoadTime:1.7730268195755749e+09 finishLoadTime:1.7730268197234612e+09 firstPaintAfterLoadTime:0 firstPaintTime:1.7730268191075652e+09 navigationType:Other npnNegotiatedProtocol:h2 requestTime:1.773026817803143e+09 startLoadTime:1.7730268180689504e+09 wasAlternateProtocolAvailable:false wasFetchedViaSpdy:true wasNpnNegotiated:true] connection:map[downlink:3.0572397784667102 effectiveType:4g rtt:82.23386811280527] cookieEnabled:true deviceMemory:8 gpu_present:true hardwareConcurrency:4 intl_locale:en-US intl_timezone:America/Chicago keyboard:map[] language:en-US languages:[en-US en] locks:map[] maxTouchPoints:0 media_devices:[map[deviceId:26134759e473b68f9039c7ed77e2f182e0fea643129dde6d0915a355120b6151 groupId:f705fbacf3865dd432e422f6bd80dd194b4accae76becbd5e189eac74f467042 kind:audioinput label:Internal Microphone] map[deviceId:default groupId:f705fbacf3865dd432e422f6bd80dd194b4accae76becbd5e189eac74f467042 kind:audiooutput label:Default - Speakers] map[deviceId:9d6afe9882db41630d45a45a19f2ad059169b9f5260cf98e593094f29adcce0b groupId:f705fbacf3865dd432e422f6bd80dd194b4accae76becbd5e189eac74f467042 kind:audiooutput label:Built-in Output]] media_query_any_hover:hover media_query_any_pointer:fine media_query_hover:hover media_query_pointer:fine offscreen_canvas_available:true pdfViewerEnabled:true performance_memory:map[jsHeapSizeLimit:4.294704693e+09 totalJSHeapSize:8.2047833e+07 usedJSHeapSize:4.6614097e+07] permissions_notifications_state:default platform:Linux x86_64 productSub:20030107 scheduling:map[isInputPending:false] screen_color_depth:32 screen_inner_height:2214 screen_inner_width:4061 screen_orientation:landscape-primary screen_outer_height:2293 screen_outer_width:4077 storage_persisted:false storage_quota:0 storage_usage:2.42221056e+08 timezone:America/Chicago userActivation:map[hasBeenActive:false isActive:false] userAgent:Mozilla/5.0 (X11; Linux x86_64) AppleWebKit/537.36 (KHTML, like Gecko) Chrome/134.0.0.0 Safari/537.36 userAgentData:map[brands:[map[brand:Chromium version:116] map[brand:Not)A;Brand version:24] map[brand:Google Chrome version:116]] mobile:false platform:linux uaFullVersion:116.0.0.0] vendor:Google Inc. webdriver:false webdriverString:function () { [native code] } webrtc_data:map[ice_candidates:[candidate:0 1 UDP 2122252543 b3c30dfe-3041-ee57-fb68-1b86255e0289.local 58349 typ host]]]
2026/03/09 13:57:00 NAV_DATA JSON: map[Notification_permission:default appVersion:5.0 (X11; Linux x86_64) AppleWebKit/537.36 (KHTML, like Gecko) Chrome/134.0.0.0 Safari/537.36 audio_worklet_available:true battery_status:map[charging:false chargingTime:0 dischargingTime:4642 level:0.6448741333777108] chrome:map[] chrome_app:map[InstallState:map[DISABLED:disabled INSTALLED:installed NOT_INSTALLED:not_installed] RunningState:map[CANNOT_RUN:cannot_run READY_TO_RUN:ready_to_run RUNNING:running] isInstalled:false] chrome_csi:map[onloadT:2869 pageT:2254 startE:1.773026818525e+12 tran:15] chrome_loadTimes:map[commitLoadTime:1.7730268193777854e+09 connectionInfo:h2 finishDocumentLoadTime:1.7730268199984403e+09 finishLoadTime:1.773026820206045e+09 firstPaintAfterLoadTime:0 firstPaintTime:1.7730268196355417e+09 navigationType:Other npnNegotiatedProtocol:h2 requestTime:1.7730268185259726e+09 startLoadTime:1.7730268186480656e+09 wasAlternateProtocolAvailable:false wasFetchedViaSpdy:true wasNpnNegotiated:true] connection:map[downlink:1.0283716942044072 effectiveType:4g rtt:45.229206535319406] cookieEnabled:true deviceMemory:32 gpu_present:true hardwareConcurrency:12 intl_locale:en-US intl_timezone:America/Chicago keyboard:map[] language:en-US languages:[en-US en] locks:map[] maxTouchPoints:0 media_devices:[map[deviceId:7e2e70926ac01d23b0b5e2d4373e9e994b5d3535049a49b1fabb4da3478ef5df groupId:6a3b69aaf6ecea86cfe6e36a2f532301243da558a1dfde296abafb3fe1943f47 kind:audioinput label:Internal Microphone] map[deviceId:default groupId:6a3b69aaf6ecea86cfe6e36a2f532301243da558a1dfde296abafb3fe1943f47 kind:audiooutput label:Default - Speakers] map[deviceId:093c84aec774a98e149e0f1d7e66b9aa7ae032ec691ea896de0cddb6ff8c6c83 groupId:6a3b69aaf6ecea86cfe6e36a2f532301243da558a1dfde296abafb3fe1943f47 kind:audiooutput label:Built-in Output] map[deviceId:ff226bbcd5fc48f7c3e45224fe5358cadd88498666d9a372762897b3b893ae21 groupId:839a889442a9aa180269185088891d05e038d66907535a04c79ef577bb278be4 kind:videoinput label:FaceTime HD Camera]] media_query_any_hover:hover media_query_any_pointer:fine media_query_hover:hover media_query_pointer:fine offscreen_canvas_available:true pdfViewerEnabled:true performance_memory:map[jsHeapSizeLimit:4.294705286e+09 totalJSHeapSize:5.1498256e+07 usedJSHeapSize:3.8386113e+07] permissions_notifications_state:denied platform:Linux x86_64 productSub:20030107 scheduling:map[isInputPending:false] screen_color_depth:32 screen_inner_height:1981 screen_inner_width:4076 screen_orientation:portrait-primary screen_outer_height:2051 screen_outer_width:4091 storage_persisted:false storage_quota:8.5929356657e+10 storage_usage:4.0894464e+07 timezone:America/Chicago userActivation:map[hasBeenActive:false isActive:false] userAgent:Mozilla/5.0 (X11; Linux x86_64) AppleWebKit/537.36 (KHTML, like Gecko) Chrome/134.0.0.0 Safari/537.36 userAgentData:map[brands:[map[brand:Chromium version:116] map[brand:Not)A;Brand version:24] map[brand:Google Chrome version:116]] mobile:false platform:linux uaFullVersion:116.0.0.0] vendor:Google Inc. webdriver:false webdriverString:function () { [native code] } webrtc_data:map[ice_candidates:[candidate:0 1 UDP 2122252543 33451f08-6b4f-3a43-caca-98294acc1fc0.local 58349 typ host]]]
  Chrome 134 Linux: 20/20 detected (100%)
2026/03/09 13:57:00 NAV_DATA JSON: map[Notification_permission:default appVersion:5.0 (Windows NT 10.0; Win64; x64; rv:128.0) Gecko/20100101 Firefox/128.0 audio_worklet_available:true battery_status:map[charging:true chargingTime:3270 dischargingTime:1e+308 level:0.9034772632431622] connection:map[downlink:1.1677883905237918 effectiveType:4g rtt:68.9612016693382] cookieEnabled:true deviceMemory:32 gpu_present:true hardwareConcurrency:7 intl_locale:en-US intl_timezone:America/New_York keyboard:map[] language:en-US languages:[en-US en] locks:map[] maxTouchPoints:0 media_devices:[map[deviceId:1f5a679c88dfe2bd3be4aaf9e00cdb53e9353c6a42e88a9118c18f89094d7111 groupId:0217576008f6dd6f205eace0157074c6a7483c682bf30579ea05cbf2b10e89b4 kind:audioinput label:Internal Microphone] map[deviceId:default groupId:0217576008f6dd6f205eace0157074c6a7483c682bf30579ea05cbf2b10e89b4 kind:audiooutput label:Default - Speakers] map[deviceId:352b3d5274f11041f4539bf0a64752070c30e697212ecba2a25cf8f7f671c4a1 groupId:0217576008f6dd6f205eace0157074c6a7483c682bf30579ea05cbf2b10e89b4 kind:audiooutput label:Built-in Output] map[deviceId:dba8d2f3d4728b998810da182c5085278cd2fb7bbb90b309250cefe865dbeb31 groupId:b9e0b4899e27742477a998782cf902c74dbf9d159e07b4e14694263aaf02373f kind:videoinput label:FaceTime HD Camera]] media_query_any_hover:hover media_query_any_pointer:none media_query_hover:hover media_query_pointer:none offscreen_canvas_available:true pdfViewerEnabled:true permissions_notifications_state:denied platform:Win32 productSub:20100101 scheduling:map[isInputPending:false] screen_color_depth:24 screen_inner_height:766 screen_inner_width:1834 screen_orientation:portrait-primary screen_outer_height:841 screen_outer_width:1851 storage_persisted:false storage_quota:2.01295293234e+11 storage_usage:2.22298112e+08 timezone:America/New_York userActivation:map[hasBeenActive:false isActive:false] userAgent:Mozilla/5.0 (Windows NT 10.0; Win64; x64; rv:128.0) Gecko/20100101 Firefox/128.0 userAgentData:map[brands:[map[brand:Chromium version:116] map[brand:Not)A;Brand version:24] map[brand:Google Chrome version:116]] mobile:false platform:windows uaFullVersion:116.0.0.0] vendor: webdriver:false webdriverString:function () { [native code] }]
  Caught: audio_zero_base_latency
  Caught: improbable_hardware_concurrency: 7 cores
  Caught: improbable_device_memory: 32.0 (expected <= 8)
  Caught: non_quantized_rtt: 69ms (not multiple of 25)
  Caught: screen_orientation_mismatch
  Caught: non_quantized_network_rtt: 69ms
  Caught: non_quantized_network_downlink: 1.1678Mbps
  Caught: permissions_query_mismatch
  Caught: non_standard_media_device_id_format
  Caught: canvas_idat_high_entropy
  Caught: canvas_spatial_inconsistency
  Caught: missing_webgl_viewport_dims
  Caught: insufficient_webgl_extensions
  Caught: missing_webgl_draft_extensions
  Caught: pointer_mismatch
  Caught: any_pointer_mismatch
  Caught: non_quantized_dpr
  Caught: suspicious_taskbar_gap
  Caught: audio_base_latency_out_of_range
2026/03/09 13:57:00 NAV_DATA JSON: map[Notification_permission:default appVersion:5.0 (Windows NT 10.0; Win64; x64; rv:128.0) Gecko/20100101 Firefox/128.0 audio_worklet_available:true battery_status:map[charging:false chargingTime:0 dischargingTime:2460 level:0.5206755284872725] connection:map[downlink:6.864188884354517 effectiveType:4g rtt:124.5872324095675] cookieEnabled:true deviceMemory:8 gpu_present:true hardwareConcurrency:8 intl_locale:en-US intl_timezone:America/New_York keyboard:map[] language:en-US languages:[en-US en] locks:map[] maxTouchPoints:0 media_devices:[] media_query_any_hover:hover media_query_any_pointer:none media_query_hover:hover media_query_pointer:none offscreen_canvas_available:true pdfViewerEnabled:true permissions_notifications_state:default platform:Win32 productSub:20100101 scheduling:map[isInputPending:false] screen_color_depth:24 screen_inner_height:1208 screen_inner_width:2275 screen_orientation:portrait-primary screen_outer_height:1288 screen_outer_width:2290 storage_persisted:false storage_quota:0 storage_usage:1.91889408e+08 timezone:America/New_York userActivation:map[hasBeenActive:false isActive:false] userAgent:Mozilla/5.0 (Windows NT 10.0; Win64; x64; rv:128.0) Gecko/20100101 Firefox/128.0 userAgentData:map[brands:[map[brand:Chromium version:116] map[brand:Not)A;Brand version:24] map[brand:Google Chrome version:116]] mobile:false platform:windows uaFullVersion:116.0.0.0] vendor: webdriver:false webdriverString:function () { [native code] } webrtc_data:map[ice_candidates:[]]]
2026/03/09 13:57:00 NAV_DATA JSON: map[Notification_permission:default appVersion:5.0 (Windows NT 10.0; Win64; x64; rv:128.0) Gecko/20100101 Firefox/128.0 audio_worklet_available:true battery_status:map[charging:false chargingTime:0 dischargingTime:7906 level:0.5923845461917961] connection:map[downlink:5.83247971744945 effectiveType:4g rtt:164.71656890069605] cookieEnabled:true deviceMemory:8 gpu_present:true hardwareConcurrency:4 intl_locale:en-US intl_timezone:America/New_York keyboard:map[] language:en-US languages:[en-US en] locks:map[] maxTouchPoints:0 media_devices:[map[deviceId:d671322a9aacbb31fcc9622359adec208327c2426f8801e12a4f8466b770a2ac groupId:98468bb142d74a6a179b9b6ae3f22cfa0c1b1a3808695bcf53cc0449d460122e kind:audioinput label:Internal Microphone] map[deviceId:default groupId:98468bb142d74a6a179b9b6ae3f22cfa0c1b1a3808695bcf53cc0449d460122e kind:audiooutput label:Default - Speakers] map[deviceId:3eb3ec52c5f7d908c8c734e7473729261c03f1d59dd800a8e0a484c831136596 groupId:98468bb142d74a6a179b9b6ae3f22cfa0c1b1a3808695bcf53cc0449d460122e kind:audiooutput label:Built-in Output] map[deviceId:6ef0657307a007e64b86a1b78d4becc537f470944be1eb50682d1c48ab167ad8 groupId:c01e8277753df2eb0ec8c0697d9983c318ea0a59d268e73d745a942651aa8fca kind:videoinput label:FaceTime HD Camera]] media_query_any_hover:none media_query_any_pointer:fine media_query_hover:none media_query_pointer:fine offscreen_canvas_available:true pdfViewerEnabled:true permissions_notifications_state:default platform:Win32 productSub:20100101 scheduling:map[isInputPending:false] screen_color_depth:32 screen_inner_height:1008 screen_inner_width:2435 screen_orientation:landscape-primary screen_outer_height:1089 screen_outer_width:2450 storage_persisted:false storage_quota:0 storage_usage:4.16284672e+08 timezone:America/New_York userActivation:map[hasBeenActive:false isActive:false] userAgent:Mozilla/5.0 (Windows NT 10.0; Win64; x64; rv:128.0) Gecko/20100101 Firefox/128.0 userAgentData:map[brands:[map[brand:Chromium version:116] map[brand:Not)A;Brand version:24] map[brand:Google Chrome version:116]] mobile:false platform:windows uaFullVersion:116.0.0.0] vendor: webdriver:false webdriverString:function () { [native code] } webrtc_data:map[ice_candidates:[candidate:0 1 UDP 2122252543 612cb8ab-34c8-cab0-4961-65bb453a268d.local 58349 typ host]]]
2026/03/09 13:57:00 NAV_DATA JSON: map[Notification_permission:default appVersion:5.0 (Windows NT 10.0; Win64; x64; rv:128.0) Gecko/20100101 Firefox/128.0 audio_worklet_available:true battery_status:map[charging:false chargingTime:0 dischargingTime:10636 level:0.36941893198420467] connection:map[downlink:9.232455931576052 effectiveType:4g rtt:33.80668691896384] cookieEnabled:true deviceMemory:8 gpu_present:false hardwareConcurrency:7 intl_locale:en-US intl_timezone:America/New_York keyboard:map[] language:en-US languages:[en-US en] locks:map[] maxTouchPoints:0 media_devices:[map[deviceId:b8dffb8d227f3bd8045298959d90ea022f5c3ddbcbf1761d2fbc0e3962dc40a9 groupId:d461d9510e4e4869064e58f8e70cacac5d4d7399b5054a5734ee5a6cbe31ab76 kind:audioinput label:Internal Microphone] map[deviceId:default groupId:d461d9510e4e4869064e58f8e70cacac5d4d7399b5054a5734ee5a6cbe31ab76 kind:audiooutput label:Default - Speakers] map[deviceId:a8b9eab39a32bad60395c7bcc987a8ff40f0df04799aa1e5f0c62d5aee29bacf groupId:d461d9510e4e4869064e58f8e70cacac5d4d7399b5054a5734ee5a6cbe31ab76 kind:audiooutput label:Built-in Output] map[deviceId:87393f6dac88894deb14528c0c64da58e620c599664fb4a242dd93772cd20945 groupId:427330eab0e8b404ba1c3c55db062a5784738918774aec84820d64fb5cb4bd21 kind:videoinput label:FaceTime HD Camera]] media_query_any_hover:none media_query_any_pointer:coarse media_query_hover:none media_query_pointer:coarse offscreen_canvas_available:true pdfViewerEnabled:true permissions_notifications_state:default platform:Win32 productSub:20100101 scheduling:map[isInputPending:false] screen_color_depth:32 screen_inner_height:574 screen_inner_width:1570 screen_orientation:landscape-primary screen_outer_height:639 screen_outer_width:1586 storage_persisted:false storage_quota:2.70217051372e+11 storage_usage:2.79969792e+08 timezone:America/New_York userActivation:map[hasBeenActive:false isActive:false] userAgent:Mozilla/5.0 (Windows NT 10.0; Win64; x64; rv:128.0) Gecko/20100101 Firefox/128.0 userAgentData:map[brands:[map[brand:Chromium version:116] map[brand:Not)A;Brand version:24] map[brand:Google Chrome version:116]] mobile:false platform:windows uaFullVersion:116.0.0.0] vendor: webdriver:false webdriverString:function () { [native code] } webrtc_data:map[ice_candidates:[candidate:0 1 UDP 2122252543 dc542bdf-a7c8-ce57-2afb-ed579ae6aefa.local 58349 typ host]]]
2026/03/09 13:57:00 NAV_DATA JSON: map[Notification_permission:default appVersion:5.0 (Windows NT 10.0; Win64; x64; rv:128.0) Gecko/20100101 Firefox/128.0 audio_worklet_available:true battery_status:map[charging:true chargingTime:0 dischargingTime:1e+308 level:1] connection:map[downlink:7.103476923206119 effectiveType:4g rtt:112.51283747278691] cookieEnabled:true deviceMemory:16 gpu_present:true hardwareConcurrency:13 intl_locale:en-US intl_timezone:America/New_York keyboard:map[] language:en-US languages:[en-US en] locks:map[] maxTouchPoints:0 media_devices:[] media_query_any_hover:none media_query_any_pointer:fine media_query_hover:none media_query_pointer:fine offscreen_canvas_available:true pdfViewerEnabled:true permissions_notifications_state:denied platform:Win32 productSub:20100101 scheduling:map[isInputPending:false] screen_color_depth:24 screen_inner_height:1166 screen_inner_width:2596 screen_orientation:landscape-primary screen_outer_height:1237 screen_outer_width:2612 storage_persisted:false storage_quota:1.12382321013e+11 storage_usage:1.572864e+08 timezone:America/New_York userActivation:map[hasBeenActive:false isActive:false] userAgent:Mozilla/5.0 (Windows NT 10.0; Win64; x64; rv:128.0) Gecko/20100101 Firefox/128.0 userAgentData:map[brands:[map[brand:Chromium version:116] map[brand:Not)A;Brand version:24] map[brand:Google Chrome version:116]] mobile:false platform:windows uaFullVersion:116.0.0.0] vendor: webdriver:false webdriverString:function () { [native code] } webrtc_data:map[ice_candidates:[candidate:0 1 UDP 2122252543 ebbb084e-33e9-85b4-5f08-be6975ef038f.local 58349 typ host]]]
2026/03/09 13:57:00 NAV_DATA JSON: map[Notification_permission:default appVersion:5.0 (Windows NT 10.0; Win64; x64; rv:128.0) Gecko/20100101 Firefox/128.0 audio_worklet_available:true battery_status:map[charging:false chargingTime:0 dischargingTime:558 level:0.9253872005109972] connection:map[downlink:6.994050497241005 effectiveType:4g rtt:191.02717672438698] cookieEnabled:true deviceMemory:4 gpu_present:true hardwareConcurrency:3 intl_locale:en-US intl_timezone:America/New_York keyboard:map[] language:en-US languages:[en-US en] locks:map[] maxTouchPoints:0 media_devices:[map[deviceId:97752951c921ae5822bc30570d7dc16e48a37f2088af55432cb52f38c1e4742e groupId:dba6e094514560f193fc9feda04224ff0264a634a9da104e2c24894632dd5193 kind:audioinput label:Internal Microphone] map[deviceId:default groupId:dba6e094514560f193fc9feda04224ff0264a634a9da104e2c24894632dd5193 kind:audiooutput label:Default - Speakers] map[deviceId:7fb315d4608bff6f57f14c1b23149a0fbe5efb33cf1e3ce965d3be47d94af7b8 groupId:dba6e094514560f193fc9feda04224ff0264a634a9da104e2c24894632dd5193 kind:audiooutput label:Built-in Output] map[deviceId:60423ccf5e40879846129e54f65412a713561e7010129bd0aaefad290dda3ca6 groupId:08ec00a8753b8bcfa40fcc75da6ef050d808d183b45ad9d0fae8cf80d99bac2f kind:videoinput label:FaceTime HD Camera]] media_query_any_hover:none media_query_any_pointer:fine media_query_hover:none media_query_pointer:fine offscreen_canvas_available:true pdfViewerEnabled:true permissions_notifications_state:default platform:Win32 productSub:20100101 scheduling:map[isInputPending:false] screen_color_depth:24 screen_inner_height:1185 screen_inner_width:2736 screen_orientation:landscape-primary screen_outer_height:1274 screen_outer_width:2752 storage_persisted:false storage_quota:2.7040149848e+10 storage_usage:1.32120576e+08 timezone:America/New_York userActivation:map[hasBeenActive:false isActive:false] userAgent:Mozilla/5.0 (Windows NT 10.0; Win64; x64; rv:128.0) Gecko/20100101 Firefox/128.0 userAgentData:map[brands:[map[brand:Chromium version:116] map[brand:Not)A;Brand version:24] map[brand:Google Chrome version:116]] mobile:false platform:windows uaFullVersion:116.0.0.0] vendor: webdriver:false webdriverString:function () { [native code] } webrtc_data:map[ice_candidates:[candidate:0 1 UDP 2122252543 04b7e780-40bc-3c44-9a6c-172eaf76b18b.local 58349 typ host]]]
2026/03/09 13:57:00 NAV_DATA JSON: map[Notification_permission:default appVersion:5.0 (Windows NT 10.0; Win64; x64; rv:128.0) Gecko/20100101 Firefox/128.0 audio_worklet_available:true battery_status:map[charging:true chargingTime:1558 dischargingTime:1e+308 level:0.8455891513011665] connection:map[downlink:7.311080870736813 effectiveType:4g rtt:117.66755173659729] cookieEnabled:true deviceMemory:32 gpu_present:false hardwareConcurrency:13 intl_locale:en-US intl_timezone:America/New_York keyboard:map[] language:en-US languages:[en-US en] locks:map[] maxTouchPoints:0 media_devices:[] media_query_any_hover:hover media_query_any_pointer:fine media_query_hover:hover media_query_pointer:fine offscreen_canvas_available:true pdfViewerEnabled:true permissions_notifications_state:default platform:Win32 productSub:20100101 scheduling:map[isInputPending:false] screen_color_depth:24 screen_inner_height:1963 screen_inner_width:4093 screen_orientation:landscape-primary screen_outer_height:2052 screen_outer_width:4109 storage_persisted:false storage_quota:5.33653151872e+11 storage_usage:1.21634816e+08 timezone:America/New_York userActivation:map[hasBeenActive:false isActive:false] userAgent:Mozilla/5.0 (Windows NT 10.0; Win64; x64; rv:128.0) Gecko/20100101 Firefox/128.0 userAgentData:map[brands:[map[brand:Chromium version:116] map[brand:Not)A;Brand version:24] map[brand:Google Chrome version:116]] mobile:false platform:windows uaFullVersion:116.0.0.0] vendor: webdriver:false webdriverString:function () { [native code] } webrtc_data:map[ice_candidates:[candidate:0 1 UDP 2122252543 38d41f58-37df-497e-6b80-108de8315409.local 58349 typ host]]]
2026/03/09 13:57:00 NAV_DATA JSON: map[Notification_permission:default appVersion:5.0 (Windows NT 10.0; Win64; x64; rv:128.0) Gecko/20100101 Firefox/128.0 audio_worklet_available:true battery_status:map[charging:false chargingTime:0 dischargingTime:5453 level:0.5609005854597606] connection:map[downlink:7.871076829956496 effectiveType:4g rtt:58.22172691093466] cookieEnabled:true deviceMemory:32 gpu_present:true hardwareConcurrency:3 intl_locale:en-US intl_timezone:America/New_York keyboard:map[] language:en-US languages:[en-US en] locks:map[] maxTouchPoints:0 media_devices:[map[deviceId:86a9c2a39cacaca428327a62cb761ef6fe534d15d225568f605da79dd08ad4b2 groupId:5ccab61757a1df090280dcf8ef9175f99e7ff0da8837729f347985255528b8b4 kind:audioinput label:Internal Microphone] map[deviceId:default groupId:5ccab61757a1df090280dcf8ef9175f99e7ff0da8837729f347985255528b8b4 kind:audiooutput label:Default - Speakers] map[deviceId:376f7daf4de10e97c39da7779dbbcb76b0cdcee67ff458a098a0e52e0dc3527d groupId:5ccab61757a1df090280dcf8ef9175f99e7ff0da8837729f347985255528b8b4 kind:audiooutput label:Built-in Output] map[deviceId:f5b31d3255e67f94d6242541db9f154114f04339312273138b24c1dcf542b888 groupId:961c82f841240166de92ce44f2328b641b9f887ad0566a5afc3c4d67e3f55315 kind:videoinput label:FaceTime HD Camera]] media_query_any_hover:none media_query_any_pointer:fine media_query_hover:none media_query_pointer:fine offscreen_canvas_available:true pdfViewerEnabled:true permissions_notifications_state:denied platform:Win32 productSub:20100101 scheduling:map[isInputPending:false] screen_color_depth:24 screen_inner_height:1067 screen_inner_width:2020 screen_orientation:landscape-primary screen_outer_height:1144 screen_outer_width:2035 storage_persisted:false storage_quota:0 storage_usage:3.54418688e+08 timezone:America/New_York userActivation:map[hasBeenActive:false isActive:false] userAgent:Mozilla/5.0 (Windows NT 10.0; Win64; x64; rv:128.0) Gecko/20100101 Firefox/128.0 userAgentData:map[brands:[map[brand:Chromium version:116] map[brand:Not)A;Brand version:24] map[brand:Google Chrome version:116]] mobile:false platform:windows uaFullVersion:116.0.0.0] vendor: webdriver:false webdriverString:function () { [native code] } webrtc_data:map[ice_candidates:[candidate:0 1 UDP 2122252543 c180401f-85c2-b7b3-777f-bc006a8132ed.local 58349 typ host]]]
2026/03/09 13:57:00 NAV_DATA JSON: map[Notification_permission:default appVersion:5.0 (Windows NT 10.0; Win64; x64; rv:128.0) Gecko/20100101 Firefox/128.0 audio_worklet_available:true battery_status:map[charging:true chargingTime:1283 dischargingTime:1e+308 level:0.8121994738904972] connection:map[downlink:5.120745890652466 effectiveType:4g rtt:87.80846082643865] cookieEnabled:true deviceMemory:16 gpu_present:false hardwareConcurrency:12 intl_locale:en-US intl_timezone:America/New_York keyboard:map[] language:en-US languages:[en-US en] locks:map[] maxTouchPoints:0 media_devices:[] media_query_any_hover:hover media_query_any_pointer:coarse media_query_hover:hover media_query_pointer:coarse offscreen_canvas_available:true pdfViewerEnabled:true permissions_notifications_state:default platform:Win32 productSub:20100101 scheduling:map[isInputPending:false] screen_color_depth:24 screen_inner_height:1124 screen_inner_width:2533 screen_orientation:portrait-primary screen_outer_height:1200 screen_outer_width:2549 storage_persisted:false storage_quota:1.80835354151e+11 storage_usage:3.92167424e+08 timezone:America/New_York userActivation:map[hasBeenActive:false isActive:false] userAgent:Mozilla/5.0 (Windows NT 10.0; Win64; x64; rv:128.0) Gecko/20100101 Firefox/128.0 userAgentData:map[brands:[map[brand:Chromium version:116] map[brand:Not)A;Brand version:24] map[brand:Google Chrome version:116]] mobile:false platform:windows uaFullVersion:116.0.0.0] vendor: webdriver:false webdriverString:function () { [native code] } webrtc_data:map[ice_candidates:[candidate:0 1 UDP 2122252543 0864f427-ab84-f81b-6dc5-c309907d2cf9.local 58349 typ host candidate:1 1 UDP 2122252542 192.168.1.23 58350 typ host]]]
2026/03/09 13:57:00 NAV_DATA JSON: map[Notification_permission:default appVersion:5.0 (Windows NT 10.0; Win64; x64; rv:128.0) Gecko/20100101 Firefox/128.0 audio_worklet_available:true battery_status:map[charging:false chargingTime:0 dischargingTime:10263 level:0.6071970458713963] connection:map[downlink:1.393942158814167 effectiveType:4g rtt:130.36008272391976] cookieEnabled:true deviceMemory:8 gpu_present:true hardwareConcurrency:8 intl_locale:en-US intl_timezone:America/New_York keyboard:map[] language:en-US languages:[en-US en] locks:map[] maxTouchPoints:0 media_devices:[map[deviceId:852a7a1e0cbe861fc8a1d124225dc4bbcbcc7704ce848f07fc50ff6ed348b4c5 groupId:3f99370f9eeeb676e47da24b19fbc67f1c040f73dbc979d20bb8dd90de490a04 kind:audioinput label:Internal Microphone] map[deviceId:default groupId:3f99370f9eeeb676e47da24b19fbc67f1c040f73dbc979d20bb8dd90de490a04 kind:audiooutput label:Default - Speakers] map[deviceId:6aeb833ac8d256f0a8137b4337e20e35dbee03f57174291c471999dea4420c78 groupId:3f99370f9eeeb676e47da24b19fbc67f1c040f73dbc979d20bb8dd90de490a04 kind:audiooutput label:Built-in Output] map[deviceId:13ed57de27e46f168de4a6129cdab1502d950b218cd2dad8363425b17bb52c87 groupId:c69ee5567afde888bc509711a5fcb236c174ed37f9441293f5db836b1b5c67a9 kind:videoinput label:FaceTime HD Camera]] media_query_any_hover:hover media_query_any_pointer:none media_query_hover:hover media_query_pointer:none offscreen_canvas_available:true pdfViewerEnabled:true permissions_notifications_state:default platform:Win32 productSub:20100101 scheduling:map[isInputPending:false] screen_color_depth:32 screen_inner_height:1762 screen_inner_width:3756 screen_orientation:landscape-primary screen_outer_height:1841 screen_outer_width:3771 storage_persisted:false storage_quota:2.6476685321e+11 storage_usage:4.8234496e+07 timezone:America/New_York userActivation:map[hasBeenActive:false isActive:false] userAgent:Mozilla/5.0 (Windows NT 10.0; Win64; x64; rv:128.0) Gecko/20100101 Firefox/128.0 userAgentData:map[brands:[map[brand:Chromium version:116] map[brand:Not)A;Brand version:24] map[brand:Google Chrome version:116]] mobile:false platform:windows uaFullVersion:116.0.0.0] vendor: webdriver:false webdriverString:function () { [native code] }]
2026/03/09 13:57:00 NAV_DATA JSON: map[Notification_permission:default appVersion:5.0 (Windows NT 10.0; Win64; x64; rv:128.0) Gecko/20100101 Firefox/128.0 audio_worklet_available:true battery_status:map[charging:false chargingTime:0 dischargingTime:8370 level:0.832584477393278] connection:map[downlink:2.0307438160882754 effectiveType:4g rtt:94.86327299509163] cookieEnabled:true deviceMemory:32 gpu_present:true hardwareConcurrency:8 intl_locale:en-US intl_timezone:America/New_York keyboard:map[] language:en-US languages:[en-US en] locks:map[] maxTouchPoints:0 media_devices:[] media_query_any_hover:hover media_query_any_pointer:fine media_query_hover:hover media_query_pointer:fine offscreen_canvas_available:true pdfViewerEnabled:true permissions_notifications_state:default platform:Win32 productSub:20100101 scheduling:map[isInputPending:false] screen_color_depth:24 screen_inner_height:1062 screen_inner_width:2019 screen_orientation:landscape-primary screen_outer_height:1144 screen_outer_width:2034 storage_persisted:false storage_quota:0 storage_usage:4.86539264e+08 timezone:America/New_York userActivation:map[hasBeenActive:false isActive:false] userAgent:Mozilla/5.0 (Windows NT 10.0; Win64; x64; rv:128.0) Gecko/20100101 Firefox/128.0 userAgentData:map[brands:[map[brand:Chromium version:116] map[brand:Not)A;Brand version:24] map[brand:Google Chrome version:116]] mobile:false platform:windows uaFullVersion:116.0.0.0] vendor: webdriver:false webdriverString:function () { [native code] } webrtc_data:map[ice_candidates:[candidate:0 1 UDP 2122252543 d1e1b42c-72b6-5f68-a922-3ae43d88b008.local 58349 typ host]]]
2026/03/09 13:57:00 NAV_DATA JSON: map[Notification_permission:default appVersion:5.0 (Windows NT 10.0; Win64; x64; rv:128.0) Gecko/20100101 Firefox/128.0 audio_worklet_available:true battery_status:map[charging:false chargingTime:0 dischargingTime:13498 level:0.9007425268805926] connection:map[downlink:1.3255577686019724 effectiveType:4g rtt:65.5421676233658] cookieEnabled:true deviceMemory:16 gpu_present:true hardwareConcurrency:7 intl_locale:en-US intl_timezone:America/New_York keyboard:map[] language:en-US languages:[en-US en] locks:map[] maxTouchPoints:0 media_devices:[map[deviceId:3a9c2ea8be7c8e3971624a4c435050000683cca040f768c8d30926072303a8d3 groupId:345a6322ac205bd72b12bf5321371c7a1eae69e513608a3fab002e7e9cf91c68 kind:audioinput label:Internal Microphone] map[deviceId:default groupId:345a6322ac205bd72b12bf5321371c7a1eae69e513608a3fab002e7e9cf91c68 kind:audiooutput label:Default - Speakers] map[deviceId:23479211c4cf16b5d05cba472fc9b4d9cc1a48ff4729f5badaa8b174da9ca00c groupId:345a6322ac205bd72b12bf5321371c7a1eae69e513608a3fab002e7e9cf91c68 kind:audiooutput label:Built-in Output] map[deviceId:c772c8cb7d15f320000ec2c29ee665676033a15047426bb67fb01f95b08b4b9c groupId:0ec8d5c8e912b3330df2904a1def22bf5421eccf6ce09c2f556df2108a70a8b9 kind:videoinput label:FaceTime HD Camera]] media_query_any_hover:hover media_query_any_pointer:fine media_query_hover:hover media_query_pointer:fine offscreen_canvas_available:true pdfViewerEnabled:true permissions_notifications_state:default platform:Win32 productSub:20100101 scheduling:map[isInputPending:false] screen_color_depth:24 screen_inner_height:947 screen_inner_width:1806 screen_orientation:portrait-primary screen_outer_height:1024 screen_outer_width:1822 storage_persisted:false storage_quota:4.67905540881e+11 storage_usage:4.6137344e+07 timezone:America/New_York userActivation:map[hasBeenActive:false isActive:false] userAgent:Mozilla/5.0 (Windows NT 10.0; Win64; x64; rv:128.0) Gecko/20100101 Firefox/128.0 userAgentData:map[brands:[map[brand:Chromium version:116] map[brand:Not)A;Brand version:24] map[brand:Google Chrome version:116]] mobile:false platform:windows uaFullVersion:116.0.0.0] vendor: webdriver:false webdriverString:function () { [native code] } webrtc_data:map[ice_candidates:[]]]
2026/03/09 13:57:00 NAV_DATA JSON: map[Notification_permission:default appVersion:5.0 (Windows NT 10.0; Win64; x64; rv:128.0) Gecko/20100101 Firefox/128.0 audio_worklet_available:true battery_status:map[charging:false chargingTime:0 dischargingTime:4991 level:0.6201994778379253] connection:map[downlink:8.763544030171786 effectiveType:4g rtt:197.94107724813097] cookieEnabled:true deviceMemory:8 gpu_present:true hardwareConcurrency:4 intl_locale:en-US intl_timezone:America/New_York keyboard:map[] language:en-US languages:[en-US en] locks:map[] maxTouchPoints:0 media_devices:[map[deviceId:e21ac40d002be4e9c6a71cb06a20b1e61a697ddbb1368c8b75fa489497c5e546 groupId:23b57b43b2cb65468532fa63cd3566f01e901c388a715036097a706720e6ffbd kind:audioinput label:Internal Microphone] map[deviceId:default groupId:23b57b43b2cb65468532fa63cd3566f01e901c388a715036097a706720e6ffbd kind:audiooutput label:Default - Speakers] map[deviceId:05be56a4ff0a8b27704246702e168cb0531d8b2ab929aeda9ebdd8e78cf570d8 groupId:23b57b43b2cb65468532fa63cd3566f01e901c388a715036097a706720e6ffbd kind:audiooutput label:Built-in Output]] media_query_any_hover:none media_query_any_pointer:fine media_query_hover:none media_query_pointer:fine offscreen_canvas_available:true pdfViewerEnabled:true permissions_notifications_state:default platform:Win32 productSub:20100101 scheduling:map[isInputPending:false] screen_color_depth:32 screen_inner_height:1232 screen_inner_width:2281 screen_orientation:landscape-primary screen_outer_height:1292 screen_outer_width:2298 storage_persisted:false storage_quota:2.20313005432e+11 storage_usage:4.36207616e+08 timezone:America/New_York userActivation:map[hasBeenActive:false isActive:false] userAgent:Mozilla/5.0 (Windows NT 10.0; Win64; x64; rv:128.0) Gecko/20100101 Firefox/128.0 userAgentData:map[brands:[map[brand:Chromium version:116] map[brand:Not)A;Brand version:24] map[brand:Google Chrome version:116]] mobile:false platform:windows uaFullVersion:116.0.0.0] vendor: webdriver:false webdriverString:function () { [native code] } webrtc_data:map[ice_candidates:[candidate:0 1 UDP 2122252543 bfa7eb8a-ed16-7dc7-d09e-e1853051c716.local 58349 typ host]]]
2026/03/09 13:57:00 NAV_DATA JSON: map[Notification_permission:default appVersion:5.0 (Windows NT 10.0; Win64; x64; rv:128.0) Gecko/20100101 Firefox/128.0 audio_worklet_available:true battery_status:map[charging:true chargingTime:0 dischargingTime:1e+308 level:1] connection:map[downlink:7.202463834671509 effectiveType:4g rtt:199.8223221181675] cookieEnabled:true deviceMemory:32 gpu_present:true hardwareConcurrency:8 intl_locale:en-US intl_timezone:America/New_York keyboard:map[] language:en-US languages:[en-US en] locks:map[] maxTouchPoints:0 media_devices:[map[deviceId:58c6f600b37f4d492ddc658e92dafbac22ddf01aacba5268317bc504b61c03db groupId:73878e5048ad6535bcfcc64b5c5b4cdc6619aa54ec22207ba799fe15ee64772f kind:audioinput label:Internal Microphone] map[deviceId:default groupId:73878e5048ad6535bcfcc64b5c5b4cdc6619aa54ec22207ba799fe15ee64772f kind:audiooutput label:Default - Speakers] map[deviceId:0d719ae1eb1a2524cc709e9c63b7b188cb50df750428cc75551f07425ed90022 groupId:73878e5048ad6535bcfcc64b5c5b4cdc6619aa54ec22207ba799fe15ee64772f kind:audiooutput label:Built-in Output] map[deviceId:8dee4a50b9a1896eb12f5a72f5bf702eb45392cbdf1924d1800b2a85e17cdf23 groupId:8a55a913966c5e2ef03a6831e8ce982b5b40720bfd56e8724c7095e689e31299 kind:videoinput label:FaceTime HD Camera]] media_query_any_hover:none media_query_any_pointer:none media_query_hover:none media_query_pointer:none offscreen_canvas_available:true pdfViewerEnabled:true permissions_notifications_state:denied platform:Win32 productSub:20100101 scheduling:map[isInputPending:false] screen_color_depth:24 screen_inner_height:1641 screen_inner_width:3011 screen_orientation:landscape-primary screen_outer_height:1702 screen_outer_width:3026 storage_persisted:false storage_quota:5.07901203207e+11 storage_usage:3.89021696e+08 timezone:America/New_York userActivation:map[hasBeenActive:false isActive:false] userAgent:Mozilla/5.0 (Windows NT 10.0; Win64; x64; rv:128.0) Gecko/20100101 Firefox/128.0 userAgentData:map[brands:[map[brand:Chromium version:116] map[brand:Not)A;Brand version:24] map[brand:Google Chrome version:116]] mobile:false platform:windows uaFullVersion:116.0.0.0] vendor: webdriver:false webdriverString:function () { [native code] } webrtc_data:map[ice_candidates:[candidate:0 1 UDP 2122252543 2aa57886-b625-c7a1-3c95-74a17a35f3db.local 58349 typ host]]]
2026/03/09 13:57:00 NAV_DATA JSON: map[Notification_permission:default appVersion:5.0 (Windows NT 10.0; Win64; x64; rv:128.0) Gecko/20100101 Firefox/128.0 audio_worklet_available:true battery_status:map[charging:false chargingTime:0 dischargingTime:4386 level:0.4756400518499074] connection:map[downlink:3.662944848752398 effectiveType:4g rtt:92.01001289059501] cookieEnabled:true deviceMemory:32 gpu_present:true hardwareConcurrency:12 intl_locale:en-US intl_timezone:America/New_York keyboard:map[] language:en-US languages:[en-US en] locks:map[] maxTouchPoints:0 media_devices:[map[deviceId:54afbbaa142f515489bac81811d5c2f1c13f316a84de4e28da3b3ee0427a4446 groupId:8c9ceae2c5b8a7e60830edf4d739c09e53bdd192353ae67ab863b36502fc88e5 kind:audioinput label:Internal Microphone] map[deviceId:default groupId:8c9ceae2c5b8a7e60830edf4d739c09e53bdd192353ae67ab863b36502fc88e5 kind:audiooutput label:Default - Speakers] map[deviceId:57dda6012a7658de0c5cf2a1564638ffb2d45603e9db00a70c1581ef3fb913ee groupId:8c9ceae2c5b8a7e60830edf4d739c09e53bdd192353ae67ab863b36502fc88e5 kind:audiooutput label:Built-in Output]] media_query_any_hover:hover media_query_any_pointer:fine media_query_hover:hover media_query_pointer:fine offscreen_canvas_available:true pdfViewerEnabled:true permissions_notifications_state:default platform:Win32 productSub:20100101 scheduling:map[isInputPending:false] screen_color_depth:32 screen_inner_height:2169 screen_inner_width:4480 screen_orientation:landscape-primary screen_outer_height:2237 screen_outer_width:4497 storage_persisted:false storage_quota:3.4801962569e+11 storage_usage:4.718592e+08 timezone:America/New_York userActivation:map[hasBeenActive:false isActive:false] userAgent:Mozilla/5.0 (Windows NT 10.0; Win64; x64; rv:128.0) Gecko/20100101 Firefox/128.0 userAgentData:map[brands:[map[brand:Chromium version:116] map[brand:Not)A;Brand version:24] map[brand:Google Chrome version:116]] mobile:false platform:windows uaFullVersion:116.0.0.0] vendor: webdriver:false webdriverString:function () { [native code] } webrtc_data:map[ice_candidates:[candidate:0 1 UDP 2122252543 ded59de5-acaf-fcfc-46da-5ba8016917cf.local 58349 typ host]]]
2026/03/09 13:57:00 NAV_DATA JSON: map[Notification_permission:default appVersion:5.0 (Windows NT 10.0; Win64; x64; rv:128.0) Gecko/20100101 Firefox/128.0 audio_worklet_available:true battery_status:map[charging:true chargingTime:0 dischargingTime:1e+308 level:1] connection:map[downlink:3.8441784315336878 effectiveType:4g rtt:152.1720320352984] cookieEnabled:true deviceMemory:4 gpu_present:false hardwareConcurrency:8 intl_locale:en-US intl_timezone:America/New_York keyboard:map[] language:en-US languages:[en-US en] locks:map[] maxTouchPoints:0 media_devices:[] media_query_any_hover:hover media_query_any_pointer:none media_query_hover:hover media_query_pointer:none offscreen_canvas_available:true pdfViewerEnabled:true permissions_notifications_state:denied platform:Win32 productSub:20100101 scheduling:map[isInputPending:false] screen_color_depth:24 screen_inner_height:1899 screen_inner_width:3878 screen_orientation:landscape-primary screen_outer_height:1979 screen_outer_width:3893 storage_persisted:false storage_quota:0 storage_usage:5.8720256e+07 timezone:America/New_York userActivation:map[hasBeenActive:false isActive:false] userAgent:Mozilla/5.0 (Windows NT 10.0; Win64; x64; rv:128.0) Gecko/20100101 Firefox/128.0 userAgentData:map[brands:[map[brand:Chromium version:116] map[brand:Not)A;Brand version:24] map[brand:Google Chrome version:116]] mobile:false platform:windows uaFullVersion:116.0.0.0] vendor: webdriver:false webdriverString:function () { [native code] }]
2026/03/09 13:57:00 NAV_DATA JSON: map[Notification_permission:default appVersion:5.0 (Windows NT 10.0; Win64; x64; rv:128.0) Gecko/20100101 Firefox/128.0 audio_worklet_available:true battery_status:map[charging:false chargingTime:0 dischargingTime:2957 level:0.590958853800065] connection:map[downlink:4.516862234133503 effectiveType:4g rtt:72.61501133785882] cookieEnabled:true deviceMemory:16 gpu_present:true hardwareConcurrency:7 intl_locale:en-US intl_timezone:America/New_York keyboard:map[] language:en-US languages:[en-US en] locks:map[] maxTouchPoints:0 media_devices:[] media_query_any_hover:hover media_query_any_pointer:fine media_query_hover:hover media_query_pointer:fine offscreen_canvas_available:true pdfViewerEnabled:true permissions_notifications_state:default platform:Win32 productSub:20100101 scheduling:map[isInputPending:false] screen_color_depth:32 screen_inner_height:1095 screen_inner_width:2418 screen_orientation:portrait-primary screen_outer_height:1160 screen_outer_width:2433 storage_persisted:false storage_quota:1.60720256036e+11 storage_usage:1.76160768e+08 timezone:America/New_York userActivation:map[hasBeenActive:false isActive:false] userAgent:Mozilla/5.0 (Windows NT 10.0; Win64; x64; rv:128.0) Gecko/20100101 Firefox/128.0 userAgentData:map[brands:[map[brand:Chromium version:116] map[brand:Not)A;Brand version:24] map[brand:Google Chrome version:116]] mobile:false platform:windows uaFullVersion:116.0.0.0] vendor: webdriver:false webdriverString:function () { [native code] } webrtc_data:map[ice_candidates:[candidate:0 1 UDP 2122252543 805f9d3d-961d-a912-9ff8-b0a7d9a54d1a.local 58349 typ host]]]
2026/03/09 13:57:00 NAV_DATA JSON: map[Notification_permission:default appVersion:5.0 (Windows NT 10.0; Win64; x64; rv:128.0) Gecko/20100101 Firefox/128.0 audio_worklet_available:true battery_status:map[charging:true chargingTime:2537 dischargingTime:1e+308 level:0.5920954306743287] connection:map[downlink:2.275437889054916 effectiveType:4g rtt:159.34377443689215] cookieEnabled:true deviceMemory:16 gpu_present:true hardwareConcurrency:8 intl_locale:en-US intl_timezone:America/New_York keyboard:map[] language:en-US languages:[en-US en] locks:map[] maxTouchPoints:0 media_devices:[map[deviceId:ad20eeef70604bf2c7ec61d6869119aee5333a138a11bd21d88d578bc0aa3a65 groupId:60f674f7b3008c3d54156c2a7d40ab33cf73545dc9a25dfaeff88ae4f7880ed0 kind:audioinput label:Internal Microphone] map[deviceId:default groupId:60f674f7b3008c3d54156c2a7d40ab33cf73545dc9a25dfaeff88ae4f7880ed0 kind:audiooutput label:Default - Speakers] map[deviceId:a15aa1159ebc0a6785b13196fe640dd3aa7d5c7a6492f02ca88ba651e6d541b9 groupId:60f674f7b3008c3d54156c2a7d40ab33cf73545dc9a25dfaeff88ae4f7880ed0 kind:audiooutput label:Built-in Output]] media_query_any_hover:none media_query_any_pointer:fine media_query_hover:none media_query_pointer:fine offscreen_canvas_available:true pdfViewerEnabled:true permissions_notifications_state:default platform:Win32 productSub:20100101 scheduling:map[isInputPending:false] screen_color_depth:32 screen_inner_height:1520 screen_inner_width:2845 screen_orientation:landscape-primary screen_outer_height:1610 screen_outer_width:2862 storage_persisted:false storage_quota:2.47926886394e+11 storage_usage:1.38412032e+08 timezone:America/New_York userActivation:map[hasBeenActive:false isActive:false] userAgent:Mozilla/5.0 (Windows NT 10.0; Win64; x64; rv:128.0) Gecko/20100101 Firefox/128.0 userAgentData:map[brands:[map[brand:Chromium version:116] map[brand:Not)A;Brand version:24] map[brand:Google Chrome version:116]] mobile:false platform:windows uaFullVersion:116.0.0.0] vendor: webdriver:false webdriverString:function () { [native code] }]
2026/03/09 13:57:00 NAV_DATA JSON: map[Notification_permission:default appVersion:5.0 (Windows NT 10.0; Win64; x64; rv:128.0) Gecko/20100101 Firefox/128.0 audio_worklet_available:true battery_status:map[charging:true chargingTime:2112 dischargingTime:1e+308 level:0.6162808009003021] connection:map[downlink:9.8887133396039 effectiveType:4g rtt:130.82336154680166] cookieEnabled:true deviceMemory:32 gpu_present:true hardwareConcurrency:16 intl_locale:en-US intl_timezone:America/New_York keyboard:map[] language:en-US languages:[en-US en] locks:map[] maxTouchPoints:0 media_devices:[] media_query_any_hover:hover media_query_any_pointer:fine media_query_hover:hover media_query_pointer:fine offscreen_canvas_available:true pdfViewerEnabled:true permissions_notifications_state:default platform:Win32 productSub:20100101 scheduling:map[isInputPending:false] screen_color_depth:32 screen_inner_height:984 screen_inner_width:1841 screen_orientation:landscape-primary screen_outer_height:1044 screen_outer_width:1857 storage_persisted:false storage_quota:0 storage_usage:2.64241152e+08 timezone:America/New_York userActivation:map[hasBeenActive:false isActive:false] userAgent:Mozilla/5.0 (Windows NT 10.0; Win64; x64; rv:128.0) Gecko/20100101 Firefox/128.0 userAgentData:map[brands:[map[brand:Chromium version:116] map[brand:Not)A;Brand version:24] map[brand:Google Chrome version:116]] mobile:false platform:windows uaFullVersion:116.0.0.0] vendor: webdriver:false webdriverString:function () { [native code] } webrtc_data:map[ice_candidates:[candidate:0 1 UDP 2122252543 23cf19e9-0ca9-6018-e3c2-82a80c6d2c42.local 58349 typ host]]]
2026/03/09 13:57:00 NAV_DATA JSON: map[Notification_permission:default appVersion:5.0 (Windows NT 10.0; Win64; x64; rv:128.0) Gecko/20100101 Firefox/128.0 audio_worklet_available:true battery_status:map[charging:true chargingTime:0 dischargingTime:1e+308 level:1] connection:map[downlink:1.7124409490906314 effectiveType:4g rtt:111.56925632928217] cookieEnabled:true deviceMemory:16 gpu_present:false hardwareConcurrency:8 intl_locale:en-US intl_timezone:America/New_York keyboard:map[] language:en-US languages:[en-US en] locks:map[] maxTouchPoints:0 media_devices:[map[deviceId:fd08847da93942733fe0a3050a5d8a2a30dd08a2c8cc49819038ff60a6e663b3 groupId:7083a13ea8148f50c664e5f6da0060cb84868e4d866255e4ebfe9f9641cf5d70 kind:audioinput label:Internal Microphone] map[deviceId:default groupId:7083a13ea8148f50c664e5f6da0060cb84868e4d866255e4ebfe9f9641cf5d70 kind:audiooutput label:Default - Speakers] map[deviceId:ec6a27422862101795f337cfa627db0be4f87eb12b8f94f5408c8cb0b3936e41 groupId:7083a13ea8148f50c664e5f6da0060cb84868e4d866255e4ebfe9f9641cf5d70 kind:audiooutput label:Built-in Output] map[deviceId:6590639304fc1a2084ecb97ba4da28baadabfb987bf72228758810da73888740 groupId:5cc59d6019100a133034484e2c7111c5d62fa5ad136245bc1d4a9c49596d274d kind:videoinput label:FaceTime HD Camera]] media_query_any_hover:hover media_query_any_pointer:fine media_query_hover:hover media_query_pointer:fine offscreen_canvas_available:true pdfViewerEnabled:true permissions_notifications_state:denied platform:Win32 productSub:20100101 scheduling:map[isInputPending:false] screen_color_depth:24 screen_inner_height:1889 screen_inner_width:3486 screen_orientation:portrait-primary screen_outer_height:1970 screen_outer_width:3503 storage_persisted:false storage_quota:3.3036679097e+11 storage_usage:1.2058624e+08 timezone:America/New_York userActivation:map[hasBeenActive:false isActive:false] userAgent:Mozilla/5.0 (Windows NT 10.0; Win64; x64; rv:128.0) Gecko/20100101 Firefox/128.0 userAgentData:map[brands:[map[brand:Chromium version:116] map[brand:Not)A;Brand version:24] map[brand:Google Chrome version:116]] mobile:false platform:windows uaFullVersion:116.0.0.0] vendor: webdriver:false webdriverString:function () { [native code] } webrtc_data:map[ice_candidates:[candidate:0 1 UDP 2122252543 c17ed089-34c8-34b5-152d-b15faa1caee0.local 58349 typ host]]]
  Firefox 128 Windows: 20/20 detected (100%)
FAIL
FAIL	github.com/skunkworq/stealth/brws/adversarial	1.070s
ok  	github.com/skunkworq/stealth/brws/adversarial/captcha	(cached)
FAIL
